interactions:
- request:
    body: null
    headers:
      Accept: ['*/*']
      Accept-Encoding: ['gzip, deflate']
      Connection: [keep-alive]
      Cookie: [AWSELB=07A771471E264EA5ADF82F0AA634B8F4B8E2289A6927388BE509EDE3E3AD87A2A2349BCF3B830BCBF5517ED5B7F1781F8FAF368BEFDB45B8724B74F9BAF006F829FAB04EDBA7122B601012194453AF0A609E351ACD;
          JSESSIONID=0363DC4E8682D9C7B5C9F1F96919F649.node01]
      User-Agent: [python-requests/2.13.0]
    method: GET
    uri: https://vector.geobigdata.io/insight-vector/api/index/query/vector-gbdx-alpha-catalog-v2-*/paging?count=100&upper=90.0&lower=-90.0&right=180.0&q=item_type%3AIDAHOImage+AND+attributes.catalogID%3A104001002838EC00+AND+attributes.colorInterpretation%3APAN&ttl=5m&left=-180.0
  response:
    body: {string: !!python/unicode '{ "data" : [{"type":"Feature","geometry":{"type":"MultiPolygon","coordinates":[[[[-85.82929725,10.40608254],[-85.68484979,10.42529084],[-85.68402426,10.29600435],[-85.82949371,10.27590123],[-85.82929725,10.40608254]]]]},"properties":{"ingest_source":"GBDX_INGEST_ALPHA","access":{"groups":["_ALL_"],"users":["_ALL_"]},"item_date":"2017-02-07T16:45:12.018Z","original_crs":"EPSG:4326","item_type":["GBDXCatalogRecord","IDAHOImage","DigitalGlobeProduct","WV03_VNIR"],"format":null,"ingest_date":"2017-06-17T14:01:13.625Z","source":null,"name":null,"attributes":{"profileName":"dg_1b","tilePartition":"0000","acquisitionDate":"2017-02-07T16:45:12.018Z","bucketName":"idaho-images","numBands_int":1,"sunAzimuth_dbl":144.6,"nativeTileFileFormat":"PNG","colorInterpretation":"PAN","cloudCover_int":0,"idahoImageId":"579a8eaf-7982-4d02-b4b9-397f905cb475","satAzimuth_dbl":223.1,"satElevation_dbl":60.4,"pniirs_dbl":5.4,"numYTiles_int":38,"tileXOffset_int":0,"epsgCode":"4326","vendor":"DigitalGlobe","sunElevation_dbl":59.0,"platformName":"WORLDVIEW03_VNIR","imageHeight_int":38408,"numXTiles_int":42,"sensorPlatformName":"WORLDVIEW03_VNIR","sensorName":"Panchromatic","dataType":"UNSIGNED_SHORT","imageWidth_int":42500,"tileXSize_int":1024,"tileYSize_int":1024,"offNadirAngle_dbl":26.7,"tileBucketName":"idaho-images","vendorName":"DigitalGlobe","version":"1.0","tileYOffset_int":0,"catalogID":"104001002838EC00","vendorDatasetIdentifier":"LV1B:056165420010_01_P007:104001002838EC00:A01001025E726A00","groundSampleDistanceMeters_dbl":0.376},"ingest_attributes":{"_rest_user":"acquisitionsvc","_rest_url":"https://vector.geobigdata.io/insight-vector/api/vectors/gbdx-alpha-catalog-v2-%257Bitem_date%253Ayyyy%257D"},"id":"579a8eaf-7982-4d02-b4b9-397f905cb475","text":""}},{"type":"Feature","geometry":{"type":"MultiPolygon","coordinates":[[[[-85.82893982,10.81867523],[-85.68555111,10.83719585],[-85.68449176,10.70817731],[-85.82907649,10.68849767],[-85.82893982,10.81867523]]]]},"properties":{"ingest_source":"GBDX_INGEST_ALPHA","access":{"groups":["_ALL_"],"users":["_ALL_"]},"item_date":"2017-02-07T16:45:05.931Z","original_crs":"EPSG:4326","item_type":["GBDXCatalogRecord","IDAHOImage","DigitalGlobeProduct","WV03_VNIR"],"format":null,"ingest_date":"2017-06-15T07:07:27.499Z","source":null,"name":null,"attributes":{"profileName":"dg_1b","tilePartition":"0000","acquisitionDate":"2017-02-07T16:45:05.931Z","bucketName":"idaho-images","numBands_int":1,"sunAzimuth_dbl":145.0,"nativeTileFileFormat":"PNG","colorInterpretation":"PAN","cloudCover_int":0,"idahoImageId":"484c6ce3-8f8d-456d-b41d-feba27c810ba","satAzimuth_dbl":221.4,"satElevation_dbl":60.7,"pniirs_dbl":5.4,"numYTiles_int":38,"tileXOffset_int":0,"epsgCode":"4326","vendor":"DigitalGlobe","sunElevation_dbl":58.6,"platformName":"WORLDVIEW03_VNIR","imageHeight_int":38404,"numXTiles_int":42,"sensorPlatformName":"WORLDVIEW03_VNIR","sensorName":"Panchromatic","dataType":"UNSIGNED_SHORT","imageWidth_int":42500,"tileXSize_int":1024,"tileYSize_int":1024,"offNadirAngle_dbl":26.5,"tileBucketName":"idaho-images","vendorName":"DigitalGlobe","version":"1.0","tileYOffset_int":0,"catalogID":"104001002838EC00","vendorDatasetIdentifier":"LV1B:056165420010_01_P003:104001002838EC00:A01001025E729400","groundSampleDistanceMeters_dbl":0.375},"ingest_attributes":{"_rest_user":"acquisitionsvc","_rest_url":"https://vector.geobigdata.io/insight-vector/api/vectors/gbdx-alpha-catalog-v2-%257Bitem_date%253Ayyyy%257D"},"id":"484c6ce3-8f8d-456d-b41d-feba27c810ba","text":""}},{"type":"Feature","geometry":{"type":"MultiPolygon","coordinates":[[[[-85.82958424,10.0969036],[-85.68499042,10.11590445],[-85.6836112,9.98719598],[-85.82972943,9.96686083],[-85.82958424,10.0969036]]]]},"properties":{"ingest_source":"GBDX_INGEST_ALPHA","access":{"groups":["_ALL_"],"users":["_ALL_"]},"item_date":"2017-02-07T16:45:16.583Z","original_crs":"EPSG:4326","item_type":["GBDXCatalogRecord","IDAHOImage","DigitalGlobeProduct","WV03_VNIR"],"format":null,"ingest_date":"2017-06-15T21:12:10.737Z","source":null,"name":null,"attributes":{"profileName":"dg_1b","tilePartition":"0000","acquisitionDate":"2017-02-07T16:45:16.583Z","bucketName":"idaho-images","numBands_int":1,"sunAzimuth_dbl":144.4,"nativeTileFileFormat":"PNG","colorInterpretation":"PAN","cloudCover_int":0,"idahoImageId":"0f6aaf6a-7e8a-49f8-8b09-d209dd95f310","satAzimuth_dbl":224.3,"satElevation_dbl":60.3,"pniirs_dbl":5.4,"numYTiles_int":38,"tileXOffset_int":0,"epsgCode":"4326","vendor":"DigitalGlobe","sunElevation_dbl":59.3,"platformName":"WORLDVIEW03_VNIR","imageHeight_int":38412,"numXTiles_int":42,"sensorPlatformName":"WORLDVIEW03_VNIR","sensorName":"Panchromatic","dataType":"UNSIGNED_SHORT","imageWidth_int":42500,"tileXSize_int":1024,"tileYSize_int":1024,"offNadirAngle_dbl":26.8,"tileBucketName":"idaho-images","vendorName":"DigitalGlobe","version":"1.0","tileYOffset_int":0,"catalogID":"104001002838EC00","vendorDatasetIdentifier":"LV1B:056165420010_01_P010:104001002838EC00:A01001025E725E00","groundSampleDistanceMeters_dbl":0.377},"ingest_attributes":{"_rest_user":"acquisitionsvc","_rest_url":"https://vector.geobigdata.io/insight-vector/api/vectors/gbdx-alpha-catalog-v2-%257Bitem_date%253Ayyyy%257D"},"id":"0f6aaf6a-7e8a-49f8-8b09-d209dd95f310","text":""}},{"type":"Feature","geometry":{"type":"MultiPolygon","coordinates":[[[[-85.82950162,10.19991869],[-85.68506436,10.21888305],[-85.6849708,10.08889286],[-85.82960616,10.0698825],[-85.82950162,10.19991869]]]]},"properties":{"ingest_source":"GBDX_INGEST_ALPHA","access":{"groups":["_ALL_"],"users":["_ALL_"]},"item_date":"2017-02-07T16:45:15.061Z","original_crs":"EPSG:4326","item_type":["GBDXCatalogRecord","IDAHOImage","DigitalGlobeProduct","WV03_VNIR"],"format":null,"ingest_date":"2017-06-16T09:25:01.499Z","source":null,"name":null,"attributes":{"profileName":"dg_1b","tilePartition":"0000","acquisitionDate":"2017-02-07T16:45:15.061Z","bucketName":"idaho-images","numBands_int":1,"sunAzimuth_dbl":144.5,"nativeTileFileFormat":"PNG","colorInterpretation":"PAN","cloudCover_int":0,"idahoImageId":"8a137140-6e20-41ad-bb56-7bdfe96573b9","satAzimuth_dbl":223.9,"satElevation_dbl":60.3,"pniirs_dbl":5.4,"numYTiles_int":38,"tileXOffset_int":0,"epsgCode":"4326","vendor":"DigitalGlobe","sunElevation_dbl":59.2,"platformName":"WORLDVIEW03_VNIR","imageHeight_int":38412,"numXTiles_int":42,"sensorPlatformName":"WORLDVIEW03_VNIR","sensorName":"Panchromatic","dataType":"UNSIGNED_SHORT","imageWidth_int":42500,"tileXSize_int":1024,"tileYSize_int":1024,"offNadirAngle_dbl":26.8,"tileBucketName":"idaho-images","vendorName":"DigitalGlobe","version":"1.0","tileYOffset_int":0,"catalogID":"104001002838EC00","vendorDatasetIdentifier":"LV1B:056165420010_01_P009:104001002838EC00:A01001025E726E00","groundSampleDistanceMeters_dbl":0.377},"ingest_attributes":{"_rest_user":"acquisitionsvc","_rest_url":"https://vector.geobigdata.io/insight-vector/api/vectors/gbdx-alpha-catalog-v2-%257Bitem_date%253Ayyyy%257D"},"id":"8a137140-6e20-41ad-bb56-7bdfe96573b9","text":""}},{"type":"Feature","geometry":{"type":"MultiPolygon","coordinates":[[[[-85.82959724,10.30277905],[-85.68413321,10.32291966],[-85.68507931,10.19186139],[-85.82950676,10.17293912],[-85.82959724,10.30277905]]]]},"properties":{"ingest_source":"GBDX_INGEST_ALPHA","access":{"groups":["_ALL_"],"users":["_ALL_"]},"item_date":"2017-02-07T16:45:13.539Z","original_crs":"EPSG:4326","item_type":["GBDXCatalogRecord","IDAHOImage","DigitalGlobeProduct","WV03_VNIR"],"format":null,"ingest_date":"2017-06-15T15:52:13.995Z","source":null,"name":null,"attributes":{"profileName":"dg_1b","tilePartition":"0000","acquisitionDate":"2017-02-07T16:45:13.539Z","bucketName":"idaho-images","numBands_int":1,"sunAzimuth_dbl":144.5,"nativeTileFileFormat":"PNG","colorInterpretation":"PAN","cloudCover_int":0,"idahoImageId":"84211807-fa6c-421e-baac-483cc9556793","satAzimuth_dbl":223.5,"satElevation_dbl":60.4,"pniirs_dbl":5.4,"numYTiles_int":38,"tileXOffset_int":0,"epsgCode":"4326","vendor":"DigitalGlobe","sunElevation_dbl":59.1,"platformName":"WORLDVIEW03_VNIR","imageHeight_int":38408,"numXTiles_int":42,"sensorPlatformName":"WORLDVIEW03_VNIR","sensorName":"Panchromatic","dataType":"UNSIGNED_SHORT","imageWidth_int":42500,"tileXSize_int":1024,"tileYSize_int":1024,"offNadirAngle_dbl":26.7,"tileBucketName":"idaho-images","vendorName":"DigitalGlobe","version":"1.0","tileYOffset_int":0,"catalogID":"104001002838EC00","vendorDatasetIdentifier":"LV1B:056165420010_01_P008:104001002838EC00:A01001025E728600","groundSampleDistanceMeters_dbl":0.377},"ingest_attributes":{"_rest_user":"acquisitionsvc","_rest_url":"https://vector.geobigdata.io/insight-vector/api/vectors/gbdx-alpha-catalog-v2-%257Bitem_date%253Ayyyy%257D"},"id":"84211807-fa6c-421e-baac-483cc9556793","text":""}},{"type":"Feature","geometry":{"type":"MultiPolygon","coordinates":[[[[-85.82903065,10.71550932],[-85.68450078,10.73516027],[-85.68435884,10.60510569],[-85.82914615,10.58533202],[-85.82903065,10.71550932]]]]},"properties":{"ingest_source":"GBDX_INGEST_ALPHA","access":{"groups":["_ALL_"],"users":["_ALL_"]},"item_date":"2017-02-07T16:45:07.453Z","original_crs":"EPSG:4326","item_type":["GBDXCatalogRecord","IDAHOImage","DigitalGlobeProduct","WV03_VNIR"],"format":null,"ingest_date":"2017-06-15T18:33:03.653Z","source":null,"name":null,"attributes":{"profileName":"dg_1b","tilePartition":"0000","acquisitionDate":"2017-02-07T16:45:07.453Z","bucketName":"idaho-images","numBands_int":1,"sunAzimuth_dbl":144.9,"nativeTileFileFormat":"PNG","colorInterpretation":"PAN","cloudCover_int":0,"idahoImageId":"c5aa6848-fe61-4105-bdb3-8339db05d5b2","satAzimuth_dbl":221.8,"satElevation_dbl":60.6,"pniirs_dbl":5.4,"numYTiles_int":38,"tileXOffset_int":0,"epsgCode":"4326","vendor":"DigitalGlobe","sunElevation_dbl":58.7,"platformName":"WORLDVIEW03_VNIR","imageHeight_int":38408,"numXTiles_int":42,"sensorPlatformName":"WORLDVIEW03_VNIR","sensorName":"Panchromatic","dataType":"UNSIGNED_SHORT","imageWidth_int":42500,"tileXSize_int":1024,"tileYSize_int":1024,"offNadirAngle_dbl":26.5,"tileBucketName":"idaho-images","vendorName":"DigitalGlobe","version":"1.0","tileYOffset_int":0,"catalogID":"104001002838EC00","vendorDatasetIdentifier":"LV1B:056165420010_01_P004:104001002838EC00:A01001025E727600","groundSampleDistanceMeters_dbl":0.375},"ingest_attributes":{"_rest_user":"acquisitionsvc","_rest_url":"https://vector.geobigdata.io/insight-vector/api/vectors/gbdx-alpha-catalog-v2-%257Bitem_date%253Ayyyy%257D"},"id":"c5aa6848-fe61-4105-bdb3-8339db05d5b2","text":""}},{"type":"Feature","geometry":{"type":"MultiPolygon","coordinates":[[[[-85.82920685,10.50922673],[-85.68486905,10.52843829],[-85.68440723,10.39873698],[-85.82978934,10.37856435],[-85.82920685,10.50922673]]]]},"properties":{"ingest_source":"GBDX_INGEST_ALPHA","access":{"groups":["_ALL_"],"users":["_ALL_"]},"item_date":"2017-02-07T16:45:10.496Z","original_crs":"EPSG:4326","item_type":["GBDXCatalogRecord","IDAHOImage","DigitalGlobeProduct","WV03_VNIR"],"format":null,"ingest_date":"2017-06-15T16:14:27.873Z","source":null,"name":null,"attributes":{"profileName":"dg_1b","tilePartition":"0000","acquisitionDate":"2017-02-07T16:45:10.496Z","bucketName":"idaho-images","numBands_int":1,"sunAzimuth_dbl":144.7,"nativeTileFileFormat":"PNG","colorInterpretation":"PAN","cloudCover_int":0,"idahoImageId":"511d78f1-c0b1-4d64-b52b-631bd884edbf","satAzimuth_dbl":222.7,"satElevation_dbl":60.5,"pniirs_dbl":5.4,"numYTiles_int":38,"tileXOffset_int":0,"epsgCode":"4326","vendor":"DigitalGlobe","sunElevation_dbl":58.9,"platformName":"WORLDVIEW03_VNIR","imageHeight_int":38412,"numXTiles_int":42,"sensorPlatformName":"WORLDVIEW03_VNIR","sensorName":"Panchromatic","dataType":"UNSIGNED_SHORT","imageWidth_int":42500,"tileXSize_int":1024,"tileYSize_int":1024,"offNadirAngle_dbl":26.6,"tileBucketName":"idaho-images","vendorName":"DigitalGlobe","version":"1.0","tileYOffset_int":0,"catalogID":"104001002838EC00","vendorDatasetIdentifier":"LV1B:056165420010_01_P006:104001002838EC00:A01001025E728300","groundSampleDistanceMeters_dbl":0.376},"ingest_attributes":{"_rest_user":"acquisitionsvc","_rest_url":"https://vector.geobigdata.io/insight-vector/api/vectors/gbdx-alpha-catalog-v2-%257Bitem_date%253Ayyyy%257D"},"id":"511d78f1-c0b1-4d64-b52b-631bd884edbf","text":""}},{"type":"Feature","geometry":{"type":"MultiPolygon","coordinates":[[[[-85.82968978,9.99384388],[-85.68388581,10.01390799],[-85.68361025,9.98611366],[-85.82973089,9.96577763],[-85.82968978,9.99384388]]]]},"properties":{"ingest_source":"GBDX_INGEST_ALPHA","access":{"groups":["_ALL_"],"users":["_ALL_"]},"item_date":"2017-02-07T16:45:18.105Z","original_crs":"EPSG:4326","item_type":["GBDXCatalogRecord","IDAHOImage","DigitalGlobeProduct","WV03_VNIR"],"format":null,"ingest_date":"2017-06-18T08:31:43.513Z","source":null,"name":null,"attributes":{"profileName":"dg_1b","tilePartition":"0000","acquisitionDate":"2017-02-07T16:45:18.105Z","bucketName":"idaho-images","numBands_int":1,"sunAzimuth_dbl":144.3,"nativeTileFileFormat":"PNG","colorInterpretation":"PAN","cloudCover_int":0,"idahoImageId":"6d3ee386-5c57-4c36-9b31-f781443c4570","satAzimuth_dbl":224.5,"satElevation_dbl":60.2,"pniirs_dbl":5.4,"numYTiles_int":9,"tileXOffset_int":0,"epsgCode":"4326","vendor":"DigitalGlobe","sunElevation_dbl":59.3,"platformName":"WORLDVIEW03_VNIR","imageHeight_int":8292,"numXTiles_int":42,"sensorPlatformName":"WORLDVIEW03_VNIR","sensorName":"Panchromatic","dataType":"UNSIGNED_SHORT","imageWidth_int":42500,"tileXSize_int":1024,"tileYSize_int":1024,"offNadirAngle_dbl":26.9,"tileBucketName":"idaho-images","vendorName":"DigitalGlobe","version":"1.0","tileYOffset_int":0,"catalogID":"104001002838EC00","vendorDatasetIdentifier":"LV1B:056165420010_01_P011:104001002838EC00:A01001025E722D00","groundSampleDistanceMeters_dbl":0.377},"ingest_attributes":{"_rest_user":"acquisitionsvc","_rest_url":"https://vector.geobigdata.io/insight-vector/api/vectors/gbdx-alpha-catalog-v2-%257Bitem_date%253Ayyyy%257D"},"id":"6d3ee386-5c57-4c36-9b31-f781443c4570","text":""}},{"type":"Feature","geometry":{"type":"MultiPolygon","coordinates":[[[[-85.82871643,11.01469624],[-85.6847798,11.03402185],[-85.68484657,10.91415767],[-85.82979631,10.89376305],[-85.82871643,11.01469624]]]]},"properties":{"ingest_source":"GBDX_INGEST_ALPHA","access":{"groups":["_ALL_"],"users":["_ALL_"]},"item_date":"2017-02-07T16:45:03.042Z","original_crs":"EPSG:4326","item_type":["GBDXCatalogRecord","IDAHOImage","DigitalGlobeProduct","WV03_VNIR"],"format":null,"ingest_date":"2017-06-18T21:37:11.289Z","source":null,"name":null,"attributes":{"profileName":"dg_1b","tilePartition":"0000","acquisitionDate":"2017-02-07T16:45:03.042Z","bucketName":"idaho-images","numBands_int":1,"sunAzimuth_dbl":145.2,"nativeTileFileFormat":"PNG","colorInterpretation":"PAN","cloudCover_int":0,"idahoImageId":"296cd243-7cda-4e9b-8d94-d2905faeb946","satAzimuth_dbl":220.6,"satElevation_dbl":60.8,"pniirs_dbl":5.4,"numYTiles_int":35,"tileXOffset_int":0,"epsgCode":"4326","vendor":"DigitalGlobe","sunElevation_dbl":58.5,"platformName":"WORLDVIEW03_VNIR","imageHeight_int":35324,"numXTiles_int":42,"sensorPlatformName":"WORLDVIEW03_VNIR","sensorName":"Panchromatic","dataType":"UNSIGNED_SHORT","imageWidth_int":42500,"tileXSize_int":1024,"tileYSize_int":1024,"offNadirAngle_dbl":26.4,"tileBucketName":"idaho-images","vendorName":"DigitalGlobe","version":"1.0","tileYOffset_int":0,"catalogID":"104001002838EC00","vendorDatasetIdentifier":"LV1B:056165420010_01_P001:104001002838EC00:A01001025E723900","groundSampleDistanceMeters_dbl":0.374},"ingest_attributes":{"_rest_user":"acquisitionsvc","_rest_url":"https://vector.geobigdata.io/insight-vector/api/vectors/gbdx-alpha-catalog-v2-%257Bitem_date%253Ayyyy%257D"},"id":"296cd243-7cda-4e9b-8d94-d2905faeb946","text":""}},{"type":"Feature","geometry":{"type":"MultiPolygon","coordinates":[[[[-85.82910068,10.92161661],[-85.68481464,10.9412538],[-85.68487727,10.81090511],[-85.82896529,10.79164841],[-85.82910068,10.92161661]]]]},"properties":{"ingest_source":"GBDX_INGEST_ALPHA","access":{"groups":["_ALL_"],"users":["_ALL_"]},"item_date":"2017-02-07T16:45:04.409Z","original_crs":"EPSG:4326","item_type":["GBDXCatalogRecord","IDAHOImage","DigitalGlobeProduct","WV03_VNIR"],"format":null,"ingest_date":"2017-06-17T01:57:48.922Z","source":null,"name":null,"attributes":{"profileName":"dg_1b","tilePartition":"0000","acquisitionDate":"2017-02-07T16:45:04.409Z","bucketName":"idaho-images","numBands_int":1,"sunAzimuth_dbl":145.1,"nativeTileFileFormat":"PNG","colorInterpretation":"PAN","cloudCover_int":0,"idahoImageId":"745b3511-a9e1-4822-b723-be2c8486d1a5","satAzimuth_dbl":221.0,"satElevation_dbl":60.7,"pniirs_dbl":5.4,"numYTiles_int":38,"tileXOffset_int":0,"epsgCode":"4326","vendor":"DigitalGlobe","sunElevation_dbl":58.6,"platformName":"WORLDVIEW03_VNIR","imageHeight_int":38408,"numXTiles_int":42,"sensorPlatformName":"WORLDVIEW03_VNIR","sensorName":"Panchromatic","dataType":"UNSIGNED_SHORT","imageWidth_int":42500,"tileXSize_int":1024,"tileYSize_int":1024,"offNadirAngle_dbl":26.4,"tileBucketName":"idaho-images","vendorName":"DigitalGlobe","version":"1.0","tileYOffset_int":0,"catalogID":"104001002838EC00","vendorDatasetIdentifier":"LV1B:056165420010_01_P002:104001002838EC00:A01001025E723D00","groundSampleDistanceMeters_dbl":0.375},"ingest_attributes":{"_rest_user":"acquisitionsvc","_rest_url":"https://vector.geobigdata.io/insight-vector/api/vectors/gbdx-alpha-catalog-v2-%257Bitem_date%253Ayyyy%257D"},"id":"745b3511-a9e1-4822-b723-be2c8486d1a5","text":""}}],"next_paging_id":"DnF1ZXJ5VGhlbkZldGNoHwAAAAAbmXRgFmxXeTZ4THZXVGpDTFZmLUdhVGFiQWcAAAAAGyJeOxZRLW9vTHZaM1FveXJjRXB0bWd1b1hnAAAAABtaL5gWYVdyZkhoYjVSeGFLU1kyT0dIODlKZwAAAAAbR1yTFmtadHYtVDRSUVdDQzVGVmtkS2Y1NmcAAAAAG1yA9hZTcTVGMEJPWFFDdUw3WUF6c1o1QUJ3AAAAABuZdGEWbFd5NnhMdldUakNMVmYtR2FUYWJBZwAAAAAa6anNFkVNZ1JCVUtWUnRpY2VHUzl0RW04dncAAAAAG0dclBZrWnR2LVQ0UlFXQ0M1RlZrZEtmNTZnAAAAABtKfMwWbUJpbmNaNjFUMnVYVDdqRkpMMXRVQQAAAAAbXID3FlNxNUYwQk9YUUN1TDdZQXpzWjVBQncAAAAAG1ovmRZhV3JmSGhiNVJ4YUtTWTJPR0g4OUpnAAAAABsl6_IWT3JPR2NpWjFUenlSa1pOSEt0a200UQAAAAAbbMHQFkVZWVJNMUxIUk8ta09tNEhIanRmc2cAAAAAGyJePBZRLW9vTHZaM1FveXJjRXB0bWd1b1hnAAAAABsAP4QWWnREamNITXZUUzIxcWM3NnNzSDJkQQAAAAAbR1yVFmtadHYtVDRSUVdDQzVGVmtkS2Y1NmcAAAAAGuYAahZzNmRUV0o0elNPaXhhUUZ1Z3BPTkd3AAAAABuZdGIWbFd5NnhMdldUakNMVmYtR2FUYWJBZwAAAAAbXID4FlNxNUYwQk9YUUN1TDdZQXpzWjVBQncAAAAAGwLz2BY1bGx2QVZTQ1Q2aWI4RWlPVHVGd0t3AAAAABsiXj0WUS1vb0x2WjNRb3lyY0VwdG1ndW9YZwAAAAAa2GV9FmE1Vy13M1ZVUlBpUFhOaHRXMEFnVXcAAAAAGwLz2RY1bGx2QVZTQ1Q2aWI4RWlPVHVGd0t3AAAAABseq6sWN0lsOGtMc0RTUWl1ZlpEQVZjMDYtZwAAAAAbIl4-FlEtb29MdlozUW95cmNFcHRtZ3VvWGcAAAAAGnJPHxZQODFjbWZPaVRqdUk2bFdFMkRnYXd3AAAAABrYZX4WYTVXLXczVlVSUGlQWE5odFcwQWdVdwAAAAAbSnzNFm1CaW5jWjYxVDJ1WFQ3akZKTDF0VUEAAAAAG2zB0RZFWVlSTTFMSFJPLWtPbTRISGp0ZnNnAAAAABrpqc4WRU1nUkJVS1ZSdGljZUdTOXRFbTh2dwAAAAAbWi-aFmFXcmZIaGI1UnhhS1NZMk9HSDg5Smc=","item_count":"10","total_count":"10"}'}
    headers:
      access-control-allow-credentials: ['true']
      access-control-allow-headers: ['origin, content-type, accept, authorization']
      access-control-allow-methods: ['GET, POST, PUT, DELETE, OPTIONS, HEAD']
      access-control-allow-origin: ['*']
      connection: [keep-alive]
      content-encoding: [UTF-8]
      content-length: ['18879']
      content-type: [application/json;charset=UTF-8]
      date: ['Tue, 11 Jul 2017 17:23:41 GMT']
      server: [Apache, Weblogic 12.2.1.1]
      strict-transport-security: [max-age=604800 ; includeSubDomains]
      x-content-type-options: [nosniff]
      x-frame-options: [SAMEORIGIN]
      x-permitted-cross-domain-policies: [none]
      x-xss-protection: [1; mode=block]
    status: {code: 200, message: OK}
- request:
    body: !!python/unicode pagingId=DnF1ZXJ5VGhlbkZldGNoHwAAAAAbmXRgFmxXeTZ4THZXVGpDTFZmLUdhVGFiQWcAAAAAGyJeOxZRLW9vTHZaM1FveXJjRXB0bWd1b1hnAAAAABtaL5gWYVdyZkhoYjVSeGFLU1kyT0dIODlKZwAAAAAbR1yTFmtadHYtVDRSUVdDQzVGVmtkS2Y1NmcAAAAAG1yA9hZTcTVGMEJPWFFDdUw3WUF6c1o1QUJ3AAAAABuZdGEWbFd5NnhMdldUakNMVmYtR2FUYWJBZwAAAAAa6anNFkVNZ1JCVUtWUnRpY2VHUzl0RW04dncAAAAAG0dclBZrWnR2LVQ0UlFXQ0M1RlZrZEtmNTZnAAAAABtKfMwWbUJpbmNaNjFUMnVYVDdqRkpMMXRVQQAAAAAbXID3FlNxNUYwQk9YUUN1TDdZQXpzWjVBQncAAAAAG1ovmRZhV3JmSGhiNVJ4YUtTWTJPR0g4OUpnAAAAABsl6_IWT3JPR2NpWjFUenlSa1pOSEt0a200UQAAAAAbbMHQFkVZWVJNMUxIUk8ta09tNEhIanRmc2cAAAAAGyJePBZRLW9vTHZaM1FveXJjRXB0bWd1b1hnAAAAABsAP4QWWnREamNITXZUUzIxcWM3NnNzSDJkQQAAAAAbR1yVFmtadHYtVDRSUVdDQzVGVmtkS2Y1NmcAAAAAGuYAahZzNmRUV0o0elNPaXhhUUZ1Z3BPTkd3AAAAABuZdGIWbFd5NnhMdldUakNMVmYtR2FUYWJBZwAAAAAbXID4FlNxNUYwQk9YUUN1TDdZQXpzWjVBQncAAAAAGwLz2BY1bGx2QVZTQ1Q2aWI4RWlPVHVGd0t3AAAAABsiXj0WUS1vb0x2WjNRb3lyY0VwdG1ndW9YZwAAAAAa2GV9FmE1Vy13M1ZVUlBpUFhOaHRXMEFnVXcAAAAAGwLz2RY1bGx2QVZTQ1Q2aWI4RWlPVHVGd0t3AAAAABseq6sWN0lsOGtMc0RTUWl1ZlpEQVZjMDYtZwAAAAAbIl4-FlEtb29MdlozUW95cmNFcHRtZ3VvWGcAAAAAGnJPHxZQODFjbWZPaVRqdUk2bFdFMkRnYXd3AAAAABrYZX4WYTVXLXczVlVSUGlQWE5odFcwQWdVdwAAAAAbSnzNFm1CaW5jWjYxVDJ1WFQ3akZKTDF0VUEAAAAAG2zB0RZFWVlSTTFMSFJPLWtPbTRISGp0ZnNnAAAAABrpqc4WRU1nUkJVS1ZSdGljZUdTOXRFbTh2dwAAAAAbWi-aFmFXcmZIaGI1UnhhS1NZMk9HSDg5Smc%3D&ttl=5m
    headers:
      Accept: ['*/*']
      Accept-Encoding: ['gzip, deflate']
      Connection: [keep-alive]
      Content-Length: ['1322']
      Content-Type: [application/x-www-form-urlencoded]
      Cookie: [AWSELB=07A771471E264EA5ADF82F0AA634B8F4B8E2289A6927388BE509EDE3E3AD87A2A2349BCF3B830BCBF5517ED5B7F1781F8FAF368BEFDB45B8724B74F9BAF006F829FAB04EDBA7122B601012194453AF0A609E351ACD;
          JSESSIONID=0363DC4E8682D9C7B5C9F1F96919F649.node01]
      User-Agent: [python-requests/2.13.0]
    method: POST
    uri: https://vector.geobigdata.io/insight-vector/api/vectors/paging
  response:
    body: {string: !!python/unicode '{ "data" : [],"next_paging_id":"DnF1ZXJ5VGhlbkZldGNoHwAAAAAbmXRgFmxXeTZ4THZXVGpDTFZmLUdhVGFiQWcAAAAAGyJeOxZRLW9vTHZaM1FveXJjRXB0bWd1b1hnAAAAABtaL5gWYVdyZkhoYjVSeGFLU1kyT0dIODlKZwAAAAAbR1yTFmtadHYtVDRSUVdDQzVGVmtkS2Y1NmcAAAAAG1yA9hZTcTVGMEJPWFFDdUw3WUF6c1o1QUJ3AAAAABuZdGEWbFd5NnhMdldUakNMVmYtR2FUYWJBZwAAAAAa6anNFkVNZ1JCVUtWUnRpY2VHUzl0RW04dncAAAAAG0dclBZrWnR2LVQ0UlFXQ0M1RlZrZEtmNTZnAAAAABtKfMwWbUJpbmNaNjFUMnVYVDdqRkpMMXRVQQAAAAAbXID3FlNxNUYwQk9YUUN1TDdZQXpzWjVBQncAAAAAG1ovmRZhV3JmSGhiNVJ4YUtTWTJPR0g4OUpnAAAAABsl6_IWT3JPR2NpWjFUenlSa1pOSEt0a200UQAAAAAbbMHQFkVZWVJNMUxIUk8ta09tNEhIanRmc2cAAAAAGyJePBZRLW9vTHZaM1FveXJjRXB0bWd1b1hnAAAAABsAP4QWWnREamNITXZUUzIxcWM3NnNzSDJkQQAAAAAbR1yVFmtadHYtVDRSUVdDQzVGVmtkS2Y1NmcAAAAAGuYAahZzNmRUV0o0elNPaXhhUUZ1Z3BPTkd3AAAAABuZdGIWbFd5NnhMdldUakNMVmYtR2FUYWJBZwAAAAAbXID4FlNxNUYwQk9YUUN1TDdZQXpzWjVBQncAAAAAGwLz2BY1bGx2QVZTQ1Q2aWI4RWlPVHVGd0t3AAAAABsiXj0WUS1vb0x2WjNRb3lyY0VwdG1ndW9YZwAAAAAa2GV9FmE1Vy13M1ZVUlBpUFhOaHRXMEFnVXcAAAAAGwLz2RY1bGx2QVZTQ1Q2aWI4RWlPVHVGd0t3AAAAABseq6sWN0lsOGtMc0RTUWl1ZlpEQVZjMDYtZwAAAAAbIl4-FlEtb29MdlozUW95cmNFcHRtZ3VvWGcAAAAAGnJPHxZQODFjbWZPaVRqdUk2bFdFMkRnYXd3AAAAABrYZX4WYTVXLXczVlVSUGlQWE5odFcwQWdVdwAAAAAbSnzNFm1CaW5jWjYxVDJ1WFQ3akZKTDF0VUEAAAAAG2zB0RZFWVlSTTFMSFJPLWtPbTRISGp0ZnNnAAAAABrpqc4WRU1nUkJVS1ZSdGljZUdTOXRFbTh2dwAAAAAbWi-aFmFXcmZIaGI1UnhhS1NZMk9HSDg5Smc=","item_count":"0","total_count":"10"}'}
    headers:
      access-control-allow-credentials: ['true']
      access-control-allow-headers: ['origin, content-type, accept, authorization']
      access-control-allow-methods: ['GET, POST, PUT, DELETE, OPTIONS, HEAD']
      access-control-allow-origin: ['*']
      connection: [keep-alive]
      content-encoding: [UTF-8]
      content-length: ['1374']
      content-type: [application/json;charset=UTF-8]
      date: ['Tue, 11 Jul 2017 17:23:41 GMT']
      server: [Apache, Weblogic 12.2.1.1]
      strict-transport-security: [max-age=604800 ; includeSubDomains]
      x-content-type-options: [nosniff]
      x-frame-options: [SAMEORIGIN]
      x-permitted-cross-domain-policies: [none]
      x-xss-protection: [1; mode=block]
    status: {code: 200, message: OK}
- request:
    body: null
    headers:
      Accept: ['*/*']
      Accept-Encoding: ['gzip, deflate']
      Connection: [keep-alive]
      User-Agent: [python-requests/2.13.0]
    method: GET
    uri: http://idaho.timbr.io/0f6aaf6a-7e8a-49f8-8b09-d209dd95f310.json
  response:
    body: {string: !!python/unicode '{"geometry": {"type": "Polygon", "coordinates":
        [[[-85.82972943, 9.96686083], [-85.82972943, 10.11590445], [-85.68499042,
        10.11590445], [-85.68499042, 9.96686083], [-85.82972943, 9.96686083]]]}, "properties":
        {"bandid": "P", "latlonhae": [10.0969036, -85.82958424, 8.0], "mean_sun_el":
        59.3, "center": {"type": "Point", "coordinates": [-85.757359925, 10.041382639999998]},
        "catid": "104001002838EC00", "cloud_cover": 0.0, "tdilevel": [48.0], "img_datetime_obj_utc":
        {"$date": 1486485916583}, "warp": {"yStep": 100, "xStep": 100, "numXCells":
        432, "yStart": 0, "targetGeoTransform": {"translateX": -85.82972943, "translateY":
        10.11590445, "scaleX": 3.386633129716134e-06, "scaleY": -3.386633129716134e-06,
        "shearY": 0.0, "shearX": 0.0, "spatialReferenceSystemCode": "EPSG:4326"},
        "xStart": 0, "numYCells": 441}, "rrds": {"reducedResolutionDataset": [{"targetImage":
        "565c413e-e0e2-4aab-be36-a7945c345d8e", "sourceImage": "0f6aaf6a-7e8a-49f8-8b09-d209dd95f310",
        "inverseScaleFactor": 2.0}, {"targetImage": "5582ddf2-97ce-457d-b317-0a87cf92621a",
        "sourceImage": "565c413e-e0e2-4aab-be36-a7945c345d8e", "inverseScaleFactor":
        2.0}, {"targetImage": "8fac20b3-ae93-4b2b-919f-598130b037fd", "sourceImage":
        "5582ddf2-97ce-457d-b317-0a87cf92621a", "inverseScaleFactor": 2.0}, {"targetImage":
        "d651f510-c278-4771-a3d5-e33a83366f7f", "sourceImage": "8fac20b3-ae93-4b2b-919f-598130b037fd",
        "inverseScaleFactor": 2.0}, {"targetImage": "0ab5eae1-5424-41c2-ab91-38c4b9393dc6",
        "sourceImage": "d651f510-c278-4771-a3d5-e33a83366f7f", "inverseScaleFactor":
        2.0}]}, "effbandwidth": [0.2896], "abscalfactor": [0.0527336], "bbox": [-85.82972943,
        9.96686083, -85.68499042, 10.11590445], "band_centers": [649.36], "satid":
        "WV03", "band_names": ["P"], "off_nadir": 26.8, "image": {"satAzimuth": 224.3,
        "sunAzimuth": 144.4, "cloudCover": 0.0, "imageId": "0f6aaf6a-7e8a-49f8-8b09-d209dd95f310",
        "nativeTileFileFormat": "PNG", "numXTiles": 42, "imageWidth": 42500, "tileYSize":
        1024, "sensorName": "Panchromatic", "vendorDatasetIdentifier": "LV1B:056165420010_01_P010:104001002838EC00:A01001025E725E00",
        "version": "1.0", "numBands": 1, "imageHeight": 38412, "offNadirAngle": 26.8,
        "vendorName": "DigitalGlobe, Inc.", "imageBoundsWGS84": "POLYGON ((-85.82958424
        10.0969036, -85.68499042 10.11590445, -85.6836112 9.98719598, -85.82972943
        9.96686083, -85.82958424 10.0969036))", "sunElevation": 59.3, "acquisitionDate":
        "2017-02-07T16:45:16.583Z", "dataType": "UNSIGNED_SHORT", "tileYOffset": 0,
        "tileXSize": 1024, "colorInterpretation": "PAN", "profileName": "dg_1b", "tilePartition":
        "0000", "groundSampleDistanceMeters": 0.377, "tileBucketName": "idaho-images",
        "tileXOffset": 0, "pniirs": 5.4, "satElevation": 60.3, "sensorPlatformName":
        "WV03", "numYTiles": 38}, "product_level": "LV1B"}, "_acquisitionDate": {"$date":
        1486485916583}, "_id": {"$oid": "58fe52e69db347af059f6076"}, "type": "Feature",
        "id": "0f6aaf6a-7e8a-49f8-8b09-d209dd95f310"}'}
    headers:
      content-type: [application/json]
      date: ['Tue, 11 Jul 2017 17:23:42 GMT']
      server: [TwistedWeb/16.4.1]
    status: {code: 200, message: OK}
- request:
    body: null
    headers:
      Accept: ['*/*']
      Accept-Encoding: ['gzip, deflate']
      Connection: [keep-alive]
      Cookie: [AWSELB=07A771471E264EA5ADF82F0AA634B8F4B8E2289A6927388BE509EDE3E3AD87A2A2349BCF3B830BCBF5517ED5B7F1781F8FAF368BEFDB45B8724B74F9BAF006F829FAB04EDBA7122B601012194453AF0A609E351ACD;
          JSESSIONID=0363DC4E8682D9C7B5C9F1F96919F649.node01]
      User-Agent: [python-requests/2.13.0]
    method: GET
    uri: https://vector.geobigdata.io/insight-vector/api/index/query/vector-gbdx-alpha-catalog-v2-*/paging?count=100&upper=90.0&lower=-90.0&right=180.0&q=item_type%3AIDAHOImage+AND+attributes.catalogID%3A104001002838EC00+AND+attributes.colorInterpretation%3APAN&ttl=5m&left=-180.0
  response:
    body: {string: !!python/unicode '{ "data" : [{"type":"Feature","geometry":{"type":"MultiPolygon","coordinates":[[[[-85.82893982,10.81867523],[-85.68555111,10.83719585],[-85.68449176,10.70817731],[-85.82907649,10.68849767],[-85.82893982,10.81867523]]]]},"properties":{"ingest_source":"GBDX_INGEST_ALPHA","access":{"groups":["_ALL_"],"users":["_ALL_"]},"item_date":"2017-02-07T16:45:05.931Z","original_crs":"EPSG:4326","item_type":["GBDXCatalogRecord","IDAHOImage","DigitalGlobeProduct","WV03_VNIR"],"format":null,"ingest_date":"2017-06-15T07:07:27.499Z","source":null,"name":null,"attributes":{"profileName":"dg_1b","tilePartition":"0000","acquisitionDate":"2017-02-07T16:45:05.931Z","bucketName":"idaho-images","numBands_int":1,"sunAzimuth_dbl":145.0,"nativeTileFileFormat":"PNG","colorInterpretation":"PAN","cloudCover_int":0,"idahoImageId":"484c6ce3-8f8d-456d-b41d-feba27c810ba","satAzimuth_dbl":221.4,"satElevation_dbl":60.7,"pniirs_dbl":5.4,"numYTiles_int":38,"tileXOffset_int":0,"epsgCode":"4326","vendor":"DigitalGlobe","sunElevation_dbl":58.6,"platformName":"WORLDVIEW03_VNIR","imageHeight_int":38404,"numXTiles_int":42,"sensorPlatformName":"WORLDVIEW03_VNIR","sensorName":"Panchromatic","dataType":"UNSIGNED_SHORT","imageWidth_int":42500,"tileXSize_int":1024,"tileYSize_int":1024,"offNadirAngle_dbl":26.5,"tileBucketName":"idaho-images","vendorName":"DigitalGlobe","version":"1.0","tileYOffset_int":0,"catalogID":"104001002838EC00","vendorDatasetIdentifier":"LV1B:056165420010_01_P003:104001002838EC00:A01001025E729400","groundSampleDistanceMeters_dbl":0.375},"ingest_attributes":{"_rest_user":"acquisitionsvc","_rest_url":"https://vector.geobigdata.io/insight-vector/api/vectors/gbdx-alpha-catalog-v2-%257Bitem_date%253Ayyyy%257D"},"id":"484c6ce3-8f8d-456d-b41d-feba27c810ba","text":""}},{"type":"Feature","geometry":{"type":"MultiPolygon","coordinates":[[[[-85.82929725,10.40608254],[-85.68484979,10.42529084],[-85.68402426,10.29600435],[-85.82949371,10.27590123],[-85.82929725,10.40608254]]]]},"properties":{"ingest_source":"GBDX_INGEST_ALPHA","access":{"groups":["_ALL_"],"users":["_ALL_"]},"item_date":"2017-02-07T16:45:12.018Z","original_crs":"EPSG:4326","item_type":["GBDXCatalogRecord","IDAHOImage","DigitalGlobeProduct","WV03_VNIR"],"format":null,"ingest_date":"2017-06-17T14:01:13.625Z","source":null,"name":null,"attributes":{"profileName":"dg_1b","tilePartition":"0000","acquisitionDate":"2017-02-07T16:45:12.018Z","bucketName":"idaho-images","numBands_int":1,"sunAzimuth_dbl":144.6,"nativeTileFileFormat":"PNG","colorInterpretation":"PAN","cloudCover_int":0,"idahoImageId":"579a8eaf-7982-4d02-b4b9-397f905cb475","satAzimuth_dbl":223.1,"satElevation_dbl":60.4,"pniirs_dbl":5.4,"numYTiles_int":38,"tileXOffset_int":0,"epsgCode":"4326","vendor":"DigitalGlobe","sunElevation_dbl":59.0,"platformName":"WORLDVIEW03_VNIR","imageHeight_int":38408,"numXTiles_int":42,"sensorPlatformName":"WORLDVIEW03_VNIR","sensorName":"Panchromatic","dataType":"UNSIGNED_SHORT","imageWidth_int":42500,"tileXSize_int":1024,"tileYSize_int":1024,"offNadirAngle_dbl":26.7,"tileBucketName":"idaho-images","vendorName":"DigitalGlobe","version":"1.0","tileYOffset_int":0,"catalogID":"104001002838EC00","vendorDatasetIdentifier":"LV1B:056165420010_01_P007:104001002838EC00:A01001025E726A00","groundSampleDistanceMeters_dbl":0.376},"ingest_attributes":{"_rest_user":"acquisitionsvc","_rest_url":"https://vector.geobigdata.io/insight-vector/api/vectors/gbdx-alpha-catalog-v2-%257Bitem_date%253Ayyyy%257D"},"id":"579a8eaf-7982-4d02-b4b9-397f905cb475","text":""}},{"type":"Feature","geometry":{"type":"MultiPolygon","coordinates":[[[[-85.82958424,10.0969036],[-85.68499042,10.11590445],[-85.6836112,9.98719598],[-85.82972943,9.96686083],[-85.82958424,10.0969036]]]]},"properties":{"ingest_source":"GBDX_INGEST_ALPHA","access":{"groups":["_ALL_"],"users":["_ALL_"]},"item_date":"2017-02-07T16:45:16.583Z","original_crs":"EPSG:4326","item_type":["GBDXCatalogRecord","IDAHOImage","DigitalGlobeProduct","WV03_VNIR"],"format":null,"ingest_date":"2017-06-15T21:12:10.737Z","source":null,"name":null,"attributes":{"profileName":"dg_1b","tilePartition":"0000","acquisitionDate":"2017-02-07T16:45:16.583Z","bucketName":"idaho-images","numBands_int":1,"sunAzimuth_dbl":144.4,"nativeTileFileFormat":"PNG","colorInterpretation":"PAN","cloudCover_int":0,"idahoImageId":"0f6aaf6a-7e8a-49f8-8b09-d209dd95f310","satAzimuth_dbl":224.3,"satElevation_dbl":60.3,"pniirs_dbl":5.4,"numYTiles_int":38,"tileXOffset_int":0,"epsgCode":"4326","vendor":"DigitalGlobe","sunElevation_dbl":59.3,"platformName":"WORLDVIEW03_VNIR","imageHeight_int":38412,"numXTiles_int":42,"sensorPlatformName":"WORLDVIEW03_VNIR","sensorName":"Panchromatic","dataType":"UNSIGNED_SHORT","imageWidth_int":42500,"tileXSize_int":1024,"tileYSize_int":1024,"offNadirAngle_dbl":26.8,"tileBucketName":"idaho-images","vendorName":"DigitalGlobe","version":"1.0","tileYOffset_int":0,"catalogID":"104001002838EC00","vendorDatasetIdentifier":"LV1B:056165420010_01_P010:104001002838EC00:A01001025E725E00","groundSampleDistanceMeters_dbl":0.377},"ingest_attributes":{"_rest_user":"acquisitionsvc","_rest_url":"https://vector.geobigdata.io/insight-vector/api/vectors/gbdx-alpha-catalog-v2-%257Bitem_date%253Ayyyy%257D"},"id":"0f6aaf6a-7e8a-49f8-8b09-d209dd95f310","text":""}},{"type":"Feature","geometry":{"type":"MultiPolygon","coordinates":[[[[-85.82903065,10.71550932],[-85.68450078,10.73516027],[-85.68435884,10.60510569],[-85.82914615,10.58533202],[-85.82903065,10.71550932]]]]},"properties":{"ingest_source":"GBDX_INGEST_ALPHA","access":{"groups":["_ALL_"],"users":["_ALL_"]},"item_date":"2017-02-07T16:45:07.453Z","original_crs":"EPSG:4326","item_type":["GBDXCatalogRecord","IDAHOImage","DigitalGlobeProduct","WV03_VNIR"],"format":null,"ingest_date":"2017-06-15T18:33:03.653Z","source":null,"name":null,"attributes":{"profileName":"dg_1b","tilePartition":"0000","acquisitionDate":"2017-02-07T16:45:07.453Z","bucketName":"idaho-images","numBands_int":1,"sunAzimuth_dbl":144.9,"nativeTileFileFormat":"PNG","colorInterpretation":"PAN","cloudCover_int":0,"idahoImageId":"c5aa6848-fe61-4105-bdb3-8339db05d5b2","satAzimuth_dbl":221.8,"satElevation_dbl":60.6,"pniirs_dbl":5.4,"numYTiles_int":38,"tileXOffset_int":0,"epsgCode":"4326","vendor":"DigitalGlobe","sunElevation_dbl":58.7,"platformName":"WORLDVIEW03_VNIR","imageHeight_int":38408,"numXTiles_int":42,"sensorPlatformName":"WORLDVIEW03_VNIR","sensorName":"Panchromatic","dataType":"UNSIGNED_SHORT","imageWidth_int":42500,"tileXSize_int":1024,"tileYSize_int":1024,"offNadirAngle_dbl":26.5,"tileBucketName":"idaho-images","vendorName":"DigitalGlobe","version":"1.0","tileYOffset_int":0,"catalogID":"104001002838EC00","vendorDatasetIdentifier":"LV1B:056165420010_01_P004:104001002838EC00:A01001025E727600","groundSampleDistanceMeters_dbl":0.375},"ingest_attributes":{"_rest_user":"acquisitionsvc","_rest_url":"https://vector.geobigdata.io/insight-vector/api/vectors/gbdx-alpha-catalog-v2-%257Bitem_date%253Ayyyy%257D"},"id":"c5aa6848-fe61-4105-bdb3-8339db05d5b2","text":""}},{"type":"Feature","geometry":{"type":"MultiPolygon","coordinates":[[[[-85.82920685,10.50922673],[-85.68486905,10.52843829],[-85.68440723,10.39873698],[-85.82978934,10.37856435],[-85.82920685,10.50922673]]]]},"properties":{"ingest_source":"GBDX_INGEST_ALPHA","access":{"groups":["_ALL_"],"users":["_ALL_"]},"item_date":"2017-02-07T16:45:10.496Z","original_crs":"EPSG:4326","item_type":["GBDXCatalogRecord","IDAHOImage","DigitalGlobeProduct","WV03_VNIR"],"format":null,"ingest_date":"2017-06-15T16:14:27.873Z","source":null,"name":null,"attributes":{"profileName":"dg_1b","tilePartition":"0000","acquisitionDate":"2017-02-07T16:45:10.496Z","bucketName":"idaho-images","numBands_int":1,"sunAzimuth_dbl":144.7,"nativeTileFileFormat":"PNG","colorInterpretation":"PAN","cloudCover_int":0,"idahoImageId":"511d78f1-c0b1-4d64-b52b-631bd884edbf","satAzimuth_dbl":222.7,"satElevation_dbl":60.5,"pniirs_dbl":5.4,"numYTiles_int":38,"tileXOffset_int":0,"epsgCode":"4326","vendor":"DigitalGlobe","sunElevation_dbl":58.9,"platformName":"WORLDVIEW03_VNIR","imageHeight_int":38412,"numXTiles_int":42,"sensorPlatformName":"WORLDVIEW03_VNIR","sensorName":"Panchromatic","dataType":"UNSIGNED_SHORT","imageWidth_int":42500,"tileXSize_int":1024,"tileYSize_int":1024,"offNadirAngle_dbl":26.6,"tileBucketName":"idaho-images","vendorName":"DigitalGlobe","version":"1.0","tileYOffset_int":0,"catalogID":"104001002838EC00","vendorDatasetIdentifier":"LV1B:056165420010_01_P006:104001002838EC00:A01001025E728300","groundSampleDistanceMeters_dbl":0.376},"ingest_attributes":{"_rest_user":"acquisitionsvc","_rest_url":"https://vector.geobigdata.io/insight-vector/api/vectors/gbdx-alpha-catalog-v2-%257Bitem_date%253Ayyyy%257D"},"id":"511d78f1-c0b1-4d64-b52b-631bd884edbf","text":""}},{"type":"Feature","geometry":{"type":"MultiPolygon","coordinates":[[[[-85.82959724,10.30277905],[-85.68413321,10.32291966],[-85.68507931,10.19186139],[-85.82950676,10.17293912],[-85.82959724,10.30277905]]]]},"properties":{"ingest_source":"GBDX_INGEST_ALPHA","access":{"groups":["_ALL_"],"users":["_ALL_"]},"item_date":"2017-02-07T16:45:13.539Z","original_crs":"EPSG:4326","item_type":["GBDXCatalogRecord","IDAHOImage","DigitalGlobeProduct","WV03_VNIR"],"format":null,"ingest_date":"2017-06-15T15:52:13.995Z","source":null,"name":null,"attributes":{"profileName":"dg_1b","tilePartition":"0000","acquisitionDate":"2017-02-07T16:45:13.539Z","bucketName":"idaho-images","numBands_int":1,"sunAzimuth_dbl":144.5,"nativeTileFileFormat":"PNG","colorInterpretation":"PAN","cloudCover_int":0,"idahoImageId":"84211807-fa6c-421e-baac-483cc9556793","satAzimuth_dbl":223.5,"satElevation_dbl":60.4,"pniirs_dbl":5.4,"numYTiles_int":38,"tileXOffset_int":0,"epsgCode":"4326","vendor":"DigitalGlobe","sunElevation_dbl":59.1,"platformName":"WORLDVIEW03_VNIR","imageHeight_int":38408,"numXTiles_int":42,"sensorPlatformName":"WORLDVIEW03_VNIR","sensorName":"Panchromatic","dataType":"UNSIGNED_SHORT","imageWidth_int":42500,"tileXSize_int":1024,"tileYSize_int":1024,"offNadirAngle_dbl":26.7,"tileBucketName":"idaho-images","vendorName":"DigitalGlobe","version":"1.0","tileYOffset_int":0,"catalogID":"104001002838EC00","vendorDatasetIdentifier":"LV1B:056165420010_01_P008:104001002838EC00:A01001025E728600","groundSampleDistanceMeters_dbl":0.377},"ingest_attributes":{"_rest_user":"acquisitionsvc","_rest_url":"https://vector.geobigdata.io/insight-vector/api/vectors/gbdx-alpha-catalog-v2-%257Bitem_date%253Ayyyy%257D"},"id":"84211807-fa6c-421e-baac-483cc9556793","text":""}},{"type":"Feature","geometry":{"type":"MultiPolygon","coordinates":[[[[-85.82910068,10.92161661],[-85.68481464,10.9412538],[-85.68487727,10.81090511],[-85.82896529,10.79164841],[-85.82910068,10.92161661]]]]},"properties":{"ingest_source":"GBDX_INGEST_ALPHA","access":{"groups":["_ALL_"],"users":["_ALL_"]},"item_date":"2017-02-07T16:45:04.409Z","original_crs":"EPSG:4326","item_type":["GBDXCatalogRecord","IDAHOImage","DigitalGlobeProduct","WV03_VNIR"],"format":null,"ingest_date":"2017-06-17T01:57:48.922Z","source":null,"name":null,"attributes":{"profileName":"dg_1b","tilePartition":"0000","acquisitionDate":"2017-02-07T16:45:04.409Z","bucketName":"idaho-images","numBands_int":1,"sunAzimuth_dbl":145.1,"nativeTileFileFormat":"PNG","colorInterpretation":"PAN","cloudCover_int":0,"idahoImageId":"745b3511-a9e1-4822-b723-be2c8486d1a5","satAzimuth_dbl":221.0,"satElevation_dbl":60.7,"pniirs_dbl":5.4,"numYTiles_int":38,"tileXOffset_int":0,"epsgCode":"4326","vendor":"DigitalGlobe","sunElevation_dbl":58.6,"platformName":"WORLDVIEW03_VNIR","imageHeight_int":38408,"numXTiles_int":42,"sensorPlatformName":"WORLDVIEW03_VNIR","sensorName":"Panchromatic","dataType":"UNSIGNED_SHORT","imageWidth_int":42500,"tileXSize_int":1024,"tileYSize_int":1024,"offNadirAngle_dbl":26.4,"tileBucketName":"idaho-images","vendorName":"DigitalGlobe","version":"1.0","tileYOffset_int":0,"catalogID":"104001002838EC00","vendorDatasetIdentifier":"LV1B:056165420010_01_P002:104001002838EC00:A01001025E723D00","groundSampleDistanceMeters_dbl":0.375},"ingest_attributes":{"_rest_user":"acquisitionsvc","_rest_url":"https://vector.geobigdata.io/insight-vector/api/vectors/gbdx-alpha-catalog-v2-%257Bitem_date%253Ayyyy%257D"},"id":"745b3511-a9e1-4822-b723-be2c8486d1a5","text":""}},{"type":"Feature","geometry":{"type":"MultiPolygon","coordinates":[[[[-85.82968978,9.99384388],[-85.68388581,10.01390799],[-85.68361025,9.98611366],[-85.82973089,9.96577763],[-85.82968978,9.99384388]]]]},"properties":{"ingest_source":"GBDX_INGEST_ALPHA","access":{"groups":["_ALL_"],"users":["_ALL_"]},"item_date":"2017-02-07T16:45:18.105Z","original_crs":"EPSG:4326","item_type":["GBDXCatalogRecord","IDAHOImage","DigitalGlobeProduct","WV03_VNIR"],"format":null,"ingest_date":"2017-06-18T08:31:43.513Z","source":null,"name":null,"attributes":{"profileName":"dg_1b","tilePartition":"0000","acquisitionDate":"2017-02-07T16:45:18.105Z","bucketName":"idaho-images","numBands_int":1,"sunAzimuth_dbl":144.3,"nativeTileFileFormat":"PNG","colorInterpretation":"PAN","cloudCover_int":0,"idahoImageId":"6d3ee386-5c57-4c36-9b31-f781443c4570","satAzimuth_dbl":224.5,"satElevation_dbl":60.2,"pniirs_dbl":5.4,"numYTiles_int":9,"tileXOffset_int":0,"epsgCode":"4326","vendor":"DigitalGlobe","sunElevation_dbl":59.3,"platformName":"WORLDVIEW03_VNIR","imageHeight_int":8292,"numXTiles_int":42,"sensorPlatformName":"WORLDVIEW03_VNIR","sensorName":"Panchromatic","dataType":"UNSIGNED_SHORT","imageWidth_int":42500,"tileXSize_int":1024,"tileYSize_int":1024,"offNadirAngle_dbl":26.9,"tileBucketName":"idaho-images","vendorName":"DigitalGlobe","version":"1.0","tileYOffset_int":0,"catalogID":"104001002838EC00","vendorDatasetIdentifier":"LV1B:056165420010_01_P011:104001002838EC00:A01001025E722D00","groundSampleDistanceMeters_dbl":0.377},"ingest_attributes":{"_rest_user":"acquisitionsvc","_rest_url":"https://vector.geobigdata.io/insight-vector/api/vectors/gbdx-alpha-catalog-v2-%257Bitem_date%253Ayyyy%257D"},"id":"6d3ee386-5c57-4c36-9b31-f781443c4570","text":""}},{"type":"Feature","geometry":{"type":"MultiPolygon","coordinates":[[[[-85.82950162,10.19991869],[-85.68506436,10.21888305],[-85.6849708,10.08889286],[-85.82960616,10.0698825],[-85.82950162,10.19991869]]]]},"properties":{"ingest_source":"GBDX_INGEST_ALPHA","access":{"groups":["_ALL_"],"users":["_ALL_"]},"item_date":"2017-02-07T16:45:15.061Z","original_crs":"EPSG:4326","item_type":["GBDXCatalogRecord","IDAHOImage","DigitalGlobeProduct","WV03_VNIR"],"format":null,"ingest_date":"2017-06-16T09:25:01.499Z","source":null,"name":null,"attributes":{"profileName":"dg_1b","tilePartition":"0000","acquisitionDate":"2017-02-07T16:45:15.061Z","bucketName":"idaho-images","numBands_int":1,"sunAzimuth_dbl":144.5,"nativeTileFileFormat":"PNG","colorInterpretation":"PAN","cloudCover_int":0,"idahoImageId":"8a137140-6e20-41ad-bb56-7bdfe96573b9","satAzimuth_dbl":223.9,"satElevation_dbl":60.3,"pniirs_dbl":5.4,"numYTiles_int":38,"tileXOffset_int":0,"epsgCode":"4326","vendor":"DigitalGlobe","sunElevation_dbl":59.2,"platformName":"WORLDVIEW03_VNIR","imageHeight_int":38412,"numXTiles_int":42,"sensorPlatformName":"WORLDVIEW03_VNIR","sensorName":"Panchromatic","dataType":"UNSIGNED_SHORT","imageWidth_int":42500,"tileXSize_int":1024,"tileYSize_int":1024,"offNadirAngle_dbl":26.8,"tileBucketName":"idaho-images","vendorName":"DigitalGlobe","version":"1.0","tileYOffset_int":0,"catalogID":"104001002838EC00","vendorDatasetIdentifier":"LV1B:056165420010_01_P009:104001002838EC00:A01001025E726E00","groundSampleDistanceMeters_dbl":0.377},"ingest_attributes":{"_rest_user":"acquisitionsvc","_rest_url":"https://vector.geobigdata.io/insight-vector/api/vectors/gbdx-alpha-catalog-v2-%257Bitem_date%253Ayyyy%257D"},"id":"8a137140-6e20-41ad-bb56-7bdfe96573b9","text":""}},{"type":"Feature","geometry":{"type":"MultiPolygon","coordinates":[[[[-85.82871643,11.01469624],[-85.6847798,11.03402185],[-85.68484657,10.91415767],[-85.82979631,10.89376305],[-85.82871643,11.01469624]]]]},"properties":{"ingest_source":"GBDX_INGEST_ALPHA","access":{"groups":["_ALL_"],"users":["_ALL_"]},"item_date":"2017-02-07T16:45:03.042Z","original_crs":"EPSG:4326","item_type":["GBDXCatalogRecord","IDAHOImage","DigitalGlobeProduct","WV03_VNIR"],"format":null,"ingest_date":"2017-06-18T21:37:11.289Z","source":null,"name":null,"attributes":{"profileName":"dg_1b","tilePartition":"0000","acquisitionDate":"2017-02-07T16:45:03.042Z","bucketName":"idaho-images","numBands_int":1,"sunAzimuth_dbl":145.2,"nativeTileFileFormat":"PNG","colorInterpretation":"PAN","cloudCover_int":0,"idahoImageId":"296cd243-7cda-4e9b-8d94-d2905faeb946","satAzimuth_dbl":220.6,"satElevation_dbl":60.8,"pniirs_dbl":5.4,"numYTiles_int":35,"tileXOffset_int":0,"epsgCode":"4326","vendor":"DigitalGlobe","sunElevation_dbl":58.5,"platformName":"WORLDVIEW03_VNIR","imageHeight_int":35324,"numXTiles_int":42,"sensorPlatformName":"WORLDVIEW03_VNIR","sensorName":"Panchromatic","dataType":"UNSIGNED_SHORT","imageWidth_int":42500,"tileXSize_int":1024,"tileYSize_int":1024,"offNadirAngle_dbl":26.4,"tileBucketName":"idaho-images","vendorName":"DigitalGlobe","version":"1.0","tileYOffset_int":0,"catalogID":"104001002838EC00","vendorDatasetIdentifier":"LV1B:056165420010_01_P001:104001002838EC00:A01001025E723900","groundSampleDistanceMeters_dbl":0.374},"ingest_attributes":{"_rest_user":"acquisitionsvc","_rest_url":"https://vector.geobigdata.io/insight-vector/api/vectors/gbdx-alpha-catalog-v2-%257Bitem_date%253Ayyyy%257D"},"id":"296cd243-7cda-4e9b-8d94-d2905faeb946","text":""}}],"next_paging_id":"DnF1ZXJ5VGhlbkZldGNoHwAAAAAbXID5FlNxNUYwQk9YUUN1TDdZQXpzWjVBQncAAAAAG5l0YxZsV3k2eEx2V1RqQ0xWZi1HYVRhYkFnAAAAABsxWFEWZjlXdWEyNUVUZ0NZUUJ4ZFd3NzdSQQAAAAAay_xOFm4tTzhIUElJVEpheG1NZXdsc1NJX3cAAAAAGsv8TxZuLU84SFBJSVRKYXhtTWV3bHNTSV93AAAAABseq6wWN0lsOGtMc0RTUWl1ZlpEQVZjMDYtZwAAAAAbmXRkFmxXeTZ4THZXVGpDTFZmLUdhVGFiQWcAAAAAGyXr8xZPck9HY2laMVR6eVJrWk5IS3RrbTRRAAAAABsxWFIWZjlXdWEyNUVUZ0NZUUJ4ZFd3NzdSQQAAAAAbYGsTFlVxV2dQcmpaVHVpRVN2SkVNam9XMHcAAAAAGuYAaxZzNmRUV0o0elNPaXhhUUZ1Z3BPTkd3AAAAABtHXJYWa1p0di1UNFJRV0NDNUZWa2RLZjU2ZwAAAAAack8gFlA4MWNtZk9pVGp1STZsV0UyRGdhd3cAAAAAGsv8UBZuLU84SFBJSVRKYXhtTWV3bHNTSV93AAAAABtgaxUWVXFXZ1ByalpUdWlFU3ZKRU1qb1cwdwAAAAAbYGsUFlVxV2dQcmpaVHVpRVN2SkVNam9XMHcAAAAAG2zB0hZFWVlSTTFMSFJPLWtPbTRISGp0ZnNnAAAAABqKVQcWQUx5eDhWSzJUbDJNZ1hGdmNoNnl3UQAAAAAbAfPdFndaZEdJSGI5Um5tM20zc2loLWd1WGcAAAAAGopVCBZBTHl4OFZLMlRsMk1nWEZ2Y2g2eXdRAAAAABsC89oWNWxsdkFWU0NUNmliOEVpT1R1RndLdwAAAAAbJev0Fk9yT0djaVoxVHp5UmtaTkhLdGttNFEAAAAAGyXr9RZPck9HY2laMVR6eVJrWk5IS3RrbTRRAAAAABqKVQkWQUx5eDhWSzJUbDJNZ1hGdmNoNnl3UQAAAAAbAfPeFndaZEdJSGI5Um5tM20zc2loLWd1WGcAAAAAGwA_hRZadERqY0hNdlRTMjFxYzc2c3NIMmRBAAAAABsxWFMWZjlXdWEyNUVUZ0NZUUJ4ZFd3NzdSQQAAAAAay_xRFm4tTzhIUElJVEpheG1NZXdsc1NJX3cAAAAAG1yA-hZTcTVGMEJPWFFDdUw3WUF6c1o1QUJ3AAAAABrL_FIWbi1POEhQSUlUSmF4bU1ld2xzU0lfdwAAAAAa5gBsFnM2ZFRXSjR6U09peGFRRnVncE9OR3c=","item_count":"10","total_count":"10"}'}
    headers:
      access-control-allow-credentials: ['true']
      access-control-allow-headers: ['origin, content-type, accept, authorization']
      access-control-allow-methods: ['GET, POST, PUT, DELETE, OPTIONS, HEAD']
      access-control-allow-origin: ['*']
      connection: [keep-alive]
      content-encoding: [UTF-8]
      content-length: ['18879']
      content-type: [application/json;charset=UTF-8]
      date: ['Tue, 11 Jul 2017 17:23:42 GMT']
      server: [Apache, Weblogic 12.2.1.1]
      strict-transport-security: [max-age=604800 ; includeSubDomains]
      x-content-type-options: [nosniff]
      x-frame-options: [SAMEORIGIN]
      x-permitted-cross-domain-policies: [none]
      x-xss-protection: [1; mode=block]
    status: {code: 200, message: OK}
- request:
    body: !!python/unicode pagingId=DnF1ZXJ5VGhlbkZldGNoHwAAAAAbXID5FlNxNUYwQk9YUUN1TDdZQXpzWjVBQncAAAAAG5l0YxZsV3k2eEx2V1RqQ0xWZi1HYVRhYkFnAAAAABsxWFEWZjlXdWEyNUVUZ0NZUUJ4ZFd3NzdSQQAAAAAay_xOFm4tTzhIUElJVEpheG1NZXdsc1NJX3cAAAAAGsv8TxZuLU84SFBJSVRKYXhtTWV3bHNTSV93AAAAABseq6wWN0lsOGtMc0RTUWl1ZlpEQVZjMDYtZwAAAAAbmXRkFmxXeTZ4THZXVGpDTFZmLUdhVGFiQWcAAAAAGyXr8xZPck9HY2laMVR6eVJrWk5IS3RrbTRRAAAAABsxWFIWZjlXdWEyNUVUZ0NZUUJ4ZFd3NzdSQQAAAAAbYGsTFlVxV2dQcmpaVHVpRVN2SkVNam9XMHcAAAAAGuYAaxZzNmRUV0o0elNPaXhhUUZ1Z3BPTkd3AAAAABtHXJYWa1p0di1UNFJRV0NDNUZWa2RLZjU2ZwAAAAAack8gFlA4MWNtZk9pVGp1STZsV0UyRGdhd3cAAAAAGsv8UBZuLU84SFBJSVRKYXhtTWV3bHNTSV93AAAAABtgaxUWVXFXZ1ByalpUdWlFU3ZKRU1qb1cwdwAAAAAbYGsUFlVxV2dQcmpaVHVpRVN2SkVNam9XMHcAAAAAG2zB0hZFWVlSTTFMSFJPLWtPbTRISGp0ZnNnAAAAABqKVQcWQUx5eDhWSzJUbDJNZ1hGdmNoNnl3UQAAAAAbAfPdFndaZEdJSGI5Um5tM20zc2loLWd1WGcAAAAAGopVCBZBTHl4OFZLMlRsMk1nWEZ2Y2g2eXdRAAAAABsC89oWNWxsdkFWU0NUNmliOEVpT1R1RndLdwAAAAAbJev0Fk9yT0djaVoxVHp5UmtaTkhLdGttNFEAAAAAGyXr9RZPck9HY2laMVR6eVJrWk5IS3RrbTRRAAAAABqKVQkWQUx5eDhWSzJUbDJNZ1hGdmNoNnl3UQAAAAAbAfPeFndaZEdJSGI5Um5tM20zc2loLWd1WGcAAAAAGwA_hRZadERqY0hNdlRTMjFxYzc2c3NIMmRBAAAAABsxWFMWZjlXdWEyNUVUZ0NZUUJ4ZFd3NzdSQQAAAAAay_xRFm4tTzhIUElJVEpheG1NZXdsc1NJX3cAAAAAG1yA-hZTcTVGMEJPWFFDdUw3WUF6c1o1QUJ3AAAAABrL_FIWbi1POEhQSUlUSmF4bU1ld2xzU0lfdwAAAAAa5gBsFnM2ZFRXSjR6U09peGFRRnVncE9OR3c%3D&ttl=5m
    headers:
      Accept: ['*/*']
      Accept-Encoding: ['gzip, deflate']
      Connection: [keep-alive]
      Content-Length: ['1322']
      Content-Type: [application/x-www-form-urlencoded]
      Cookie: [AWSELB=07A771471E264EA5ADF82F0AA634B8F4B8E2289A6927388BE509EDE3E3AD87A2A2349BCF3B830BCBF5517ED5B7F1781F8FAF368BEFDB45B8724B74F9BAF006F829FAB04EDBA7122B601012194453AF0A609E351ACD;
          JSESSIONID=0363DC4E8682D9C7B5C9F1F96919F649.node01]
      User-Agent: [python-requests/2.13.0]
    method: POST
    uri: https://vector.geobigdata.io/insight-vector/api/vectors/paging
  response:
    body: {string: !!python/unicode '{ "data" : [],"next_paging_id":"DnF1ZXJ5VGhlbkZldGNoHwAAAAAbXID5FlNxNUYwQk9YUUN1TDdZQXpzWjVBQncAAAAAG5l0YxZsV3k2eEx2V1RqQ0xWZi1HYVRhYkFnAAAAABsxWFEWZjlXdWEyNUVUZ0NZUUJ4ZFd3NzdSQQAAAAAay_xOFm4tTzhIUElJVEpheG1NZXdsc1NJX3cAAAAAGsv8TxZuLU84SFBJSVRKYXhtTWV3bHNTSV93AAAAABseq6wWN0lsOGtMc0RTUWl1ZlpEQVZjMDYtZwAAAAAbmXRkFmxXeTZ4THZXVGpDTFZmLUdhVGFiQWcAAAAAGyXr8xZPck9HY2laMVR6eVJrWk5IS3RrbTRRAAAAABsxWFIWZjlXdWEyNUVUZ0NZUUJ4ZFd3NzdSQQAAAAAbYGsTFlVxV2dQcmpaVHVpRVN2SkVNam9XMHcAAAAAGuYAaxZzNmRUV0o0elNPaXhhUUZ1Z3BPTkd3AAAAABtHXJYWa1p0di1UNFJRV0NDNUZWa2RLZjU2ZwAAAAAack8gFlA4MWNtZk9pVGp1STZsV0UyRGdhd3cAAAAAGsv8UBZuLU84SFBJSVRKYXhtTWV3bHNTSV93AAAAABtgaxUWVXFXZ1ByalpUdWlFU3ZKRU1qb1cwdwAAAAAbYGsUFlVxV2dQcmpaVHVpRVN2SkVNam9XMHcAAAAAG2zB0hZFWVlSTTFMSFJPLWtPbTRISGp0ZnNnAAAAABqKVQcWQUx5eDhWSzJUbDJNZ1hGdmNoNnl3UQAAAAAbAfPdFndaZEdJSGI5Um5tM20zc2loLWd1WGcAAAAAGopVCBZBTHl4OFZLMlRsMk1nWEZ2Y2g2eXdRAAAAABsC89oWNWxsdkFWU0NUNmliOEVpT1R1RndLdwAAAAAbJev0Fk9yT0djaVoxVHp5UmtaTkhLdGttNFEAAAAAGyXr9RZPck9HY2laMVR6eVJrWk5IS3RrbTRRAAAAABqKVQkWQUx5eDhWSzJUbDJNZ1hGdmNoNnl3UQAAAAAbAfPeFndaZEdJSGI5Um5tM20zc2loLWd1WGcAAAAAGwA_hRZadERqY0hNdlRTMjFxYzc2c3NIMmRBAAAAABsxWFMWZjlXdWEyNUVUZ0NZUUJ4ZFd3NzdSQQAAAAAay_xRFm4tTzhIUElJVEpheG1NZXdsc1NJX3cAAAAAG1yA-hZTcTVGMEJPWFFDdUw3WUF6c1o1QUJ3AAAAABrL_FIWbi1POEhQSUlUSmF4bU1ld2xzU0lfdwAAAAAa5gBsFnM2ZFRXSjR6U09peGFRRnVncE9OR3c=","item_count":"0","total_count":"10"}'}
    headers:
      access-control-allow-credentials: ['true']
      access-control-allow-headers: ['origin, content-type, accept, authorization']
      access-control-allow-methods: ['GET, POST, PUT, DELETE, OPTIONS, HEAD']
      access-control-allow-origin: ['*']
      connection: [keep-alive]
      content-encoding: [UTF-8]
      content-length: ['1374']
      content-type: [application/json;charset=UTF-8]
      date: ['Tue, 11 Jul 2017 17:23:42 GMT']
      server: [Apache, Weblogic 12.2.1.1]
      strict-transport-security: [max-age=604800 ; includeSubDomains]
      x-content-type-options: [nosniff]
      x-frame-options: [SAMEORIGIN]
      x-permitted-cross-domain-policies: [none]
      x-xss-protection: [1; mode=block]
    status: {code: 200, message: OK}
- request:
    body: null
    headers:
      Accept: ['*/*']
      Accept-Encoding: ['gzip, deflate']
      Connection: [keep-alive]
      User-Agent: [python-requests/2.13.0]
    method: GET
    uri: http://idaho.timbr.io/0f6aaf6a-7e8a-49f8-8b09-d209dd95f310.json
  response:
    body: {string: !!python/unicode '{"geometry": {"type": "Polygon", "coordinates":
        [[[-85.82972943, 9.96686083], [-85.82972943, 10.11590445], [-85.68499042,
        10.11590445], [-85.68499042, 9.96686083], [-85.82972943, 9.96686083]]]}, "properties":
        {"bandid": "P", "latlonhae": [10.0969036, -85.82958424, 8.0], "mean_sun_el":
        59.3, "center": {"type": "Point", "coordinates": [-85.757359925, 10.041382639999998]},
        "catid": "104001002838EC00", "cloud_cover": 0.0, "tdilevel": [48.0], "img_datetime_obj_utc":
        {"$date": 1486485916583}, "warp": {"yStep": 100, "xStep": 100, "numXCells":
        432, "yStart": 0, "targetGeoTransform": {"translateX": -85.82972943, "translateY":
        10.11590445, "scaleX": 3.386633129716134e-06, "scaleY": -3.386633129716134e-06,
        "shearY": 0.0, "shearX": 0.0, "spatialReferenceSystemCode": "EPSG:4326"},
        "xStart": 0, "numYCells": 441}, "rrds": {"reducedResolutionDataset": [{"targetImage":
        "565c413e-e0e2-4aab-be36-a7945c345d8e", "sourceImage": "0f6aaf6a-7e8a-49f8-8b09-d209dd95f310",
        "inverseScaleFactor": 2.0}, {"targetImage": "5582ddf2-97ce-457d-b317-0a87cf92621a",
        "sourceImage": "565c413e-e0e2-4aab-be36-a7945c345d8e", "inverseScaleFactor":
        2.0}, {"targetImage": "8fac20b3-ae93-4b2b-919f-598130b037fd", "sourceImage":
        "5582ddf2-97ce-457d-b317-0a87cf92621a", "inverseScaleFactor": 2.0}, {"targetImage":
        "d651f510-c278-4771-a3d5-e33a83366f7f", "sourceImage": "8fac20b3-ae93-4b2b-919f-598130b037fd",
        "inverseScaleFactor": 2.0}, {"targetImage": "0ab5eae1-5424-41c2-ab91-38c4b9393dc6",
        "sourceImage": "d651f510-c278-4771-a3d5-e33a83366f7f", "inverseScaleFactor":
        2.0}]}, "effbandwidth": [0.2896], "abscalfactor": [0.0527336], "bbox": [-85.82972943,
        9.96686083, -85.68499042, 10.11590445], "band_centers": [649.36], "satid":
        "WV03", "band_names": ["P"], "off_nadir": 26.8, "image": {"satAzimuth": 224.3,
        "sunAzimuth": 144.4, "cloudCover": 0.0, "imageId": "0f6aaf6a-7e8a-49f8-8b09-d209dd95f310",
        "nativeTileFileFormat": "PNG", "numXTiles": 42, "imageWidth": 42500, "tileYSize":
        1024, "sensorName": "Panchromatic", "vendorDatasetIdentifier": "LV1B:056165420010_01_P010:104001002838EC00:A01001025E725E00",
        "version": "1.0", "numBands": 1, "imageHeight": 38412, "offNadirAngle": 26.8,
        "vendorName": "DigitalGlobe, Inc.", "imageBoundsWGS84": "POLYGON ((-85.82958424
        10.0969036, -85.68499042 10.11590445, -85.6836112 9.98719598, -85.82972943
        9.96686083, -85.82958424 10.0969036))", "sunElevation": 59.3, "acquisitionDate":
        "2017-02-07T16:45:16.583Z", "dataType": "UNSIGNED_SHORT", "tileYOffset": 0,
        "tileXSize": 1024, "colorInterpretation": "PAN", "profileName": "dg_1b", "tilePartition":
        "0000", "groundSampleDistanceMeters": 0.377, "tileBucketName": "idaho-images",
        "tileXOffset": 0, "pniirs": 5.4, "satElevation": 60.3, "sensorPlatformName":
        "WV03", "numYTiles": 38}, "product_level": "LV1B"}, "_acquisitionDate": {"$date":
        1486485916583}, "_id": {"$oid": "58fe52e69db347af059f6076"}, "type": "Feature",
        "id": "0f6aaf6a-7e8a-49f8-8b09-d209dd95f310"}'}
    headers:
      content-type: [application/json]
      date: ['Tue, 11 Jul 2017 17:23:42 GMT']
      server: [TwistedWeb/16.4.1]
    status: {code: 200, message: OK}
- request:
    body: !!python/unicode '{"edges": [{"destination": "7a5a0abf-a5d6-5730-b4f2-916eca502054",
      "id": "558741e4-8074-513c-9454-a7b49621dcae", "index": 1, "source": "102f03f9-8250-558f-838b-2d628944b9af"},
      {"destination": "102f03f9-8250-558f-838b-2d628944b9af", "id": "5267886f-e92e-52ca-847d-587c64072e06",
      "index": 1, "source": "d6fd2fcf-e4c6-50a3-87a1-5a3a02764029"}, {"destination":
      "d6fd2fcf-e4c6-50a3-87a1-5a3a02764029", "id": "5a0936fe-24ea-536f-8661-d0a2074ef5d5",
      "index": 1, "source": "430f1b52-5203-5a2d-8eec-5f8a58454fef"}, {"destination":
      "430f1b52-5203-5a2d-8eec-5f8a58454fef", "id": "5dc99038-6e29-573a-8bc9-cf0c96170b18",
      "index": 1, "source": "2c4be0c5-ae0e-5a20-bf0e-06403aa9a6a1"}, {"destination":
      "2c4be0c5-ae0e-5a20-bf0e-06403aa9a6a1", "id": "7525ec10-a0e0-59f2-b714-6786873ff2ca",
      "index": 1, "source": "62088764-6eb6-59c8-9560-19527a5c01b0"}, {"destination":
      "2c4be0c5-ae0e-5a20-bf0e-06403aa9a6a1", "id": "7d7c967a-682a-5cdf-a0a0-1a00e4eadd1e",
      "index": 2, "source": "d1f5aaff-0727-552b-8f3d-5984c4380590"}, {"destination":
      "2c4be0c5-ae0e-5a20-bf0e-06403aa9a6a1", "id": "ba2a46bd-4926-5f73-8f7a-4569f27c4dd0",
      "index": 3, "source": "07b6a957-23b9-56bc-9922-877f52250921"}, {"destination":
      "2c4be0c5-ae0e-5a20-bf0e-06403aa9a6a1", "id": "46a5554b-00db-5c31-9469-03d2b2126d8c",
      "index": 4, "source": "17ff5db4-ea1d-5250-ba2a-72670eff5ffd"}, {"destination":
      "2c4be0c5-ae0e-5a20-bf0e-06403aa9a6a1", "id": "ae23a43b-a5fe-5568-acbc-ff962ae1635b",
      "index": 5, "source": "0a94d632-ecfd-5a41-b8b6-d5a557f5801a"}, {"destination":
      "2c4be0c5-ae0e-5a20-bf0e-06403aa9a6a1", "id": "e819fe6a-0524-5129-b714-0f158fbbfc3d",
      "index": 6, "source": "cbadad09-e2e0-541d-92ef-6e645e2ecf4e"}, {"destination":
      "2c4be0c5-ae0e-5a20-bf0e-06403aa9a6a1", "id": "fef12ca9-034d-5e14-8466-54771bd6b6f5",
      "index": 7, "source": "95be98c4-803e-5adf-8a2f-47053ccf0e6a"}, {"destination":
      "2c4be0c5-ae0e-5a20-bf0e-06403aa9a6a1", "id": "f9c69725-43f9-50cb-bf1c-4fff1c6de7e4",
      "index": 8, "source": "86aae4b5-6fb4-5305-8037-183d049df981"}, {"destination":
      "2c4be0c5-ae0e-5a20-bf0e-06403aa9a6a1", "id": "cbb6edce-23fc-578e-bc66-3a114bbfd78f",
      "index": 9, "source": "b6cd9afc-1088-581c-9670-178987ade086"}, {"destination":
      "2c4be0c5-ae0e-5a20-bf0e-06403aa9a6a1", "id": "037b12be-61e7-5761-a787-c0a1742fa255",
      "index": 10, "source": "159d8394-8718-50cb-8198-f0570403af3e"}], "nodes": [{"id":
      "7a5a0abf-a5d6-5730-b4f2-916eca502054", "operator": "MultiplyConst", "parameters":
      {"constants": "[0.0022575551805495498]"}}, {"id": "102f03f9-8250-558f-838b-2d628944b9af",
      "operator": "AddConst", "parameters": {"constants": "[-1.7]"}}, {"id": "d6fd2fcf-e4c6-50a3-87a1-5a3a02764029",
      "operator": "MultiplyConst", "parameters": {"constants": "[0.16807014088397787]"}},
      {"id": "430f1b52-5203-5a2d-8eec-5f8a58454fef", "operator": "Format", "parameters":
      {"dataType": "4"}}, {"id": "2c4be0c5-ae0e-5a20-bf0e-06403aa9a6a1", "operator":
      "GeospatialMosaic", "parameters": {"Dest SRS Code": "EPSG:4326"}}, {"id": "62088764-6eb6-59c8-9560-19527a5c01b0",
      "operator": "IdahoRead", "parameters": {"bucketName": "idaho-images", "imageId":
      "0f6aaf6a-7e8a-49f8-8b09-d209dd95f310", "objectStore": "S3"}}, {"id": "d1f5aaff-0727-552b-8f3d-5984c4380590",
      "operator": "IdahoRead", "parameters": {"bucketName": "idaho-images", "imageId":
      "296cd243-7cda-4e9b-8d94-d2905faeb946", "objectStore": "S3"}}, {"id": "07b6a957-23b9-56bc-9922-877f52250921",
      "operator": "IdahoRead", "parameters": {"bucketName": "idaho-images", "imageId":
      "484c6ce3-8f8d-456d-b41d-feba27c810ba", "objectStore": "S3"}}, {"id": "17ff5db4-ea1d-5250-ba2a-72670eff5ffd",
      "operator": "IdahoRead", "parameters": {"bucketName": "idaho-images", "imageId":
      "511d78f1-c0b1-4d64-b52b-631bd884edbf", "objectStore": "S3"}}, {"id": "0a94d632-ecfd-5a41-b8b6-d5a557f5801a",
      "operator": "IdahoRead", "parameters": {"bucketName": "idaho-images", "imageId":
      "579a8eaf-7982-4d02-b4b9-397f905cb475", "objectStore": "S3"}}, {"id": "cbadad09-e2e0-541d-92ef-6e645e2ecf4e",
      "operator": "IdahoRead", "parameters": {"bucketName": "idaho-images", "imageId":
      "6d3ee386-5c57-4c36-9b31-f781443c4570", "objectStore": "S3"}}, {"id": "95be98c4-803e-5adf-8a2f-47053ccf0e6a",
      "operator": "IdahoRead", "parameters": {"bucketName": "idaho-images", "imageId":
      "745b3511-a9e1-4822-b723-be2c8486d1a5", "objectStore": "S3"}}, {"id": "86aae4b5-6fb4-5305-8037-183d049df981",
      "operator": "IdahoRead", "parameters": {"bucketName": "idaho-images", "imageId":
      "84211807-fa6c-421e-baac-483cc9556793", "objectStore": "S3"}}, {"id": "b6cd9afc-1088-581c-9670-178987ade086",
      "operator": "IdahoRead", "parameters": {"bucketName": "idaho-images", "imageId":
      "8a137140-6e20-41ad-bb56-7bdfe96573b9", "objectStore": "S3"}}, {"id": "159d8394-8718-50cb-8198-f0570403af3e",
      "operator": "IdahoRead", "parameters": {"bucketName": "idaho-images", "imageId":
      "c5aa6848-fe61-4105-bdb3-8339db05d5b2", "objectStore": "S3"}}]}'
    headers:
      Accept: ['*/*']
      Accept-Encoding: ['gzip, deflate']
      Connection: [keep-alive]
      Content-Length: ['4847']
      Content-Type: [application/json]
      User-Agent: [python-requests/2.13.0]
    method: POST
    uri: https://idahoapi.geobigdata.io/v1/graph
  response:
    body: {string: !!python/unicode d1dd3935b1869b7059234c9afe4da880f3d1d73dc2f5be23387ef0a4e5640fe4}
    headers:
      access-control-allow-headers: ['x-requested-with, X-Auth-Token, Content-Type,
          Authorization']
      access-control-allow-methods: ['GET, OPTIONS, HEAD, PUT, POST, DELETE']
      access-control-allow-origin: ['*']
      access-control-max-age: ['3600']
      connection: [keep-alive]
      content-length: ['64']
      content-type: [text/plain]
      date: ['Tue, 11 Jul 2017 17:23:43 GMT']
    status: {code: 200, message: OK}
- request:
    body: null
    headers:
      Accept: ['*/*']
      Accept-Encoding: ['gzip, deflate']
      Connection: [keep-alive]
      User-Agent: [python-requests/2.13.0]
    method: GET
    uri: https://idahoapi.geobigdata.io/v1/metadata/d1dd3935b1869b7059234c9afe4da880f3d1d73dc2f5be23387ef0a4e5640fe4/7a5a0abf-a5d6-5730-b4f2-916eca502054/metadata.json
  response:
    body: {string: !!python/unicode '{"imageMetadata":{"imageId":"0f6aaf6a-7e8a-49f8-8b09-d209dd95f310","version":"1.0","profileName":"dg_1b","tilePartition":"0000","tileXOffset":0,"tileYOffset":0,"numXTiles":170,"numYTiles":1243,"tileXSize":256,"tileYSize":256,"numBands":1,"dataType":"FLOAT","imageHeight":317960,"imageWidth":43512,"sensorPlatformName":"WV03","sensorName":"Panchromatic","vendorName":"DigitalGlobe,
        Inc.","vendorDatasetIdentifier":"LV1B:056165420010_01_P010:104001002838EC00:A01001025E725E00","acquisitionDate":"2017-02-07T16:45:16.583Z","colorInterpretation":"PAN","imageBoundsWGS84":"POLYGON
        ((-85.82979631 11.03402185, -85.68360974873518 11.03402185, -85.68360974873518
        9.965776790711462, -85.82979631 9.965776790711462, -85.82979631 11.03402185))","groundSampleDistanceMeters":0.377,"minX":0,"minY":0,"maxX":43511,"maxY":317959,"minTileX":0,"minTileY":0,"maxTileX":169,"maxTileY":1242,"sunAzimuth":144.4,"sunElevation":59.3,"satAzimuth":224.3,"satElevation":60.3,"cloudCover":0.0,"offNadirAngle":26.8,"pniirs":5.4},"imageGeoreferencing":{"spatialReferenceSystemCode":"EPSG:4326","scaleX":3.359683794466403E-6,"scaleY":-3.359683794466403E-6,"translateX":-85.82979631,"translateY":11.03402185,"shearX":0.0,"shearY":0.0},"rpcSensorModel":{"spatialReferenceSystem":"EPSG:4326","upperLeftCorner":{"x":-85.82958424,"y":10.0969036},"upperRightCorner":{"x":-85.68499042,"y":10.11590445},"lowerRightCorner":{"x":-85.6836112,"y":9.98719598},"lowerLeftCorner":{"x":-85.82972943,"y":9.96686083},"gsd":3.386633129716134E-6,"postScaleFactorX":1.0,"postScaleFactorY":1.0,"lineOffset":19205.0,"sampleOffset":21249.0,"latOffset":10.0412,"lonOffset":-85.7574,"heightOffset":220.0,"lineScale":19206.0,"sampleScale":21250.0,"latScale":0.077,"lonScale":0.0749,"heightScale":501.0,"lineNumCoefs":[7.349162E-4,0.1604375,-1.184912,-0.02453921,-8.691045E-5,4.366244E-6,-6.335279E-5,1.46145E-4,-3.052356E-4,6.181367E-7,-1.119265E-6,-2.853775E-6,-2.152556E-5,-3.766718E-6,2.212322E-5,9.013712E-5,2.769856E-5,5.469549E-7,2.828603E-6,5.752207E-7],"lineDenCoefs":[1.0,-2.446012E-4,5.461321E-4,-5.751175E-5,-3.354968E-5,-1.9798E-7,5.412017E-6,-1.459392E-5,7.797672E-5,-2.329336E-5,1.868481E-6,2.697995E-7,4.436038E-5,2.758123E-8,-5.935921E-6,-1.110495E-4,-1.534338E-7,-1.231053E-7,-7.00948E-6,0.0],"sampleNumCoefs":[0.004888492,1.026257,-5.580045E-5,0.02499662,5.729461E-4,3.035744E-4,-1.518368E-4,-0.005062962,3.157461E-4,4.060568E-6,4.132045E-7,1.594681E-5,-4.379603E-8,2.284483E-7,1.443681E-5,-1.628046E-5,-1.308134E-7,-3.048507E-6,-1.335703E-6,0.0],"sampleDenCoefs":[1.0,1.716124E-4,-5.826156E-4,-4.338506E-4,-1.291269E-5,1.835628E-6,-2.262055E-6,4.536613E-6,1.645329E-6,0.0,-3.934008E-8,1.876553E-8,-4.000717E-7,0.0,2.612328E-7,6.623141E-7,0.0,-1.87952E-8,5.060107E-8,0.0]},"histogram":{"histograms":{"0":[0,1632,32,52,55,39,57,45,52,61,49,68,80,69,64,73,63,91,77,75,77,79,77,74,117,119,133,132,143,131,138,132,170,159,180,197,224,229,226,281,262,282,318,316,326,368,367,403,424,456,465,517,583,643,638,727,805,819,916,966,1030,1174,1153,1261,1453,1564,1724,1911,2004,2222,2459,2702,2955,3336,3692,4101,4465,5063,5646,6328,6983,7969,8980,10503,11674,13659,15439,18068,20792,24340,29624,35868,44453,56717,74922,103844,151701,228646,356586,565432,906533,1433799,2244711,3422909,5089737,7370213,10427916,14426698,19567850,25901391,33351168,41565927,49880801,57454658,63338653,66804181,67546141,65600943,61383022,55491870,48573231,41268760,34189882,27751387,22196418,17622269,13955663,11046337,8778930,7022544,5678543,4659486,3881769,3287918,2839327,2494063,2226659,2022515,1858898,1731895,1628810,1552015,1490083,1438051,1399880,1371457,1354670,1340782,1334485,1331305,1335193,1340709,1348193,1359385,1372512,1389275,1408591,1428264,1449529,1471491,1493268,1518653,1546353,1573658,1603116,1630257,1659002,1688586,1723538,1750279,1783646,1813753,1846301,1877144,1909191,1942073,1974313,2005139,2040231,2075990,2104238,2144344,2175378,2208154,2245144,2280209,2315991,2353960,2389318,2426115,2459815,2497524,2537170,2571884,2612789,2652329,2688597,2727914,2770049,2807116,2847731,2885374,2927719,2971567,3006362,3048454,3089075,3129442,3166997,3208602,3245549,3289158,3330374,3368614,3410655,3449917,3486784,3530769,3570232,3607192,3647375,3688752,3725640,3768475,3803333,3845812,3883328,3921040,3959727,3999735,4034425,4072324,4113427,4146834,4182334,4217936,4254725,4288354,4320630,4353918,4386818,4414927,4448333,4479900,4506011,4533765,4562221,4589193,4614409,4635077,4659045,4684363,4700964,4717313,4735598,4754520,4770151,4774723,4790710,4799733,4810451,4816891,4821306,4821597,4825752,4828461,4827556,4827225,4813987,4810580,4804046,4795845,4778188,4766378,4757438,4737970,4713523,4695232,4676315,4651567,4627600,4601655,4572991,4545682,4509648,4475513,4446068,4405419,4371715,4329931,4292569,4251782,4206008,4167432,4120061,4079092,4025371,3981736,3930668,3886012,3835497,3781211,3728816,3681202,3623994,3576174,3523178,3470182,3411173,3355988,3299821,3245649,3192266,3133764,3081023,3023136,2965979,2912565,2855963,2802763,2748306,2691987,2639441,2583348,2529221,2476447,2426914,2368747,2318494,2268923,2217835,2167537,2115005,2065927,2020664,1970626,1926135,1879710,1834642,1789619,1744682,1702720,1658211,1619252,1579312,1537606,1500687,1463250,1425033,1388279,1354752,1317763,1286121,1252723,1223319,1188426,1158593,1128275,1098902,1072684,1042065,1014345,990106,963525,938349,914269,890550,867261,843376,821242,801362,779787,758974,737370,720196,700220,682239,662127,646880,630226,611929,595789,580952,564125,549735,536101,520839,508549,493215,480012,467418,455694,443940,432262,420366,409219,398037,389215,378869,368739,359578,349288,340941,330566,321370,314473,306602,298381,290615,283462,276914,269521,262690,255911,249430,243493,236983,231361,226664,220096,214216,209715,204344,199234,193216,190627,185072,180605,176843,172238,167969,164692,160561,156727,153546,149239,145930,142998,139748,136500,133586,130681,127712,125038,122650,120107,117099,114584,112823,110761,108377,106630,104096,101671,99564,98529,96206,93712,92289,90896,88936,86874,85561,84252,82732,81690,80377,78248,77387,75660,74737,73069,71806,71191,70006,68576,67632,66228,64763,64079,63500,62352,60512,60279,58978,57917,57106,55816,55545,54401,53588,52733,52026,50819,49988,49132,48484,47913,47181,46375,45729,44465,44068,43234,42508,41315,40925,40151,39487,38872,38348,37381,36883,36290,35652,34910,34321,33687,32786,32012,31685,30995,30679,30073,29620,29049,28660,28000,27359,26934,26337,25910,25526,24698,24391,24036,23698,23235,22687,22554,22066,21624,21146,20996,20544,20166,19830,19471,19146,18713,18658,18059,17841,17549,17145,17058,16872,16519,16187,15680,15814,15481,15168,14765,14876,14234,14468,14002,14006,13797,13491,13280,13070,12946,12825,12666,12414,12216,11987,11688,11797,11660,11239,11252,11162,11017,10910,10808,10745,10581,10310,10165,10070,10014,10026,9856,9756,9721,9372,9259,9255,9260,9199,9018,8974,8706,8780,8618,8576,8527,8439,8500,8284,8129,8391,8086,8090,8058,7880,7849,7781,7727,7821,7541,7766,7671,7485,7485,7252,7333,7057,7291,7208,7048,6983,6980,7021,6833,6699,6919,6760,6532,6623,6546,6548,6370,6558,6303,6377,6125,6413,6302,6025,5932,5901,5952,5895,5766,5869,5646,5755,5597,5456,5606,5442,5326,5386,5300,5354,5305,5313,5268,5121,5058,5171,4978,5083,4895,4887,4781,4805,4732,4790,4758,4687,4699,4697,4703,4716,4626,4551,4440,4501,4409,4431,4448,4396,4352,4416,4312,4293,4337,4283,4352,4238,4211,4122,4055,4219,4117,4169,4106,4124,4077,4097,3948,4060,3934,4058,3839,3923,3891,3919,4014,3910,3871,3759,3840,3825,3747,3786,3855,3795,3836,3747,3732,3738,3699,3601,3829,3637,3642,3584,3767,3578,3589,3615,3666,3548,3577,3526,3635,3488,3551,3410,3539,3499,3399,3439,3508,3421,3358,3415,3352,3453,3392,3439,3317,3353,3236,3272,3277,3253,3150,3208,3265,3153,3098,3320,3061,3039,3124,3051,3015,3004,3062,2957,3012,3016,2959,2864,2930,2881,2954,2804,2832,2799,2791,2759,2829,2748,2838,2666,2858,2773,2613,2565,2661,2673,2537,2620,2664,2561,2647,2536,2629,2570,2640,2474,2449,2525,2491,2459,2487,2453,2446,2342,2459,2385,2421,2473,2415,2375,2268,2322,2295,2386,2350,2369,2293,2339,2261,2313,2292,2311,2242,2147,2169,2235,2201,2281,2214,2167,2127,2139,2082,2309,2134,2162,2150,2047,2066,2117,2046,2086,2019,1981,2058,2123,2044,2090,2047,1966,1982,2068,1984,1927,2024,1951,2007,1953,2037,1948,1886,1922,2037,1884,1960,2025,1991,2031,1973,1909,1934,1981,1895,1845,1898,1898,1905,1914,1982,1843,1964,1835,1837,1905,1966,1875,1904,1845,1861,1799,1807,1822,1867,1804,1872,1770,1777,1783,1724,1796,1823,1691,1771,1724,1797,1735,1833,1759,1688,1665,1664,1731,1696,1660,1652,1721,1688,1687,1648,1665,1644,1670,1614,1653,1678,1681,1583,1601,1605,1591,1554,1478,1548,1542,1594,1548,1535,1622,1564,1520,1593,1542,1522,1490,1555,1483,1541,1455,1503,1461,1445,1408,1502,1444,1350,1441,1415,1475,1478,1388,1367,1454,1460,1458,1413,1339,1334,1348,1408,1373,1391,1373,1373,1314,1314,1309,1321,1328,1357,1312,1293,1277,1323,1334,1247,1266,1284,1271,1331,1293,1275,1229,1333,1222,1283,1308,1250,1222,1267,1262,1274,1212,1191,1259,1292,1272,1212,1271,1155,1168,1228,1138,1152,1256,1237,1210,1212,1183,1243,1160,1170,1201,1182,1167,1152,1243,1164,1133,1238,1184,1177,1168,1143,1167,1122,1157,1165,1188,1134,1137,1216,1180,1109,1148,1110,1157,1163,1220,1145,1115,1138,1090,1147,1116,1161,1156,1185,1137,1125,1115,1111,1058,1162,1143,1151,1136,1104,1112,1164,1103,1149,1102,1118,1186,1130,1108,1110,1140,1124,1139,1110,1076,1097,1067,1159,1095,1098,1062,1127,1145,1079,1080,1093,1071,1037,1043,1086,1079,1076,1020,1042,1041,1062,980,1053,1004,983,943,944,977,971,978,1014,987,933,957,1000,951,926,958,966,839,953,939,867,915,937,833,886,887,935,892,892,867,895,830,878,888,790,795,848,806,817,828,818,788,821,857,802,767,760,736,769,764,807,799,770,781,806,745,756,745,720,716,703,725,721,707,694,741,682,695,668,678,699,713,672,640,700,644,680,633,648,649,618,638,635,608,601,610,647,626,593,638,617,625,579,594,573,558,597,587,561,608,592,554,594,553,570,557,594,516,535,533,487,542,576,535,499,541,561,539,505,531,534,509,499,493,502,511,494,501,475,468,521,475,490,508,494,491,488,483,437,509,464,494,428,456,491,415,446,440,487,466,434,450,435,451,460,432,413,383,436,379,369,419,396,412,383,406,388,410,374,420,379,400,352,400,367,380,357,348,402,406,326,346,354,339,350,357,343,358,355,337,351,341,341,327,331,310,357,322,271,282,319,308,291,287,288,323,301,289,300,300,295,274,293,275,290,286,291,289,244,268,292,275,234,251,249,242,240,245,237,250,245,238,246,244,250,226,237,220,237,210,231,262,224,226,198,195,222,203,211,228,214,211,206,208,189,195,157,180,208,204,186,192,190,191,152,185,220,183,157,177,184,179,148,202,183,173,138,164,194,169,172,171,191,177,158,168,158,161,162,169,179,151,150,163,167,154,142,181,151,138,155,148,175,167,157,133,133,139,172,136,154,142,138,130,169,120,136,157,138,137,148,144,144,138,135,134,132,129,147,132,141,132,123,133,125,127,141,116,148,125,118,111,123,123,113,140,141,117,124,139,137,114,122,120,106,114,118,115,120,107,135,90,98,101,109,93,106,107,105,98,113,103,108,106,98,114,115,97,112,79,97,87,93,94,102,88,104,113,85,83,73,94,83,82,92,71,69,79,105,62,80,80,90,64,71,70,64,63,74,76,56,65,63,69,69,54,64,49,64,64,56,64,54,61,61,37,45,52,53,42,38,53,55,55,46,59,33,49,38,44,49,45,39,43,34,48,33,44,52,34,43,46,35,31,36,40,36,37,48,36,37,33,25,46,34,41,43,29,26,34,23,32,25,37,33,30,32,38,21,32,37,43,33,28,36,18,31,31,20,33,25,29,24,22,26,25,29,22,21,24,14,24,25,27,21,16,28,26,18,14,22,21,17,25,20,15,17,18,15,19,16,16,18,24,20,20,10,10,8,13,15,10,13,16,15,11,16,7,10,11,18,12,13,12,7,13,11,9,6,12,13,7,12,8,6,16,8,10,9,10,4,14,9,6,14,9,12,7,8,6,6,9,7,10,5,8,5,7,11,9,3,8,4,6,9,4,8,4,4,4,5,6,3,5,3,9,7,7,13,5,5,6,2,5,5,7,5,2,3,5,2,7,6,3,9,0,5,5,2,4,4,7,6,1,6,8,0,4,4,2,4,3,4,4,3,1,4,2,4,1,4,4,2,5,4,8,9,9,2,3,7,0,3,5,2,6,3,2,3,4,1,3,3,1,3,0,6,3,5,1,2,1,2,2,2,3,5,2,4,2,3,3,0,2,1,3,0,4,2,4,2,2,4,4,2,0,1,1,3,2,3,3,3,1,2,0,4,3,3,2,6,1,0,4,4,1,1,3,2,0,2,2,0,3,2,1,2,3,0,0,1,3,1,1,3,4,6,3,0,5,5,3,3,0,3,2,2,3,6,3,4,5,1,3,3,2,3,2,1,3,3,2,4,3,3,1,2,0,2,5,1,2,2,7,4,4,2,2,2,7,2,7,6,7,4,8,8,14,15,21,19,16,25,9,17,14,15,18,14,9,10,4,7,7,3,4,4,5,1,2,8,8,6,0,5,6,2,6,6,5,1,6,7,7,4,3,7,4,9,3,6,5,2,1,2,1,0,3,5,5,2,5,4,5,1,3,4,1,3,3,4,0,2,3,2,0,1,2,1,2,0,2,1,0,3,1,2,1,2,2,3,1,1,2,1,2,1,2,0,5,2,4,1,2,2,1,1,2,0,2,0,0,1,1,3,3,3,1,1,3,1,0,1,1,1,1,0,1,0,0,0,1,1,1,2,0,4,1,0,0,532,0,0,0,0,0,0,0,0,0,0,0,0,0,0,0,0,0,0,0,0,0,0,0,0,0,0,0,0,0,0,0,0,0,0,0,0,0,0,0,0,0,0,0,0,0,0,0,0,0,0,0,0,0,0,0,0,0,0,0,0,0,0,0,0,0,0,0,0,0,0,0,0,0,0,0,0,0,0,0,0,0,0,0,0,0,0,0,0,0,0,0,0,0,0,0,0,0,0,0,0,0,0,0,0,0,0,0,0,0,0,0,0,0,0,0,0,0,0,0,0,0,0,0,0,0,0,0,0,0,0,0,0,0,0,0,0,0,0,0,0,0,0,0,0,0,0,0,0,0,0,0,0,0,0,0,0,0,0,0,0,0,0,0,0,0,0,0,0,0,0,0,0,0,0,0,0,0,0,0,0,0,0,0,0,0,0,0,0,0,0,0,0,0,0,0,0,0,0,0,0,0,0,0,0,0,0,0,0,0,0,0,0,0,0,0,0,0,0,0,0,0,0,0,0,0,0,0,0,0,0,0,0,0,0,0,0,0,0,0,0,0,0,0,0,0,0,0,0,0,0,0,0,0,0,0,0,0,0,0,0,0,0,0,0,0,0,0,0,0,0,0,0,0,0,0,0,0,0,0,0,0,0,0,0,0,0,0,0,0,0,0,0,0,0,0,0,0,0,0,0,0,0,0,0,0,0,0,0,0,0,0,0,0,0,0,0,0,0,0,0,0,0,0,0,0,0,0,0,0,0,0,0,0,0,0,0,0,0,0,0,0,0,0,0,0,0,0,0,0,0,0,0,0,0,0,0,0,0,0,0,0,0,0,0,0,0,0,0,0,0,0,0,0,0,0,0,0,0,0,0,0,0,0,0,0,0,0,0,0,0,0,0,0,0,0,0,0,0,0,0,0,0,0,0,0,0,0,0,0,0,0,0,0,0,0,0,0,0,0,0,0,0,0,0,0,0,0,0,0,0,0,0,0,0,0,0,0,0,0,0,0,0,0,0,0,0,0,0,0,0,0,0,0,0,0,0,0,0,0,0,0,0,0,0,0,0,0,0,0,0,0,0,0,0,0,0,0,0,0,0,0,0,0,0,0,0,0,0,0,0,0,0,0,0,0,0,0,0,0,0,0,0,0,0,0,0,0,0,0,0,0,0,0,0,0,0,0,0,0,0,0,0,0,0,0,0,0,0,0,0,0,0,0,0,0,0,0,0,0,0,0,0,0,0,0,0,0,0,0,0,0,0,0,0,0,0,0,0,0,0,0,0,0,0,0,0,0,0,0,0,0,0,0,0,0,0,0,0,0,0,0,0,0,0,0,0,0,0,0,0,0,0,0,0,0,0,0,0,0,0,0,0,0,0,0,0,0,0,0,0,0,0,0,0,0,0,0,0,0,0,0,0,0,0,0,0,0,0,0,0,0,0,0,0,0,0,0,0,0,0,0,0,0,0,0,0,0,0,0,0,0,0,0,0,0,0,0,0,0,0,0,0,0,0,0,0,0,0,0,0,0,0,0,0,0,0,0,0,0,0,0,0,0,0,0,0,0,0,0,0,0,0,0,0,0,0,0,0,0,0,0,0,0,0,0,0,0,0,0,0,0,0,0,0,0,0,0,0,0,0,0,0,0,0,0,0,0,0,0,0,0,0,0,0,0,0,0,0,0,0,0,0,0,0,0,0,0,0,0,0,0,0,0,0,0,0,0,0,0,0,0,0,0,0,0,0,0,0,0,0,0,0,0,0,0,0,0,0,0,0,0,0,0,0,0,0,0,0,0,0,0,0,0,0,0,0,0,0,0,0,0,0,0,0,0,0,0,0,0,0,0,0,0,0,0,0,0,0,0,0,0,0,0,0,0,0,0,0,0,0,0,0,0,0,0,0,0,0,0,0,0,0,0,0,0,0,0,0,0,0,0,0,0,0,0,0,0,0,0,0,0,0,0,0,0,0,0,0,0,0,0,0,0,0,0,0,0,0,0,0,0,0,0,0,0,0,0,0,0,0,0,0,0,0,0,0,0,0,0,0,0,0,0,0,0,0,0,0,0,0,0,0,0,0,0,0,0,0,0,0,0,0,0,0,0,0,0,0,0,0,0,0,0,0,0,0,0,0,0,0,0,0,0,0,0,0,0,0,0,0,0,0,0,0,0,0,0,0,0,0,0,0,0,0,0,0,0,0,0,0,0,0,0,0,0,0,0,0,0,0,0,0,0,0,0,0,0,0,0,0,0,0,0,0,0,0,0,0,0,0,0,0,0,0,0,0,0,0,0,0,0,0,0,0,0,0,0,0,0,0,0,0,0,0,0,0,0,0,0,0,0,0,0,0,0,0,0,0,0,0,0,0,0,0,0,0,0,0,0,0,0,0,0,0,0,0,0,0,0,0,0,0,0,0,0,0,0,0,0,0,0,0,0,0,0,0,0,0,0,0,0,0,0,0,0,0,0,0,0,0,0,0,0,0,0,0,0,0,0,0,0,0,0,0,0,0,0,0,0,0,0,0,0,0,0,0,0,0,0,0,0,0,0,0,0,0,0,0,0,0,0,0,0,0,0,0,0,0,0,0,0,0,0,0,0,0,0,0,0,0,0,0,0,0,0,0,0,0,0,0,0,0,0,0,0,0,0,0,0,0,0,0,0,0,0,0,0,0,0,0,0,0,0,0,0,0,0,0,0,0,0,0,0,0,0,0,0,0,0,0,0,0,0,0,0,0,0,0,0,0,0,0,0,0,0,0,0,0,0,0,0,0,0,0,0,0,0,0,0,0,0,0,0,0,0,0,0,0,0,0,0,0,0,0,0,0,0,0,0,0,0,0,0,0,0,0,0,0,0,0,0,0,0,0,0,0,0,0,0,0,0,0,0,0,0,0,0,0,0,0,0,0,0,0,0,0,0,0,0,0,0,0,0,0,0,0,0,0,0,0,0,0,0,0,0,0,0,0,0,0,0,0,0,0,0,0,0,0,0,0,0,0,0,0,0,0,0,0,0,0,0,0,0,0,0,0,0,0,0,0,0,0,0,0,0,0,0,0,0,0,0,0,0,0,0,0,0,0,0,0,0,0,0,0,0,0,0,0,0,0,0,0,0,0,0,0,0,0,0,0,0,0,0,0,0,0,0,0,0,0,0,0,0,0,0,0,0,0,0,0,0,0,0,0,0,0,0,0,0,0,0,0,0,0,0,0,0,0,0,0,0,0,0,0,0,0,0,0,0,0,0,0,0,0,0,0,0,0,0,0,0,0,0,0,0,0,0,0,0,0,0,0,0,0,0,0,0,0,0,0,0,0,0,0,0,0,0,0,0,0,0,0,0,0,0,0,0,0,0,0,0,0,0,0,0,0,0,0,0,0,0,0,0,0,0,0,0,0,0,0,0,0,0,0,0,0,0,0,0,0,0,0,0,0,0,0,0,0,0,0,0,0,0,0,0,0,0,0,0,0,0,0,0,0,0,0,0,0,0,0,0,0,0,0,0,0,0,0,0,0,0,0,0,0,0,0,0,0,0,0,0,0,0,0,0,0,0,0,0,0,0,0,0,0,0,0,0,0,0,0,0,0,0,0,0,0,0,0,0,0,0,0,0,0,0,0,0,0,0,0,0,0,0,0,0,0,0,0,0,0,0,0,0,0,0,0,0,0,0,0,0,0,0,0,0,0,0,0,0,0,0,0,0,0,0,0,0,0,0,0,0,0,0,0,0,0,0,0,0,0,0,0,0,0,0,0,0,0,0,0,0,0,0,0,0,0,0,0,0,0,0,0,0,0,0,0,0,0,0,0,0,0,0,0,0,0,0,0,0,0,0,0,0,0,0,0,0,0,0,0,0,0,0,0,0,0,0,0,0,0,0,0,0,0,0,0,0,0,0,0,0,0,0,0,0,0,0,0,0,0,0,0,0,0,0,0,0,0,0,0,0,0,0,0,0,0,0,0,0,0,0,0,0,0,0,0,0,0,0,0,0,0,0,0,0,0,0,0,0,0,0,0,0,0,0,0,0,0,0,0,0,0,0,0,0,0,0,0,0,0,0,0,0,0,0,0,0,0,0,0,0,0,0,0,0,0,0,0,0,0,0,0,0,0,0,0,0,0,0,0,0,0,0,0,0,0,0,0,0,0,0,0,0,0,0,0,0,0,0,0,0,0,0,0,0,0,0,0,0,0,0,0,0,0,0,0,0,0,0,0,0,0,0,0,0,0,0,0,0,0,0,0,0,0,0,0,0,0,0,0,0,0,0,0,0,0,0,0,0,0,0,0,0,0,0,0,0,0,0,0,0,0,0,0,0,0,0,0,0,0,0,0,0,0,0,0,0,0,0,0,0,0,0,0,0,0,0,0,0,0,0,0,0,0,0,0,0,0,0,0,0,0,0,0,0,0,0,0,0,0,0,0,0,0,0,0,0,0,0,0,0,0,0,0,0,0,0,0,0,0,0,0,0,0,0,0,0,0,0,0,0,0,0,0,0,0,0,0,0,0,0,0,0,0,0,0,0,0,0,0,0,0,0,0,0,0,0,0,0,0,0,0,0,0,0,0,0,0,0,0,0,0,0,0,0,0,0,0,0,0,0,0,0,0,0,0,0,0,0,0,0,0,0,0,0,0,0,0,0,0,0,0,0,0,0,0,0,0,0,0,0,0,0,0,0,0,0,0,0,0,0,0,0,0,0,0,0,0,0,0,0,0,0,0,0,0,0,0,0,0,0,0,0,0,0,0,0,0,0,0,0,0,0,0,0,0,0,0,0,0,0,0,0,0,0,0,0,0,0,0,0,0,0,0,0,0,0,0,0,0,0,0,0,0,0,0,0,0,0,0,0,0,0,0,0,0,0,0,0,0,0,0,0,0,0,0,0,0,0,0,0,0,0,0,0,0,0,0,0,0,0,0,0,0,0,0,0,0,0,0,0,0,0,0,0,0,0,0,0,0,0,0,0,0,0,0,0,0,0,0,0,0,0,0,0,0,0,0,0,0,0,0,0,0,0,0,0,0,0,0,0,0,0,0,0,0,0,0,0,0,0,0,0,0,0,0,0,0,0,0,0,0,0,0,0,0,0,0,0,0,0,0,0,0,0,0,0,0,0,0,0,0,0,0,0,0,0,0,0,0,0,0,0,0,0,0,0,0,0,0,0,0,0,0,0,0,0,0,0,0,0,0,0,0,0,0,0,0,0,0,0,0,0,0,0,0,0,0,0,0,0,0,0,0,0,0,0,0,0,0,0,0,0,0,0,0,0,0,0,0,0,0,0,0,0,0,0,0,0,0,0,0,0,0,0,0,0,0,0,0,0,0,0,0,0,0,0,0,0,0,0,0,0,0,0,0,0,0,0,0,0,0,0,0,0,0,0,0,0,0,0,0,0,0,0,0,0,0,0,0,0,0,0,0,0,0,0,0,0,0,0,0,0,0,0,0,0,0,0,0,0,0,0,0,0,0,0,0,0,0,0,0,0,0,0,0,0,0,0,0,0,0,0,0,0,0,0,0,0,0,0,0,0,0,0,0,0,0,0,0,0,0,0,0,0,0,0,0,0,0,0,0,0,0,0,0,0,0,0,0,0,0,0,0,0,0,0,0,0,0,0,0,0,0,0,0,0,0,0,0,0,0,0,0,0,0,0,0,0,0,0,0,0,0,0,0,0,0,0,0,0,0,0,0,0,0,0,0,0,0,0,0,0,0,0,0,0,0,0,0,0,0,0,0,0,0,0,0,0,0,0,0,0,0,0,0,0,0,0,0,0,0,0,0,0,0,0,0,0,0,0,0,0,0,0,0,0,0,0,0,0,0,0,0,0,0,0,0,0,0,0,0,0,0,0,0,0,0,0,0,0,0,0,0,0,0,0,0,0,0,0,0,0,0,0,0,0,0,0,0,0,0,0,0,0,0,0,0,0,0,0,0,0,0,0,0,0,0,0,0,0,0,0,0,0,0,0,0,0,0,0,0,0,0,0,0,0,0,0,0,0,0,0,0,0,0,0,0,0,0,0,0,0,0,0,0,0,0,0,0,0,0,0,0,0,0,0,0,0,0,0,0,0,0,0,0,0,0,0,0,0,0,0,0,0,0,0,0,0,0,0,0,0,0,0,0,0,0,0,0,0,0,0,0,0,0,0,0,0,0,0,0,0,0,0,0,0,0,0,0,0,0,0,0,0,0,0,0,0,0,0,0,0,0,0,0,0,0,0,0,0,0,0,0,0,0,0,0,0,0,0,0,0,0,0,0,0,0,0,0,0,0,0,0,0,0,0,0,0,0,0,0,0,0,0,0,0,0,0,0,0,0,0,0,0,0,0,0,0,0,0,0,0,0,0,0,0,0,0,0,0,0,0,0,0,0,0,0,0,0,0,0,0,0,0,0,0,0,0,0,0,0,0,0,0,0,0,0,0,0,0,0,0,0,0,0,0,0,0,0,0,0,0,0,0,0,0,0,0,0,0,0,0,0,0,0,0,0,0,0,0,0,0,0,0,0,0,0,0,0,0,0,0,0,0,0,0,0,0,0,0,0,0,0,0,0,0,0,0,0,0,0,0,0,0,0,0,0,0,0,0,0,0,0,0,0,0,0,0,0,0,0,0,0,0,0,0,0,0,0,0,0,0,0,0,0,0,0,0,0,0,0,0,0,0,0,0,0,0,0,0,0,0,0,0,0,0,0,0,0,0,0,0,0,0,0,0,0,0,0,0,0,0,0,0,0,0,0,0,0,0,0,0,0,0,0,0,0,0,0,0,0,0,0,0,0,0,0,0,0,0,0,0,0,0,0,0,0,0,0,0,0,0,0,0,0,0,0,0,0,0,0,0,0,0,0,0,0,0,0,0,0,0,0,0,0,0,0,0,0,0,0,0,0,0,0,0,0,0,0,0,0,0,0,0,0,0,0,0,0,0,0,0,0,0,0,0,0,0,0,0,0,0,0,0,0,0,0,0,0,0,0,0,0,0,0,0,0,0,0,0,0,0,0,0,0,0,0,0,0,0,0,0,0,0,0,0,0,0,0,0,0,0,0,0,0,0,0,0,0,0,0,0,0,0,0,0,0,0,0,0,0,0,0,0,0,0,0,0,0,0,0,0,0,0,0,0,0,0,0,0,0,0,0,0,0,0,0,0,0,0,0,0,0,0,0,0,0,0,0,0,0,0,0,0,0,0,0,0,0,0,0,0,0,0,0,0,0,0,0,0,0,0,0,0,0,0,0,0,0,0,0,0,0,0,0,0,0,0,0,0,0,0,0,0,0,0,0,0,0,0,0,0,0,0,0,0,0,0,0,0,0,0,0,0,0,0,0,0,0,0,0,0,0,0,0,0,0,0,0,0,0,0,0,0,0,0,0,0,0,0,0,0,0,0,0,0,0,0,0,0,0,0,0,0,0,0,0,0,0,0,0,0,0,0,0,0,0,0,0,0,0,0,0,0,0,0,0,0,0,0,0,0,0,0,0,0,0,0,0,0,0,0,0,0,0,0,0,0,0,0,0,0,0,0,0,0,0,0,0,0,0,0,0,0,0,0,0,0,0,0,0,0,0,0,0,0,0,0,0,0,0,0,0,0,0,0,0,0,0,0,0,0,0,0,0,0,0,0,0,0,0,0,0,0,0,0,0,0,0,0,0,0,0,0,0,0,0,0,0,0,0,0,0,0,0,0,0,0,0,0,0,0,0,0,0,0,0,0,0,0,0,0,0,0,0,0,0,0,0,0,0,0,0,0,0,0,0,0,0,0,0,0,0,0,0,0,0,0,0,0,0,0,0,0,0,0,0,0,0,0,0,0,0,0,0,0,0,0,0,0,0,0,0,0,0,0,0,0,0,0,0,0,0,0,0,0,0,0,0,0,0,0,0,0,0,0,0,0,0,0,0,0,0,0,0,0,0,0,0,0,0,0,0,0,0,0,0,0,0,0,0,0,0,0,0,0,0,0,0,0,0,0,0,0,0,0,0,0,0,0,0,0,0,0,0,0,0,0,0,0,0,0,0,0,0,0,0,0,0,0,0,0,0,0,0,0,0,0,0,0,0,0,0,0,0,0,0,0,0,0,0,0,0,0,0,0,0,0,0,0,0,0,0,0,0,0,0,0,0,0,0,0,0,0,0,0,0,0,0,0,0,0,0,0,0,0,0,0,0,0,0,0,0,0,0,0,0,0,0,0,0,0,0,0,0,0,0,0,0,0,0,0,0,0,0,0,0,0,0,0,0,0,0,0,0,0,0,0,0,0,0,0,0,0,0,0,0,0,0,0,0,0,0,0,0,0,0,0,0,0,0,0,0,0,0,0,0,0,0,0,0,0,0,0,0,0,0,0,0,0,0,0,0,0,0,0,0,0,0,0,0,0,0,0,0,0,0,0,0,0,0,0,0,0,0,0,0,0,0,0,0,0,0,0,0,0,0,0,0,0,0,0,0,0,0,0,0,0,0,0,0,0,0,0,0,0,0,0,0,0,0,0,0,0,0,0,0,0,0,0,0,0,0,0,0,0,0,0,0,0,0,0,0,0,0,0,0,0,0,0,0,0,0,0,0,0,0,0,0,0,0,0,0,0,0,0,0,0,0,0,0,0,0,0,0,0,0,0,0,0,0,0,0,0,0,0,0,0,0,0,0,0,0,0,0,0,0,0,0,0,0,0,0,0,0,0,0,0,0,0,0,0,0,0,0,0,0,0,0,0,0,0,0,0,0,0,0,0,0,0,0,0,0,0,0,0,0,0,0,0,0,0,0,0,0,0,0,0,0,0,0,0,0,0,0,0,0,0,0,0,0,0,0,0,0,0,0,0,0,0,0,0,0,0,0,0,0,0,0,0,0,0,0,0,0,0,0,0,0,0,0,0,0,0,0,0,0,0,0,0,0,0,0,0,0,0,0,0,0,0,0,0,0,0,0,0,0,0,0,0,0,0,0,0,0,0,0,0,0,0,0,0,0,0,0,0,0,0,0,0,0,0,0,0,0,0,0,0,0,0,0,0,0,0,0,0,0,0,0,0,0,0,0,0,0,0,0,0,0,0,0,0,0,0,0,0,0,0,0,0,0,0,0,0,0,0,0,0,0,0,0,0,0,0,0,0,0,0,0,0,0,0,0,0,0,0,0,0,0,0,0,0,0,0,0,0,0,0,0,0,0,0,0,0,0,0,0,0,0,0,0,0,0,0,0,0,0,0,0,0,0,0,0,0,0,0,0,0,0,0,0,0,0,0,0,0,0,0,0,0,0,0,0,0,0,0,0,0,0,0,0,0,0,0,0,0,0,0,0,0,0,0,0,0,0,0,0,0,0,0,0,0,0,0,0,0,0,0,0,0,0,0,0,0,0,0,0,0,0,0,0,0,0,0,0,0,0,0,0,0,0,0,0,0,0,0,0,0,0,0,0,0,0,0,0,0,0,0,0,0,0,0,0,0,0,0,0,0,0,0,0,0,0,0,0,0,0,0,0,0,0,0,0,0,0,0,0,0,0,0,0,0,0,0,0,0,0,0,0,0,0,0,0,0,0,0,0,0,0,0,0,0,0,0,0,0,0,0,0,0,0,0,0,0,0,0,0,0,0,0,0,0,0,0,0,0,0,0,0,0,0,0,0,0,0,0,0,0,0,0,0,0,0,0,0,0,0,0,0,0,0,0,0,0,0,0,0,0,0,0,0,0,0,0,0,0,0,0,0,0,0,0,0,0,0,0,0,0,0,0,0,0,0,0,0,0,0,0,0,0,0,0,0,0,0,0,0,0,0,0,0,0,0,0,0,0,0,0,0,0,0,0,0,0,0,0,0,0,0,0,0,0,0,0,0,0,0,0,0,0,0,0,0,0,0,0,0,0,0,0,0,0,0,0,0,0,0,0,0,0,0,0,0,0,0,0,0,0,0,0,0,0,0,0,0,0,0,0,0,0,0,0,0,0,0,0,0,0,0,0,0,0,0,0,0,0,0,0,0,0,0,0,0,0,0,0,0,0,0,0,0,0,0,0,0,0,0,0,0,0,0,0,0,0,0,0,0,0,0,0,0,0,0,0,0,0,0,0,0,0,0,0,0,0,0,0,0,0,0,0,0,0,0,0,0,0,0,0,0,0,0,0,0,0,0,0,0,0,0,0,0,0,0,0,0,0,0,0,0,0,0,0,0,0,0,0,0,0,0,0,0,0,0,0,0,0,0,0,0,0,0,0,0,0,0,0,0,0,0,0,0,0,0,0,0,0,0,0,0,0,0,0,0,0,0,0,0,0,0,0,0,0,0,0,0,0,0,0,0,0,0,0,0,0,0,0,0,0,0,0,0,0,0,0,0,0,0,0,0,0,0,0,0,0,0,0,0,0,0,0,0,0,0,0,0,0,0,0,0,0,0,0,0,0,0,0,0,0,0,0,0,0,0,0,0,0,0,0,0,0,0,0,0,0,0,0,0,0,0,0,0,0,0,0,0,0,0,0,0,0,0,0,0,0,0,0,0,0,0,0,0,0,0,0,0,0,0,0,0,0,0,0,0,0,0,0,0,0,0,0,0,0,0,0,0,0,0,0,0,0,0,0,0,0,0,0,0,0,0,0,0,0,0,0,0,0,0,0,0,0,0,0,0,0,0,0,0,0,0,0,0,0,0,0,0,0,0,0,0,0,0,0,0,0,0,0,0,0,0,0,0,0,0,0,0,0,0,0,0,0,0,0,0,0,0,0,0,0,0,0,0,0,0,0,0,0,0,0,0,0,0,0,0,0,0,0,0,0,0,0,0,0,0,0,0,0,0,0,0,0,0,0,0,0,0,0,0,0,0,0,0,0,0,0,0,0,0,0,0,0,0,0,0,0,0,0,0,0,0,0,0,0,0,0,0,0,0,0,0,0,0,0,0,0,0,0,0,0,0,0,0,0,0,0,0,0,0,0,0,0,0,0,0,0,0,0,0,0,0,0,0,0,0,0,0,0,0,0,0,0,0,0,0,0,0,0,0,0,0,0,0,0,0,0,0,0,0,0,0,0,0,0,0,0,0,0,0,0,0,0,0,0,0,0,0,0,0,0,0,0,0,0,0,0,0,0,0,0,0,0,0,0,0,0,0,0,0,0,0,0,0,0,0,0,0,0,0,0,0,0,0,0,0,0,0,0,0,0,0,0,0,0,0,0,0,0,0,0,0,0,0,0,0,0,0,0,0,0,0,0,0,0,0,0,0,0,0,0,0,0,0,0,0,0,0,0,0,0,0,0,0,0,0,0,0,0,0,0,0,0,0,0,0,0,0,0,0,0,0,0,0,0,0,0,0,0,0,0,0,0,0,0,0,0,0,0,0,0,0,0,0,0,0,0,0,0,0,0,0,0,0,0,0,0,0,0,0,0,0,0,0,0,0,0,0,0,0,0,0,0,0,0,0,0,0,0,0,0,0,0,0,0,0,0,0,0,0,0,0,0,0,0,0,0,0,0,0,0,0,0,0,0,0,0,0,0,0,0,0,0,0,0,0,0,0,0,0,0,0,0,0,0,0,0,0,0,0,0,0,0,0,0,0,0,0,0,0,0,0,0,0,0,0,0,0,0,0,0,0,0,0,0,0,0,0,0,0,0,0,0,0,0,0,0,0,0,0,0,0,0,0,0,0,0,0,0,0,0,0,0,0,0,0,0,0,0,0,0,0,0,0,0,0,0,0,0,0,0,0,0,0,0,0,0,0,0,0,0,0,0,0,0,0,0,0,0,0,0,0,0,0,0,0,0,0,0,0,0,0,0,0,0,0,0,0,0,0,0,0,0,0,0,0,0,0,0,0,0,0,0,0,0,0,0,0,0,0,0,0,0,0,0,0,0,0,0,0,0,0,0,0,0,0,0,0,0,0,0,0,0,0,0,0,0,0,0,0,0,0,0,0,0,0,0,0,0,0,0,0,0,0,0,0,0,0,0,0,0,0,0,0,0,0,0,0,0,0,0,0,0,0,0,0,0,0,0,0,0,0,0,0,0,0,0,0,0,0,0,0,0,0,0,0,0,0,0,0,0,0,0,0,0,0,0,0,0,0,0,0,0,0,0,0,0,0,0,0,0,0,0,0,0,0,0,0,0,0,0,0,0,0,0,0,0,0,0,0,0,0,0,0,0,0,0,0,0,0,0,0,0,0,0,0,0,0,0,0,0,0,0,0,0,0,0,0,0,0,0,0,0,0,0,0,0,0,0,0,0,0,0,0,0,0,0,0,0,0,0,0,0,0,0,0,0,0,0,0,0,0,0,0,0,0,0,0,0,0,0,0,0,0,0,0,0,0,0,0,0,0,0,0,0,0,0,0,0,0,0,0,0,0,0,0,0,0,0,0,0,0,0,0,0,0,0,0,0,0,0,0,0,0,0,0,0,0,0,0,0,0,0,0,0,0,0,0,0,0,0,0,0,0,0,0,0,0,0,0,0,0,0,0,0,0,0,0,0,0,0,0,0,0,0,0,0,0,0,0,0,0,0,0,0,0,0,0,0,0,0,0,0,0,0,0,0,0,0,0,0,0,0,0,0,0,0,0,0,0,0,0,0,0,0,0,0,0,0,0,0,0,0,0,0,0,0,0,0,0,0,0,0,0,0,0,0,0,0,0,0,0,0,0,0,0,0,0,0,0,0,0,0,0,0,0,0,0,0,0,0,0,0,0,0,0,0,0,0,0,0,0,0,0,0,0,0,0,0,0,0,0,0,0,0,0,0,0,0,0,0,0,0,0,0,0,0,0,0,0,0,0,0,0,0,0,0,0,0,0,0,0,0,0,0,0,0,0,0,0,0,0,0,0,0,0,0,0,0,0,0,0,0,0,0,0,0,0,0,0,0,0,0,0,0,0,0,0,0,0,0,0,0,0,0,0,0,0,0,0,0,0,0,0,0,0,0,0,0,0,0,0,0,0,0,0,0,0,0,0,0,0,0,0,0,0,0,0,0,0,0,0,0,0,0,0,0,0,0,0,0,0,0,0,0,0,0,0,0,0,0,0,0,0,0,0,0,0,0,0,0,0,0,0,0,0,0,0,0,0,0,0,0,0,0,0,0,0,0,0,0,0,0,0,0,0,0,0,0,0,0,0,0,0,0,0,0,0,0,0,0,0,0,0,0,0,0,0,0,0,0,0,0,0,0,0,0,0,0,0,0,0,0,0,0,0,0,0,0,0,0,0,0,0,0,0,0,0,0,0,0,0,0,0,0,0,0,0,0,0,0,0,0,0,0,0,0,0,0,0,0,0,0,0,0,0,0,0,0,0,0,0,0,0,0,0,0,0,0,0,0,0,0,0,0,0,0,0,0,0,0,0,0,0,0,0,0,0,0,0,0,0,0,0,0,0,0,0,0,0,0,0,0,0,0,0,0,0,0,0,0,0,0,0,0,0,0,0,0,0,0,0,0,0,0,0,0,0,0,0,0,0,0,0,0,0,0,0,0,0,0,0,0,0,0,0,0,0,0,0,0,0,0,0,0,0,0,0,0,0,0,0,0,0,0,0,0,0,0,0,0,0,0,0,0,0,0,0,0,0,0,0,0,0,0,0,0,0,0,0,0,0,0,0,0,0,0,0,0,0,0,0,0,0,0,0,0,0,0,0,0,0,0,0,0,0,0,0,0,0,0,0,0,0,0,0,0,0,0,0,0,0,0,0,0,0,0,0,0,0,0,0,0,0,0,0,0,0,0,0,0,0,0,0,0,0,0,0,0,0,0,0,0,0,0,0,0,0,0,0,0,0,0,0,0,0,0,0,0,0,0,0,0,0,0,0,0,0,0,0,0,0,0,0,0,0,0,0,0,0,0,0,0,0,0,0,0,0,0,0,0,0,0,0,0,0,0,0,0,0,0,0,0,0,0,0,0,0,0,0,0,0,0,0,0,0,0,0,0,0,0,0,0,0,0,0,0,0,0,0,0,0,0,0,0,0,0,0,0,0,0,0,0,0,0,0,0,0,0,0,0,0,0,0,0,0,0,0,0,0,0,0,0,0,0,0,0,0,0,0,0,0,0,0,0,0,0,0,0,0,0,0,0,0,0,0,0,0,0,0,0,0,0,0,0,0,0,0,0,0,0,0,0,0,0,0,0,0,0,0,0,0,0,0,0,0,0,0,0,0,0,0,0,0,0,0,0,0,0,0,0,0,0,0,0,0,0,0,0,0,0,0,0,0,0,0,0,0,0,0,0,0,0,0,0,0,0,0,0,0,0,0,0,0,0,0,0,0,0,0,0,0,0,0,0,0,0,0,0,0,0,0,0,0,0,0,0,0,0,0,0,0,0,0,0,0,0,0,0,0,0,0,0,0,0,0,0,0,0,0,0,0,0,0,0,0,0,0,0,0,0,0,0,0,0,0,0,0,0,0,0,0,0,0,0,0,0,0,0,0,0,0,0,0,0,0,0,0,0,0,0,0,0,0,0,0,0,0,0,0,0,0,0,0,0,0,0,0,0,0,0,0,0,0,0,0,0,0,0,0,0,0,0,0,0,0,0,0,0,0,0,0,0,0,0,0,0,0,0,0,0,0,0,0,0,0,0,0,0,0,0,0,0,0,0,0,0,0,0,0,0,0,0,0,0,0,0,0,0,0,0,0,0,0,0,0,0,0,0,0,0,0,0,0,0,0,0,0,0,0,0,0,0,0,0,0,0,0,0,0,0,0,0,0,0,0,0,0,0,0,0,0,0,0,0,0,0,0,0,0,0,0,0,0,0,0,0,0,0,0,0,0,0,0,0,0,0,0,0,0,0,0,0,0,0,0,0,0,0,0,0,0,0,0,0,0,0,0,0,0,0,0,0,0,0,0,0,0,0,0,0,0,0,0,0,0,0,0,0,0,0,0,0,0,0,0,0,0,0,0,0,0,0,0,0,0,0,0,0,0,0,0,0,0,0,0,0,0,0,0,0,0,0,0,0,0,0,0,0,0,0,0,0,0,0,0,0,0,0,0,0,0,0,0,0,0,0,0,0,0,0,0,0,0,0,0,0,0,0,0,0,0,0,0,0,0,0,0,0,0,0,0,0,0,0,0,0,0,0,0,0,0,0,0,0,0,0,0,0,0,0,0,0,0,0,0,0,0,0,0,0,0,0,0,0,0,0,0,0,0,0,0,0,0,0,0,0,0,0,0,0,0,0,0,0,0,0,0,0,0,0,0,0,0,0,0,0,0,0,0,0,0,0,0,0,0,0,0,0,0,0,0,0,0,0,0,0,0,0,0,0,0,0,0,0,0,0,0,0,0,0,0,0,0,0,0,0,0,0,0,0,0,0,0,0,0,0,0,0,0,0,0,0,0,0,0,0,0,0,0,0,0,0,0,0,0,0,0,0,0,0,0,0,0,0,0,0,0,0,0,0,0,0,0,0,0,0,0,0,0,0,0,0,0,0,0,0,0,0,0,0,0,0,0,0,0,0,0,0,0,0,0,0,0,0,0,0,0,0,0,0,0,0,0,0,0,0,0,0,0,0,0,0,0,0,0,0,0,0,0,0,0,0,0,0,0,0,0,0,0,0,0,0,0,0,0,0,0,0,0,0,0,0,0,0,0,0,0,0,0,0,0,0,0,0,0,0,0,0,0,0,0,0,0,0,0,0,0,0,0,0,0,0,0,0,0,0,0,0,0,0,0,0,0,0,0,0,0,0,0,0,0,0,0,0,0,0,0,0,0,0,0,0,0,0,0,0,0,0,0,0,0,0,0,0,0,0,0,0,0,0,0,0,0,0,0,0,0,0,0,0,0,0,0,0,0,0,0,0,0,0,0,0,0,0,0,0,0,0,0,0,0,0,0,0,0,0,0,0,0,0,0,0,0,0,0,0,0,0,0,0,0,0,0,0,0,0,0,0,0,0,0,0,0,0,0,0,0,0,0,0,0,0,0,0,0,0,0,0,0,0,0,0,0,0,0,0,0,0,0,0,0,0,0,0,0,0,0,0,0,0,0,0,0,0,0,0,0,0,0,0,0,0,0,0,0,0,0,0,0,0,0,0,0,0,0,0,0,0,0,0,0,0,0,0,0,0,0,0,0,0,0,0,0,0,0,0,0,0,0,0,0,0,0,0,0,0,0,0,0,0,0,0,0,0,0,0,0,0,0,0,0,0,0,0,0,0,0,0,0,0,0,0,0,0,0,0,0,0,0,0,0,0,0,0,0,0,0,0,0,0,0,0,0,0,0,0,0,0,0,0,0,0,0,0,0,0,0,0,0,0,0,0,0,0,0,0,0,0,0,0,0,0,0,0,0,0,0,0,0,0,0,0,0,0,0,0,0,0,0,0,0,0,0,0,0,0,0,0,0,0,0,0,0,0,0,0,0,0,0,0,0,0,0,0,0,0,0,0,0,0,0,0,0,0,0,0,0,0,0,0,0,0,0,0,0,0,0,0,0,0,0,0,0,0,0,0,0,0,0,0,0,0,0,0,0,0,0,0,0,0,0,0,0,0,0,0,0,0,0,0,0,0,0,0,0,0,0,0,0,0,0,0,0,0,0,0,0,0,0,0,0,0,0,0,0,0,0,0,0,0,0,0,0,0,0,0,0,0,0,0,0,0,0,0,0,0,0,0,0,0,0,0,0,0,0,0,0,0,0,0,0,0,0,0,0,0,0,0,0,0,0,0,0,0,0,0,0,0,0,0,0,0,0,0,0,0,0,0,0,0,0,0,0,0,0,0,0,0,0,0,0,0,0,0,0,0,0,0,0,0,0,0,0,0,0,0,0,0,0,0,0,0,0,0,0,0,0,0,0,0,0,0,0,0,0,0,0,0,0,0,0,0,0,0,0,0,0,0,0,0,0,0,0,0,0,0,0,0,0,0,0,0,0,0,0,0,0,0,0,0,0,0,0,0,0,0,0,0,0,0,0,0,0,0,0,0,0,0,0,0,0,0,0,0,0,0,0,0,0,0,0,0,0,0,0,0,0,0,0,0,0,0,0,0,0,0,0,0,0,0,0,0,0,0,0,0,0,0,0,0,0,0,0,0,0,0,0,0,0,0,0,0,0,0,0,0,0,0,0,0,0,0,0,0,0,0,0,0,0,0,0,0,0,0,0,0,0,0,0,0,0,0,0,0,0,0,0,0,0,0,0,0,0,0,0,0,0,0,0,0,0,0,0,0,0,0,0,0,0,0,0,0,0,0,0,0,0,0,0,0,0,0,0,0,0,0,0,0,0,0,0,0,0,0,0,0,0,0,0,0,0,0,0,0,0,0,0,0,0,0,0,0,0,0,0,0,0,0,0,0,0,0,0,0,0,0,0,0,0,0,0,0,0,0,0,0,0,0,0,0,0,0,0,0,0,0,0,0,0,0,0,0,0,0,0,0,0,0,0,0,0,0,0,0,0,0,0,0,0,0,0,0,0,0,0,0,0,0,0,0,0,0,0,0,0,0,0,0,0,0,0,0,0,0,0,0,0,0,0,0,0,0,0,0,0,0,0,0,0,0,0,0,0,0,0,0,0,0,0,0,0,0,0,0,0,0,0,0,0,0,0,0,0,0,0,0,0,0,0,0,0,0,0,0,0,0,0,0,0,0,0,0,0,0,0,0,0,0,0,0,0,0,0,0,0,0,0,0,0,0,0,0,0,0,0,0,0,0,0,0,0,0,0,0,0,0,0,0,0,0,0,0,0,0,0,0,0,0,0,0,0,0,0,0,0,0,0,0,0,0,0,0,0,0,0,0,0,0,0,0,0,0,0,0,0,0,0,0,0,0,0,0,0,0,0,0,0,0,0,0,0,0,0,0,0,0,0,0,0,0,0,0,0,0,0,0,0,0,0,0,0,0,0,0,0,0,0,0,0,0,0,0,0,0,0,0,0,0,0,0,0,0,0,0,0,0,0,0,0,0,0,0,0,0,0,0,0,0,0,0,0,0,0,0,0,0,0,0,0,0,0,0,0,0,0,0,0,0,0,0,0,0,0,0,0,0,0,0,0,0,0,0,0,0,0,0,0,0,0,0,0,0,0,0,0,0,0,0,0,0,0,0,0,0,0,0,0,0,0,0,0,0,0,0,0,0,0,0,0,0,0,0,0,0,0,0,0,0,0,0,0,0,0,0,0,0,0,0,0,0,0,0,0,0,0,0,0,0,0,0,0,0,0,0,0,0,0,0,0,0,0,0,0,0,0,0,0,0,0,0,0,0,0,0,0,0,0,0,0,0,0,0,0,0,0,0,0,0,0,0,0,0,0,0,0,0,0,0,0,0,0,0,0,0,0,0,0,0,0,0,0,0,0,0,0,0,0,0,0,0,0,0,0,0,0,0,0,0,0,0,0,0,0,0,0,0,0,0,0,0,0,0,0,0,0,0,0,0,0,0,0,0,0,0,0,0,0,0,0,0,0,0,0,0,0,0,0,0,0,0,0,0,0,0,0,0,0,0,0,0,0,0,0,0,0,0,0,0,0,0,0,0,0,0,0,0,0,0,0,0,0,0,0,0,0,0,0,0,0,0,0,0,0,0,0,0,0,0,0,0,0,0,0,0,0,0,0,0,0,0,0,0,0,0,0,0,0,0,0,0,0,0,0,0,0,0,0,0,0,0,0,0,0,0,0,0,0,0,0,0,0,0,0,0,0,0,0,0,0,0,0,0,0,0,0,0,0,0,0,0,0,0,0,0,0,0,0,0,0,0,0,0,0,0,0,0,0,0,0,0,0,0,0,0,0,0,0,0,0,0,0,0,0,0,0,0,0,0,0,0,0,0,0,0,0,0,0,0,0,0,0,0,0,0,0,0,0,0,0,0,0,0,0,0,0,0,0,0,0,0,0,0,0,0,0,0,0,0,0,0,0,0,0,0,0,0,0,0,0,0,0,0,0,0,0,0,0,0,0,0,0,0,0,0,0,0,0,0,0,0,0,0,0,0,0,0,0,0,0,0,0,0,0,0,0,0,0,0,0,0,0,0,0,0,0,0,0,0,0,0,0,0,0,0,0,0,0,0,0,0,0,0,0,0,0,0,0,0,0,0,0,0,0,0,0,0,0,0,0,0,0,0,0,0,0,0,0,0,0,0,0,0,0,0,0,0,0,0,0,0,0,0,0,0,0,0,0,0,0,0,0,0,0,0,0,0,0,0,0,0,0,0,0,0,0,0,0,0,0,0,0,0,0,0,0,0,0,0,0,0,0,0,0,0,0,0,0,0,0,0,0,0,0,0,0,0,0,0,0,0,0,0,0,0,0,0,0,0,0,0,0,0,0,0,0,0,0,0,0,0,0,0,0,0,0,0,0,0,0,0,0,0,0,0,0,0,0,0,0,0,0,0,0,0,0,0,0,0,0,0,0,0,0,0,0,0,0,0,0,0,0,0,0,0,0,0,0,0,0,0,0,0,0,0,0,0,0,0,0,0,0,0,0,0,0,0,0,0,0,0,0,0,0,0,0,0,0,0,0,0,0,0,0,0,0,0,0,0,0,0,0,0,0,0,0,0,0,0,0,0,0,0,0,0,0,0,0,0,0,0,0,0,0,0,0,0,0,0,0,0,0,0,0,0,0,0,0,0,0,0,0,0,0,0,0,0,0,0,0,0,0,0,0,0,0,0,0,0,0,0,0,0,0,0,0,0,0,0,0,0,0,0,0,0,0,0,0,0,0,0,0,0,0,0,0,0,0,0,0,0,0,0,0,0,0,0,0,0,0,0,0,0,0,0,0,0,0,0,0,0,0,0,0,0,0,0,0,0,0,0,0,0,0,0,0,0,0,0,0,0,0,0,0,0,0,0,0,0,0,0,0,0,0,0,0,0,0,0,0,0,0,0,0,0,0,0,0,0,0,0,0,0,0,0,0,0,0,0,0,0,0,0,0,0,0,0,0,0,0,0,0,0,0,0,0,0,0,0,0,0,0,0,0,0,0,0,0,0,0,0,0,0,0,0,0,0,0,0,0,0,0,0,0,0,0,0,0,0,0,0,0,0,0,0,0,0,0,0,0,0,0,0,0,0,0,0,0,0,0,0,0,0,0,0,0,0,0,0,0,0,0,0,0,0,0,0,0,0,0,0,0,0,0,0,0,0,0,0,0,0,0,0,0,0,0,0,0,0,0,0,0,0,0,0,0,0,0,0,0,0,0,0,0,0,0,0,0,0,0,0,0,0,0,0,0,0,0,0,0,0,0,0,0,0,0,0,0,0,0,0,0,0,0,0,0,0,0,0,0,0,0,0,0,0,0,0,0,0,0,0,0,0,0,0,0,0,0,0,0,0,0,0,0,0,0,0,0,0,0,0,0,0,0,0,0,0,0,0,0,0,0,0,0,0,0,0,0,0,0,0,0,0,0,0,0,0,0,0,0,0,0,0,0,0,0,0,0,0,0,0,0,0,0,0,0,0,0,0,0,0,0,0,0,0,0,0,0,0,0,0,0,0,0,0,0,0,0,0,0,0,0,0,0,0,0,0,0,0,0,0,0,0,0,0,0,0,0,0,0,0,0,0,0,0,0,0,0,0,0,0,0,0,0,0,0,0,0,0,0,0,0,0,0,0,0,0,0,0,0,0,0,0,0,0,0,0,0,0,0,0,0,0,0,0,0,0,0,0,0,0,0,0,0,0,0,0,0,0,0,0,0,0,0,0,0,0,0,0,0,0,0,0,0,0,0,0,0,0,0,0,0,0,0,0,0,0,0,0,0,0,0,0,0,0,0,0,0,0,0,0,0,0,0,0,0,0,0,0,0,0,0,0,0,0,0,0,0,0,0,0,0,0,0,0,0,0,0,0,0,0,0,0,0,0,0,0,0,0,0,0,0,0,0,0,0,0,0,0,0,0,0,0,0,0,0,0,0,0,0,0,0,0,0,0,0,0,0,0,0,0,0,0,0,0,0,0,0,0,0,0,0,0,0,0,0,0,0,0,0,0,0,0,0,0,0,0,0,0,0,0,0,0,0,0,0,0,0,0,0,0,0,0,0,0,0,0,0,0,0,0,0,0,0,0,0,0,0,0,0,0,0,0,0,0,0,0,0,0,0,0,0,0,0,0,0,0,0,0,0,0,0,0,0,0,0,0,0,0,0,0,0,0,0,0,0,0,0,0,0,0,0,0,0,0,0,0,0,0,0,0,0,0,0,0,0,0,0,0,0,0,0,0,0,0,0,0,0,0,0,0,0,0,0,0,0,0,0,0,0,0,0,0,0,0,0,0,0,0,0,0,0,0,0,0,0,0,0,0,0,0,0,0,0,0,0,0,0,0,0,0,0,0,0,0,0,0,0,0,0,0,0,0,0,0,0,0,0,0,0,0,0,0,0,0,0,0,0,0,0,0,0,0,0,0,0,0,0,0,0,0,0,0,0,0,0,0,0,0,0,0,0,0,0,0,0,0,0,0,0,0,0,0,0,0,0,0,0,0,0,0,0,0,0,0,0,0,0,0,0,0,0,0,0,0,0,0,0,0,0,0,0,0,0,0,0,0,0,0,0,0,0,0,0,0,0,0,0,0,0,0,0,0,0,0,0,0,0,0,0,0,0,0,0,0,0,0,0,0,0,0,0,0,0,0,0,0,0,0,0,0,0,0,0,0,0,0,0,0,0,0,0,0,0,0,0,0,0,0,0,0,0,0,0,0,0,0,0,0,0,0,0,0,0,0,0,0,0,0,0,0,0,0,0,0,0,0,0,0,0,0,0,0,0,0,0,0,0,0,0,0,0,0,0,0,0,0,0,0,0,0,0,0,0,0,0,0,0,0,0,0,0,0,0,0,0,0,0,0,0,0,0,0,0,0,0,0,0,0,0,0,0,0,0,0,0,0,0,0,0,0,0,0,0,0,0,0,0,0,0,0,0,0,0,0,0,0,0,0,0,0,0,0,0,0,0,0,0,0,0,0,0,0,0,0,0,0,0,0,0,0,0,0,0,0,0,0,0,0,0,0,0,0,0,0,0,0,0,0,0,0,0,0,0,0,0,0,0,0,0,0,0,0,0,0,0,0,0,0,0,0,0,0,0,0,0,0,0,0,0,0,0,0,0,0,0,0,0,0,0,0,0,0,0,0,0,0,0,0,0,0,0,0,0,0,0,0,0,0,0,0,0,0,0,0,0,0,0,0,0,0,0,0,0,0,0,0,0,0,0,0,0,0,0,0,0,0,0,0,0,0,0,0,0,0,0,0,0,0,0,0,0,0,0,0,0,0,0,0,0,0,0,0,0,0,0,0,0,0,0,0,0,0,0,0,0,0,0,0,0,0,0,0,0,0,0,0,0,0,0,0,0,0,0,0,0,0,0,0,0,0,0,0,0,0,0,0,0,0,0,0,0,0,0,0,0,0,0,0,0,0,0,0,0,0,0,0,0,0,0,0,0,0,0,0,0,0,0,0,0,0,0,0,0,0,0,0,0,0,0,0,0,0,0,0,0,0,0,0,0,0,0,0,0,0,0,0,0,0,0,0,0,0,0,0,0,0,0,0,0,0,0,0,0,0,0,0,0,0,0,0,0,0,0,0,0,0,0,0,0,0,0,0,0,0,0,0,0,0,0,0,0,0,0,0,0,0,0,0,0,0,0,0,0,0,0,0,0,0,0,0,0,0,0,0,0,0,0,0,0,0,0,0,0,0,0,0,0,0,0,0,0,0,0,0,0,0,0,0,0,0,0,0,0,0,0,0,0,0,0,0,0,0,0,0,0,0,0,0,0,0,0,0,0,0,0,0,0,0,0,0,0,0,0,0,0,0,0,0,0,0,0,0,0,0,0,0,0,0,0,0,0,0,0,0,0,0,0,0,0,0,0,0,0,0,0,0,0,0,0,0,0,0,0,0,0,0,0,0,0,0,0,0,0,0,0,0,0,0,0,0,0,0,0,0,0,0,0,0,0,0,0,0,0,0,0,0,0,0,0,0,0,0,0,0,0,0,0,0,0,0,0,0,0,0,0,0,0,0,0,0,0,0,0,0,0,0,0,0,0,0,0,0,0,0,0,0,0,0,0,0,0,0,0,0,0,0,0,0,0,0,0,0,0,0,0,0,0,0,0,0,0,0,0,0,0,0,0,0,0,0,0,0,0,0,0,0,0,0,0,0,0,0,0,0,0,0,0,0,0,0,0,0,0,0,0,0,0,0,0,0,0,0,0,0,0,0,0,0,0,0,0,0,0,0,0,0,0,0,0,0,0,0,0,0,0,0,0,0,0,0,0,0,0,0,0,0,0,0,0,0,0,0,0,0,0,0,0,0,0,0,0,0,0,0,0,0,0,0,0,0,0,0,0,0,0,0,0,0,0,0,0,0,0,0,0,0,0,0,0,0,0,0,0,0,0,0,0,0,0,0,0,0,0,0,0,0,0,0,0,0,0,0,0,0,0,0,0,0,0,0,0,0,0,0,0,0,0,0,0,0,0,0,0,0,0,0,0,0,0,0,0,0,0,0,0,0,0,0,0,0,0,0,0,0,0,0,0,0,0,0,0,0,0,0,0,0,0,0,0,0,0,0,0,0,0,0,0,0,0,0,0,0,0,0,0,0,0,0,0,0,0,0,0,0,0,0,0,0,0,0,0,0,0,0,0,0,0,0,0,0,0,0,0,0,0,0,0,0,0,0,0,0,0,0,0,0,0,0,0,0,0,0,0,0,0,0,0,0,0,0,0,0,0,0,0,0,0,0,0,0,0,0,0,0,0,0,0,0,0,0,0,0,0,0,0,0,0,0,0,0,0,0,0,0,0,0,0,0,0,0,0,0,0,0,0,0,0,0,0,0,0,0,0,0,0,0,0,0,0,0,0,0,0,0,0,0,0,0,0,0,0,0,0,0,0,0,0,0,0,0,0,0,0,0,0,0,0,0,0,0,0,0,0,0,0,0,0,0,0,0,0,0,0,0,0,0,0,0,0,0,0,0,0,0,0,0,0,0,0,0,0,0,0,0,0,0,0,0,0,0,0,0,0,0,0,0,0,0,0,0,0,0,0,0,0,0,0,0,0,0,0,0,0,0,0,0,0,0,0,0,0,0,0,0,0,0,0,0,0,0,0,0,0,0,0,0,0,0,0,0,0,0,0,0,0,0,0,0,0,0,0,0,0,0,0,0,0,0,0,0,0,0,0,0,0,0,0,0,0,0,0,0,0,0,0,0,0,0,0,0,0,0,0,0,0,0,0,0,0,0,0,0,0,0,0,0,0,0,0,0,0,0,0,0,0,0,0,0,0,0,0,0,0,0,0,0,0,0,0,0,0,0,0,0,0,0,0,0,0,0,0,0,0,0,0,0,0,0,0,0,0,0,0,0,0,0,0,0,0,0,0,0,0,0,0,0,0,0,0,0,0,0,0,0,0,0,0,0,0,0,0,0,0,0,0,0,0,0,0,0,0,0,0,0,0,0,0,0,0,0,0,0,0,0,0,0,0,0,0,0,0,0,0,0,0,0,0,0,0,0,0,0,0,0,0,0,0,0,0,0,0,0,0,0,0,0,0,0,0,0,0,0,0,0,0,0,0,0,0,0,0,0,0,0,0,0,0,0,0,0,0,0,0,0,0,0,0,0,0,0,0,0,0,0,0,0,0,0,0,0,0,0,0,0,0,0,0,0,0,0,0,0,0,0,0,0,0,0,0,0,0,0,0,0,0,0,0,0,0,0,0,0,0,0,0,0,0,0,0,0,0,0,0,0,0,0,0,0,0,0,0,0,0,0,0,0,0,0,0,0,0,0,0,0,0,0,0,0,0,0,0,0,0,0,0,0,0,0,0,0,0,0,0,0,0,0,0,0,0,0,0,0,0,0,0,0,0,0,0,0,0,0,0,0,0,0,0,0,0,0,0,0,0,0,0,0,0,0,0,0,0,0,0,0,0,0,0,0,0,0,0,0,0,0,0,0,0,0,0,0,0,0,0,0,0,0,0,0,0,0,0,0,0,0,0,0,0,0,0,0,0,0,0,0,0,0,0,0,0,0,0,0,0,0,0,0,0,0,0,0,0,0,0,0,0,0,0,0,0,0,0,0,0,0,0,0,0,0,0,0,0,0,0,0,0,0,0,0,0,0,0,0,0,0,0,0,0,0,0,0,0,0,0,0,0,0,0,0,0,0,0,0,0,0,0,0,0,0,0,0,0,0,0,0,0,0,0,0,0,0,0,0,0,0,0,0,0,0,0,0,0,0,0,0,0,0,0,0,0,0,0,0,0,0,0,0,0,0,0,0,0,0,0,0,0,0,0,0,0,0,0,0,0,0,0,0,0,0,0,0,0,0,0,0,0,0,0,0,0,0,0,0,0,0,0,0,0,0,0,0,0,0,0,0,0,0,0,0,0,0,0,0,0,0,0,0,0,0,0,0,0,0,0,0,0,0,0,0,0,0,0,0,0,0,0,0,0,0,0,0,0,0,0,0,0,0,0,0,0,0,0,0,0,0,0,0,0,0,0,0,0,0,0,0,0,0,0,0,0,0,0,0,0,0,0,0,0,0,0,0,0,0,0,0,0,0,0,0,0,0,0,0,0,0,0,0,0,0,0,0,0,0,0,0,0,0,0,0,0,0,0,0,0,0,0,0,0,0,0,0,0,0,0,0,0,0,0,0,0,0,0,0,0,0,0,0,0,0,0,0,0,0,0,0,0,0,0,0,0,0,0,0,0,0,0,0,0,0,0,0,0,0,0,0,0,0,0,0,0,0,0,0,0,0,0,0,0,0,0,0,0,0,0,0,0,0,0,0,0,0,0,0,0,0,0,0,0,0,0,0,0,0,0,0,0,0,0,0,0,0,0,0,0,0,0,0,0,0,0,0,0,0,0,0,0,0,0,0,0,0,0,0,0,0,0,0,0,0,0,0,0,0,0,0,0,0,0,0,0,0,0,0,0,0,0,0,0,0,0,0,0,0,0,0,0,0,0,0,0,0,0,0,0,0,0,0,0,0,0,0,0,0,0,0,0,0,0,0,0,0,0,0,0,0,0,0,0,0,0,0,0,0,0,0,0,0,0,0,0,0,0,0,0,0,0,0,0,0,0,0,0,0,0,0,0,0,0,0,0,0,0,0,0,0,0,0,0,0,0,0,0,0,0,0,0,0,0,0,0,0,0,0,0,0,0,0,0,0,0,0,0,0,0,0,0,0,0,0,0,0,0,0,0,0,0,0,0,0,0,0,0,0,0,0,0,0,0,0,0,0,0,0,0,0,0,0,0,0,0,0,0,0,0,0,0,0,0,0,0,0,0,0,0,0,0,0,0,0,0,0,0,0,0,0,0,0,0,0,0,0,0,0,0,0,0,0,0,0,0,0,0,0,0,0,0,0,0,0,0,0,0,0,0,0,0,0,0,0,0,0,0,0,0,0,0,0,0,0,0,0,0,0,0,0,0,0,0,0,0,0,0,0,0,0,0,0,0,0,0,0,0,0,0,0,0,0,0,0,0,0,0,0,0,0,0,0,0,0,0,0,0,0,0,0,0,0,0,0,0,0,0,0,0,0,0,0,0,0,0,0,0,0,0,0,0,0,0,0,0,0,0,0,0,0,0,0,0,0,0,0,0,0,0,0,0,0,0,0,0,0,0,0,0,0,0,0,0,0,0,0,0,0,0,0,0,0,0,0,0,0,0,0,0,0,0,0,0,0,0,0,0,0,0,0,0,0,0,0,0,0,0,0,0,0,0,0,0,0,0,0,0,0,0,0,0,0,0,0,0,0,0,0,0,0,0,0,0,0,0,0,0,0,0,0,0,0,0,0,0,0,0,0,0,0,0,0,0,0,0,0,0,0,0,0,0,0,0,0,0,0,0,0,0,0,0,0,0,0,0,0,0,0,0,0,0,0,0,0,0,0,0,0,0,0,0,0,0,0,0,0,0,0,0,0,0,0,0,0,0,0,0,0,0,0,0,0,0,0,0,0,0,0,0,0,0,0,0,0,0,0,0,0,0,0,0,0,0,0,0,0,0,0,0,0,0,0,0,0,0,0,0,0,0,0,0,0,0,0,0,0,0,0,0,0,0,0,0,0,0,0,0,0,0,0,0,0,0,0,0,0,0,0,0,0,0,0,0,0,0,0,0,0,0,0,0,0,0,0,0,0,0,0,0,0,0,0,0,0,0,0,0,0,0,0,0,0,0,0,0,0,0,0,0,0,0,0,0,0,0,0,0,0,0,0,0,0,0,0,0,0,0,0,0,0,0,0,0,0,0,0,0,0,0,0,0,0,0,0,0,0,0,0,0,0,0,0,0,0,0,0,0,0,0,0,0,0,0,0,0,0,0,0,0,0,0,0,0,0,0,0,0,0,0,0,0,0,0,0,0,0,0,0,0,0,0,0,0,0,0,0,0,0,0,0,0,0,0,0,0,0,0,0,0,0,0,0,0,0,0,0,0,0,0,0,0,0,0,0,0,0,0,0,0,0,0,0,0,0,0,0,0,0,0,0,0,0,0,0,0,0,0,0,0,0,0,0,0,0,0,0,0,0,0,0,0,0,0,0,0,0,0,0,0,0,0,0,0,0,0,0,0,0,0,0,0,0,0,0,0,0,0,0,0,0,0,0,0,0,0,0,0,0,0,0,0,0,0,0,0,0,0,0,0,0,0,0,0,0,0,0,0,0,0,0,0,0,0,0,0,0,0,0,0,0,0,0,0,0,0,0,0,0,0,0,0,0,0,0,0,0,0,0,0,0,0,0,0,0,0,0,0,0,0,0,0,0,0,0,0,0,0,0,0,0,0,0,0,0,0,0,0,0,0,0,0,0,0,0,0,0,0,0,0,0,0,0,0,0,0,0,0,0,0,0,0,0,0,0,0,0,0,0,0,0,0,0,0,0,0,0,0,0,0,0,0,0,0,0,0,0,0,0,0,0,0,0,0,0,0,0,0,0,0,0,0,0,0,0,0,0,0,0,0,0,0,0,0,0,0,0,0,0,0,0,0,0,0,0,0,0,0,0,0,0,0,0,0,0,0,0,0,0,0,0,0,0,0,0,0,0,0,0,0,0,0,0,0,0,0,0,0,0,0,0,0,0,0,0,0,0,0,0,0,0,0,0,0,0,0,0,0,0,0,0,0,0,0,0,0,0,0,0,0,0,0,0,0,0,0,0,0,0,0,0,0,0,0,0,0,0,0,0,0,0,0,0,0,0,0,0,0,0,0,0,0,0,0,0,0,0,0,0,0,0,0,0,0,0,0,0,0,0,0,0,0,0,0,0,0,0,0,0,0,0,0,0,0,0,0,0,0,0,0,0,0,0,0,0,0,0,0,0,0,0,0,0,0,0,0,0,0,0,0,0,0,0,0,0,0,0,0,0,0,0,0,0,0,0,0,0,0,0,0,0,0,0,0,0,0,0,0,0,0,0,0,0,0,0,0,0,0,0,0,0,0,0,0,0,0,0,0,0,0,0,0,0,0,0,0,0,0,0,0,0,0,0,0,0,0,0,0,0,0,0,0,0,0,0,0,0,0,0,0,0,0,0,0,0,0,0,0,0,0,0,0,0,0,0,0,0,0,0,0,0,0,0,0,0,0,0,0,0,0,0,0,0,0,0,0,0,0,0,0,0,0,0,0,0,0,0,0,0,0,0,0,0,0,0,0,0,0,0,0,0,0,0,0,0,0,0,0,0,0,0,0,0,0,0,0,0,0,0,0,0,0,0,0,0,0,0,0,0,0,0,0,0,0,0,0,0,0,0,0,0,0,0,0,0,0,0,0,0,0,0,0,0,0,0,0,0,0,0,0,0,0,0,0,0,0,0,0,0,0,0,0,0,0,0,0,0,0,0,0,0,0,0,0,0,0,0,0,0,0,0,0,0,0,0,0,0,0,0,0,0,0,0,0,0,0,0,0,0,0,0,0,0,0,0,0,0,0,0,0,0,0,0,0,0,0,0,0,0,0,0,0,0,0,0,0,0,0,0,0,0,0,0,0,0,0,0,0,0,0,0,0,0,0,0,0,0,0,0,0,0,0,0,0,0,0,0,0,0,0,0,0,0,0,0,0,0,0,0,0,0,0,0,0,0,0,0,0,0,0,0,0,0,0,0,0,0,0,0,0,0,0,0,0,0,0,0,0,0,0,0,0,0,0,0,0,0,0,0,0,0,0,0,0,0,0,0,0,0,0,0,0,0,0,0,0,0,0,0,0,0,0,0,0,0,0,0,0,0,0,0,0,0,0,0,0,0,0,0,0,0,0,0,0,0,0,0,0,0,0,0,0,0,0,0,0,0,0,0,0,0,0,0,0,0,0,0,0,0,0,0,0,0,0,0,0,0,0,0,0,0,0,0,0,0,0,0,0,0,0,0,0,0,0,0,0,0,0,0,0,0,0,0,0,0,0,0,0,0,0,0,0,0,0,0,0,0,0,0,0,0,0,0,0,0,0,0,0,0,0,0,0,0,0,0,0,0,0,0,0,0,0,0,0,0,0,0,0,0,0,0,0,0,0,0,0,0,0,0,0,0,0,0,0,0,0,0,0,0,0,0,0,0,0,0,0,0,0,0,0,0,0,0,0,0,0,0,0,0,0,0,0,0,0,0,0,0,0,0,0,0,0,0,0,0,0,0,0,0,0,0,0,0,0,0,0,0,0,0,0,0,0,0,0,0,0,0,0,0,0,0,0,0,0,0,0,0,0,0,0,0,0,0,0,0,0,0,0,0,0,0,0,0,0,0,0,0,0,0,0,0,0,0,0,0,0,0,0,0,0,0,0,0,0,0,0,0,0,0,0,0,0,0,0,0,0,0,0,0,0,0,0,0,0,0,0,0,0,0,0,0,0,0,0,0,0,0,0,0,0,0,0,0,0,0,0,0,0,0,0,0,0,0,0,0,0,0,0,0,0,0,0,0,0,0,0,0,0,0,0,0,0,0,0,0,0,0,0,0,0,0,0,0,0,0,0,0,0,0,0,0,0,0,0,0,0,0,0,0,0,0,0,0,0,0,0,0,0,0,0,0,0,0,0,0,0,0,0,0,0,0,0,0,0,0,0,0,0,0,0,0,0,0,0,0,0,0,0,0,0,0,0,0,0,0,0,0,0,0,0,0,0,0,0,0,0,0,0,0,0,0,0,0,0,0,0,0,0,0,0,0,0,0,0,0,0,0,0,0,0,0,0,0,0,0,0,0,0,0,0,0,0,0,0,0,0,0,0,0,0,0,0,0,0,0,0,0,0,0,0,0,0,0,0,0,0,0,0,0,0,0,0,0,0,0,0,0,0,0,0,0,0,0,0,0,0,0,0,0,0,0,0,0,0,0,0,0,0,0,0,0,0,0,0,0,0,0,0,0,0,0,0,0,0,0,0,0,0,0,0,0,0,0,0,0,0,0,0,0,0,0,0,0,0,0,0,0,0,0,0,0,0,0,0,0,0,0,0,0,0,0,0,0,0,0,0,0,0,0,0,0,0,0,0,0,0,0,0,0,0,0,0,0,0,0,0,0,0,0,0,0,0,0,0,0,0,0,0,0,0,0,0,0,0,0,0,0,0,0,0,0,0,0,0,0,0,0,0,0,0,0,0,0,0,0,0,0,0,0,0,0,0,0,0,0,0,0,0,0,0,0,0,0,0,0,0,0,0,0,0,0,0,0,0,0,0,0,0,0,0,0,0,0,0,0,0,0,0,0,0,0,0,0,0,0,0,0,0,0,0,0,0,0,0,0,0,0,0,0,0,0,0,0,0,0,0,0,0,0,0,0,0,0,0,0,0,0,0,0,0,0,0,0,0,0,0,0,0,0,0,0,0,0,0,0,0,0,0,0,0,0,0,0,0,0,0,0,0,0,0,0,0,0,0,0,0,0,0,0,0,0,0,0,0,0,0,0,0,0,0,0,0,0,0,0,0,0,0,0,0,0,0,0,0,0,0,0,0,0,0,0,0,0,0,0,0,0,0,0,0,0,0,0,0,0,0,0,0,0,0,0,0,0,0,0,0,0,0,0,0,0,0,0,0,0,0,0,0,0,0,0,0,0,0,0,0,0,0,0,0,0,0,0,0,0,0,0,0,0,0,0,0,0,0,0,0,0,0,0,0,0,0,0,0,0,0,0,0,0,0,0,0,0,0,0,0,0,0,0,0,0,0,0,0,0,0,0,0,0,0,0,0,0,0,0,0,0,0,0,0,0,0,0,0,0,0,0,0,0,0,0,0,0,0,0,0,0,0,0,0,0,0,0,0,0,0,0,0,0,0,0,0,0,0,0,0,0,0,0,0,0,0,0,0,0,0,0,0,0,0,0,0,0,0,0,0,0,0,0,0,0,0,0,0,0,0,0,0,0,0,0,0,0,0,0,0,0,0,0,0,0,0,0,0,0,0,0,0,0,0,0,0,0,0,0,0,0,0,0,0,0,0,0,0,0,0,0,0,0,0,0,0,0,0,0,0,0,0,0,0,0,0,0,0,0,0,0,0,0,0,0,0,0,0,0,0,0,0,0,0,0,0,0,0,0,0,0,0,0,0,0,0,0,0,0,0,0,0,0,0,0,0,0,0,0,0,0,0,0,0,0,0,0,0,0,0,0,0,0,0,0,0,0,0,0,0,0,0,0,0,0,0,0,0,0,0,0,0,0,0,0,0,0,0,0,0,0,0,0,0,0,0,0,0,0,0,0,0,0,0,0,0,0,0,0,0,0,0,0,0,0,0,0,0,0,0,0,0,0,0,0,0,0,0,0,0,0,0,0,0,0,0,0,0,0,0,0,0,0,0,0,0,0,0,0,0,0,0,0,0,0,0,0,0,0,0,0,0,0,0,0,0,0,0,0,0,0,0,0,0,0,0,0,0,0,0,0,0,0,0,0,0,0,0,0,0,0,0,0,0,0,0,0,0,0,0,0,0,0,0,0,0,0,0,0,0,0,0,0,0,0,0,0,0,0,0,0,0,0,0,0,0,0,0,0,0,0,0,0,0,0,0,0,0,0,0,0,0,0,0,0,0,0,0,0,0,0,0,0,0,0,0,0,0,0,0,0,0,0,0,0,0,0,0,0,0,0,0,0,0,0,0,0,0,0,0,0,0,0,0,0,0,0,0,0,0,0,0,0,0,0,0,0,0,0,0,0,0,0,0,0,0,0,0,0,0,0,0,0,0,0,0,0,0,0,0,0,0,0,0,0,0,0,0,0,0,0,0,0,0,0,0,0,0,0,0,0,0,0,0,0,0,0,0,0,0,0,0,0,0,0,0,0,0,0,0,0,0,0,0,0,0,0,0,0,0,0,0,0,0,0,0,0,0,0,0,0,0,0,0,0,0,0,0,0,0,0,0,0,0,0,0,0,0,0,0,0,0,0,0,0,0,0,0,0,0,0,0,0,0,0,0,0,0,0,0,0,0,0,0,0,0,0,0,0,0,0,0,0,0,0,0,0,0,0,0,0,0,0,0,0,0,0,0,0,0,0,0,0,0,0,0,0,0,0,0,0,0,0,0,0,0,0,0,0,0,0,0,0,0,0,0,0,0,0,0,0,0,0,0,0,0,0,0,0,0,0,0,0,0,0,0,0,0,0,0,0,0,0,0,0,0,0,0,0,0,0,0,0,0,0,0,0,0,0,0,0,0,0,0,0,0,0,0,0,0,0,0,0,0,0,0,0,0,0,0,0,0,0,0,0,0,0,0,0,0,0,0,0,0,0,0,0,0,0,0,0,0,0,0,0,0,0,0,0,0,0,0,0,0,0,0,0,0,0,0,0,0,0,0,0,0,0,0,0,0,0,0,0,0,0,0,0,0,0,0,0,0,0,0,0,0,0,0,0,0,0,0,0,0,0,0,0,0,0,0,0,0,0,0,0,0,0,0,0,0,0,0,0,0,0,0,0,0,0,0,0,0,0,0,0,0,0,0,0,0,0,0,0,0,0,0,0,0,0,0,0,0,0,0,0,0,0,0,0,0,0,0,0,0,0,0,0,0,0,0,0,0,0,0,0,0,0,0,0,0,0,0,0,0,0,0,0,0,0,0,0,0,0,0,0,0,0,0,0,0,0,0,0,0,0,0,0,0,0,0,0,0,0,0,0,0,0,0,0,0,0,0,0,0,0,0,0,0,0,0,0,0,0,0,0,0,0,0,0,0,0,0,0,0,0,0,0,0,0,0,0,0,0,0,0,0,0,0,0,0,0,0,0,0,0,0,0,0,0,0,0,0,0,0,0,0,0,0,0,0,0,0,0,0,0,0,0,0,0,0,0,0,0,0,0,0,0,0,0,0,0,0,0,0,0,0,0,0,0,0,0,0,0,0,0,0,0,0,0,0,0,0,0,0,0,0,0,0,0,0,0,0,0,0,0,0,0,0,0,0,0,0,0,0,0,0,0,0,0,0,0,0,0,0,0,0,0,0,0,0,0,0,0,0,0,0,0,0,0,0,0,0,0,0,0,0,0,0,0,0,0,0,0,0,0,0,0,0,0,0,0,0,0,0,0,0,0,0,0,0,0,0,0,0,0,0,0,0,0,0,0,0,0,0,0,0,0,0,0,0,0,0,0,0,0,0,0,0,0,0,0,0,0,0,0,0,0,0,0,0,0,0,0,0,0,0,0,0,0,0,0,0,0,0,0,0,0,0,0,0,0,0,0,0,0,0,0,0,0,0,0,0,0,0,0,0,0,0,0,0,0,0,0,0,0,0,0,0,0,0,0,0,0,0,0,0,0,0,0,0,0,0,0,0,0,0,0,0,0,0,0,0,0,0,0,0,0,0,0,0,0,0,0,0,0,0,0,0,0,0,0,0,0,0,0,0,0,0,0,0,0,0,0,0,0,0,0,0,0,0,0,0,0,0,0,0,0,0,0,0,0,0,0,0,0,0,0,0,0,0,0,0,0,0,0,0,0,0,0,0,0,0,0,0,0,0,0,0,0,0,0,0,0,0,0,0,0,0,0,0,0,0,0,0,0,0,0,0,0,0,0,0,0,0,0,0,0,0,0,0,0,0,0,0,0,0,0,0,0,0,0,0,0,0,0,0,0,0,0,0,0,0,0,0,0,0,0,0,0,0,0,0,0,0,0,0,0,0,0,0,0,0,0,0,0,0,0,0,0,0,0,0,0,0,0,0,0,0,0,0,0,0,0,0,0,0,0,0,0,0,0,0,0,0,0,0,0,0,0,0,0,0,0,0,0,0,0,0,0,0,0,0,0,0,0,0,0,0,0,0,0,0,0,0,0,0,0,0,0,0,0,0,0,0,0,0,0,0,0,0,0,0,0,0,0,0,0,0,0,0,0,0,0,0,0,0,0,0,0,0,0,0,0,0,0,0,0,0,0,0,0,0,0,0,0,0,0,0,0,0,0,0,0,0,0,0,0,0,0,0,0,0,0,0,0,0,0,0,0,0,0,0,0,0,0,0,0,0,0,0,0,0,0,0,0,0,0,0,0,0,0,0,0,0,0,0,0,0,0,0,0,0,0,0,0,0,0,0,0,0,0,0,0,0,0,0,0,0,0,0,0,0,0,0,0,0,0,0,0,0,0,0,0,0,0,0,0,0,0,0,0,0,0,0,0,0,0,0,0,0,0,0,0,0,0,0,0,0,0,0,0,0,0,0,0,0,0,0,0,0,0,0,0,0,0,0,0,0,0,0,0,0,0,0,0,0,0,0,0,0,0,0,0,0,0,0,0,0,0,0,0,0,0,0,0,0,0,0,0,0,0,0,0,0,0,0,0,0,0,0,0,0,0,0,0,0,0,0,0,0,0,0,0,0,0,0,0,0,0,0,0,0,0,0,0,0,0,0,0,0,0,0,0,0,0,0,0,0,0,0,0,0,0,0,0,0,0,0,0,0,0,0,0,0,0,0,0,0,0,0,0,0,0,0,0,0,0,0,0,0,0,0,0,0,0,0,0,0,0,0,0,0,0,0,0,0,0,0,0,0,0,0,0,0,0,0,0,0,0,0,0,0,0,0,0,0,0,0,0,0,0,0,0,0,0,0,0,0,0,0,0,0,0,0,0,0,0,0,0,0,0,0,0,0,0,0,0,0,0,0,0,0,0,0,0,0,0,0,0,0,0,0,0,0,0,0,0,0,0,0,0,0,0,0,0,0,0,0,0,0,0,0,0,0,0,0,0,0,0,0,0,0,0,0,0,0,0,0,0,0,0,0,0,0,0,0,0,0,0,0,0,0,0,0,0,0,0,0,0,0,0,0,0,0,0,0,0,0,0,0,0,0,0,0,0,0,0,0,0,0,0,0,0,0,0,0,0,0,0,0,0,0,0,0,0,0,0,0,0,0,0,0,0,0,0,0,0,0,0,0,0,0,0,0,0,0,0,0,0,0,0,0,0,0,0,0,0,0,0,0,0,0,0,0,0,0,0,0,0,0,0,0,0,0,0,0,0,0,0,0,0,0,0,0,0,0,0,0,0,0,0,0,0,0,0,0,0,0,0,0,0,0,0,0,0,0,0,0,0,0,0,0,0,0,0,0,0,0,0,0,0,0,0,0,0,0,0,0,0,0,0,0,0,0,0,0,0,0,0,0,0,0,0,0,0,0,0,0,0,0,0,0,0,0,0,0,0,0,0,0,0,0,0,0,0,0,0,0,0,0,0,0,0,0,0,0,0,0,0,0,0,0,0,0,0,0,0,0,0,0,0,0,0,0,0,0,0,0,0,0,0,0,0,0,0,0,0,0,0,0,0,0,0,0,0,0,0,0,0,0,0,0,0,0,0,0,0,0,0,0,0,0,0,0,0,0,0,0,0,0,0,0,0,0,0,0,0,0,0,0,0,0,0,0,0,0,0,0,0,0,0,0,0,0,0,0,0,0,0,0,0,0,0,0,0,0,0,0,0,0,0,0,0,0,0,0,0,0,0,0,0,0,0,0,0,0,0,0,0,0,0,0,0,0,0,0,0,0,0,0,0,0,0,0,0,0,0,0,0,0,0,0,0,0,0,0,0,0,0,0,0,0,0,0,0,0,0,0,0,0,0,0,0,0,0,0,0,0,0,0,0,0,0,0,0,0,0,0,0,0,0,0,0,0,0,0,0,0,0,0,0,0,0,0,0,0,0,0,0,0,0,0,0,0,0,0,0,0,0,0,0,0,0,0,0,0,0,0,0,0,0,0,0,0,0,0,0,0,0,0,0,0,0,0,0,0,0,0,0,0,0,0,0,0,0,0,0,0,0,0,0,0,0,0,0,0,0,0,0,0,0,0,0,0,0,0,0,0,0,0,0,0,0,0,0,0,0,0,0,0,0,0,0,0,0,0,0,0,0,0,0,0,0,0,0,0,0,0,0,0,0,0,0,0,0,0,0,0,0,0,0,0,0,0,0,0,0,0,0,0,0,0,0,0,0,0,0,0,0,0,0,0,0,0,0,0,0,0,0,0,0,0,0,0,0,0,0,0,0,0,0,0,0,0,0,0,0,0,0,0,0,0,0,0,0,0,0,0,0,0,0,0,0,0,0,0,0,0,0,0,0,0,0,0,0,0,0,0,0,0,0,0,0,0,0,0,0,0,0,0,0,0,0,0,0,0,0,0,0,0,0,0,0,0,0,0,0,0,0,0,0,0,0,0,0,0,0,0,0,0,0,0,0,0,0,0,0,0,0,0,0,0,0,0,0,0,0,0,0,0,0,0,0,0,0,0,0,0,0,0,0,0,0,0,0,0,0,0,0,0,0,0,0,0,0,0,0,0,0,0,0,0,0,0,0,0,0,0,0,0,0,0,0,0,0,0,0,0,0,0,0,0,0,0,0,0,0,0,0,0,0,0,0,0,0,0,0,0,0,0,0,0,0,0,0,0,0,0,0,0,0,0,0,0,0,0,0,0,0,0,0,0,0,0,0,0,0,0,0,0,0,0,0,0,0,0,0,0,0,0,0,0,0,0,0,0,0,0,0,0,0,0,0,0,0,0,0,0,0,0,0,0,0,0,0,0,0,0,0,0,0,0,0,0,0,0,0,0,0,0,0,0,0,0,0,0,0,0,0,0,0,0,0,0,0,0,0,0,0,0,0,0,0,0,0,0,0,0,0,0,0,0,0,0,0,0,0,0,0,0,0,0,0,0,0,0,0,0,0,0,0,0,0,0,0,0,0,0,0,0,0,0,0,0,0,0,0,0,0,0,0,0,0,0,0,0,0,0,0,0,0,0,0,0,0,0,0,0,0,0,0,0,0,0,0,0,0,0,0,0,0,0,0,0,0,0,0,0,0,0,0,0,0,0,0,0,0,0,0,0,0,0,0,0,0,0,0,0,0,0,0,0,0,0,0,0,0,0,0,0,0,0,0,0,0,0,0,0,0,0,0,0,0,0,0,0,0,0,0,0,0,0,0,0,0,0,0,0,0,0,0,0,0,0,0,0,0,0,0,0,0,0,0,0,0,0,0,0,0,0,0,0,0,0,0,0,0,0,0,0,0,0,0,0,0,0,0,0,0,0,0,0,0,0,0,0,0,0,0,0,0,0,0,0,0,0,0,0,0,0,0,0,0,0,0,0,0,0,0,0,0,0,0,0,0,0,0,0,0,0,0,0,0,0,0,0,0,0,0,0,0,0,0,0,0,0,0,0,0,0,0,0,0,0,0,0,0,0,0,0,0,0,0,0,0,0,0,0,0,0,0,0,0,0,0,0,0,0,0,0,0,0,0,0,0,0,0,0,0,0,0,0,0,0,0,0,0,0,0,0,0,0,0,0,0,0,0,0,0,0,0,0,0,0,0,0,0,0,0,0,0,0,0,0,0,0,0,0,0,0,0,0,0,0,0,0,0,0,0,0,0,0,0,0,0,0,0,0,0,0,0,0,0,0,0,0,0,0,0,0,0,0,0,0,0,0,0,0,0,0,0,0,0,0,0,0,0,0,0,0,0,0,0,0,0,0,0,0,0,0,0,0,0,0,0,0,0,0,0,0,0,0,0,0,0,0,0,0,0,0,0,0,0,0,0,0,0,0,0,0,0,0,0,0,0,0,0,0,0,0,0,0,0,0,0,0,0,0,0,0,0,0,0,0,0,0,0,0,0,0,0,0,0,0,0,0,0,0,0,0,0,0,0,0,0,0,0,0,0,0,0,0,0,0,0,0,0,0,0,0,0,0,0,0,0,0,0,0,0,0,0,0,0,0,0,0,0,0,0,0,0,0,0,0,0,0,0,0,0,0,0,0,0,0,0,0,0,0,0,0,0,0,0,0,0,0,0,0,0,0,0,0,0,0,0,0,0,0,0,0,0,0,0,0,0,0,0,0,0,0,0,0,0,0,0,0,0,0,0,0,0,0,0,0,0,0,0,0,0,0,0,0,0,0,0,0,0,0,0,0,0,0,0,0,0,0,0,0,0,0,0,0,0,0,0,0,0,0,0,0,0,0,0,0,0,0,0,0,0,0,0,0,0,0,0,0,0,0,0,0,0,0,0,0,0,0,0,0,0,0,0,0,0,0,0,0,0,0,0,0,0,0,0,0,0,0,0,0,0,0,0,0,0,0,0,0,0,0,0,0,0,0,0,0,0,0,0,0,0,0,0,0,0,0,0,0,0,0,0,0,0,0,0,0,0,0,0,0,0,0,0,0,0,0,0,0,0,0,0,0,0,0,0,0,0,0,0,0,0,0,0,0,0,0,0,0,0,0,0,0,0,0,0,0,0,0,0,0,0,0,0,0,0,0,0,0,0,0,0,0,0,0,0,0,0,0,0,0,0,0,0,0,0,0,0,0,0,0,0,0,0,0,0,0,0,0,0,0,0,0,0,0,0,0,0,0,0,0,0,0,0,0,0,0,0,0,0,0,0,0,0,0,0,0,0,0,0,0,0,0,0,0,0,0,0,0,0,0,0,0,0,0,0,0,0,0,0,0,0,0,0,0,0,0,0,0,0,0,0,0,0,0,0,0,0,0,0,0,0,0,0,0,0,0,0,0,0,0,0,0,0,0,0,0,0,0,0,0,0,0,0,0,0,0,0,0,0,0,0,0,0,0,0,0,0,0,0,0,0,0,0,0,0,0,0,0,0,0,0,0,0,0,0,0,0,0,0,0,0,0,0,0,0,0,0,0,0,0,0,0,0,0,0,0,0,0,0,0,0,0,0,0,0,0,0,0,0,0,0,0,0,0,0,0,0,0,0,0,0,0,0,0,0,0,0,0,0,0,0,0,0,0,0,0,0,0,0,0,0,0,0,0,0,0,0,0,0,0,0,0,0,0,0,0,0,0,0,0,0,0,0,0,0,0,0,0,0,0,0,0,0,0,0,0,0,0,0,0,0,0,0,0,0,0,0,0,0,0,0,0,0,0,0,0,0,0,0,0,0,0,0,0,0,0,0,0,0,0,0,0,0,0,0,0,0,0,0,0,0,0,0,0,0,0,0,0,0,0,0,0,0,0,0,0,0,0,0,0,0,0,0,0,0,0,0,0,0,0,0,0,0,0,0,0,0,0,0,0,0,0,0,0,0,0,0,0,0,0,0,0,0,0,0,0,0,0,0,0,0,0,0,0,0,0,0,0,0,0,0,0,0,0,0,0,0,0,0,0,0,0,0,0,0,0,0,0,0,0,0,0,0,0,0,0,0,0,0,0,0,0,0,0,0,0,0,0,0,0,0,0,0,0,0,0,0,0,0,0,0,0,0,0,0,0,0,0,0,0,0,0,0,0,0,0,0,0,0,0,0,0,0,0,0,0,0,0,0,0,0,0,0,0,0,0,0,0,0,0,0,0,0,0,0,0,0,0,0,0,0,0,0,0,0,0,0,0,0,0,0,0,0,0,0,0,0,0,0,0,0,0,0,0,0,0,0,0,0,0,0,0,0,0,0,0,0,0,0,0,0,0,0,0,0,0,0,0,0,0,0,0,0,0,0,0,0,0,0,0,0,0,0,0,0,0,0,0,0,0,0,0,0,0,0,0,0,0,0,0,0,0,0,0,0,0,0,0,0,0,0,0,0,0,0,0,0,0,0,0,0,0,0,0,0,0,0,0,0,0,0,0,0,0,0,0,0,0,0,0,0,0,0,0,0,0,0,0,0,0,0,0,0,0,0,0,0,0,0,0,0,0,0,0,0,0,0,0,0,0,0,0,0,0,0,0,0,0,0,0,0,0,0,0,0,0,0,0,0,0,0,0,0,0,0,0,0,0,0,0,0,0,0,0,0,0,0,0,0,0,0,0,0,0,0,0,0,0,0,0,0,0,0,0,0,0,0,0,0,0,0,0,0,0,0,0,0,0,0,0,0,0,0,0,0,0,0,0,0,0,0,0,0,0,0,0,0,0,0,0,0,0,0,0,0,0,0,0,0,0,0,0,0,0,0,0,0,0,0,0,0,0,0,0,0,0,0,0,0,0,0,0,0,0,0,0,0,0,0,0,0,0,0,0,0,0,0,0,0,0,0,0,0,0,0,0,0,0,0,0,0,0,0,0,0,0,0,0,0,0,0,0,0,0,0,0,0,0,0,0,0,0,0,0,0,0,0,0,0,0,0,0,0,0,0,0,0,0,0,0,0,0,0,0,0,0,0,0,0,0,0,0,0,0,0,0,0,0,0,0,0,0,0,0,0,0,0,0,0,0,0,0,0,0,0,0,0,0,0,0,0,0,0,0,0,0,0,0,0,0,0,0,0,0,0,0,0,0,0,0,0,0,0,0,0,0,0,0,0,0,0,0,0,0,0,0,0,0,0,0,0,0,0,0,0,0,0,0,0,0,0,0,0,0,0,0,0,0,0,0,0,0,0,0,0,0,0,0,0,0,0,0,0,0,0,0,0,0,0,0,0,0,0,0,0,0,0,0,0,0,0,0,0,0,0,0,0,0,0,0,0,0,0,0,0,0,0,0,0,0,0,0,0,0,0,0,0,0,0,0,0,0,0,0,0,0,0,0,0,0,0,0,0,0,0,0,0,0,0,0,0,0,0,0,0,0,0,0,0,0,0,0,0,0,0,0,0,0,0,0,0,0,0,0,0,0,0,0,0,0,0,0,0,0,0,0,0,0,0,0,0,0,0,0,0,0,0,0,0,0,0,0,0,0,0,0,0,0,0,0,0,0,0,0,0,0,0,0,0,0,0,0,0,0,0,0,0,0,0,0,0,0,0,0,0,0,0,0,0,0,0,0,0,0,0,0,0,0,0,0,0,0,0,0,0,0,0,0,0,0,0,0,0,0,0,0,0,0,0,0,0,0,0,0,0,0,0,0,0,0,0,0,0,0,0,0,0,0,0,0,0,0,0,0,0,0,0,0,0,0,0,0,0,0,0,0,0,0,0,0,0,0,0,0,0,0,0,0,0,0,0,0,0,0,0,0,0,0,0,0,0,0,0,0,0,0,0,0,0,0,0,0,0,0,0,0,0,0,0,0,0,0,0,0,0,0,0,0,0,0,0,0,0,0,0,0,0,0,0,0,0,0,0,0,0,0,0,0,0,0,0,0,0,0,0,0,0,0,0,0,0,0,0,0,0,0,0,0,0,0,0,0,0,0,0,0,0,0,0,0,0,0,0,0,0,0,0,0,0,0,0,0,0,0,0,0,0,0,0,0,0,0,0,0,0,0,0,0,0,0,0,0,0,0,0,0,0,0,0,0,0,0,0,0,0,0,0,0,0,0,0,0,0,0,0,0,0,0,0,0,0,0,0,0,0,0,0,0,0,0,0,0,0,0,0,0,0,0,0,0,0,0,0,0,0,0,0,0,0,0,0,0,0,0,0,0,0,0,0,0,0,0,0,0,0,0,0,0,0,0,0,0,0,0,0,0,0,0,0,0,0,0,0,0,0,0,0,0,0,0,0,0,0,0,0,0,0,0,0,0,0,0,0,0,0,0,0,0,0,0,0,0,0,0,0,0,0,0,0,0,0,0,0,0,0,0,0,0,0,0,0,0,0,0,0,0,0,0,0,0,0,0,0,0,0,0,0,0,0,0,0,0,0,0,0,0,0,0,0,0,0,0,0,0,0,0,0,0,0,0,0,0,0,0,0,0,0,0,0,0,0,0,0,0,0,0,0,0,0,0,0,0,0,0,0,0,0,0,0,0,0,0,0,0,0,0,0,0,0,0,0,0,0,0,0,0,0,0,0,0,0,0,0,0,0,0,0,0,0,0,0,0,0,0,0,0,0,0,0,0,0,0,0,0,0,0,0,0,0,0,0,0,0,0,0,0,0,0,0,0,0,0,0,0,0,0,0,0,0,0,0,0,0,0,0,0,0,0,0,0,0,0,0,0,0,0,0,0,0,0,0,0,0,0,0,0,0,0,0,0,0,0,0,0,0,0,0,0,0,0,0,0,0,0,0,0,0,0,0,0,0,0,0,0,0,0,0,0,0,0,0,0,0,0,0,0,0,0,0,0,0,0,0,0,0,0,0,0,0,0,0,0,0,0,0,0,0,0,0,0,0,0,0,0,0,0,0,0,0,0,0,0,0,0,0,0,0,0,0,0,0,0,0,0,0,0,0,0,0,0,0,0,0,0,0,0,0,0,0,0,0,0,0,0,0,0,0,0,0,0,0,0,0,0,0,0,0,0,0,0,0,0,0,0,0,0,0,0,0,0,0,0,0,0,0,0,0,0,0,0,0,0,0,0,0,0,0,0,0,0,0,0,0,0,0,0,0,0,0,0,0,0,0,0,0,0,0,0,0,0,0,0,0,0,0,0,0,0,0,0,0,0,0,0,0,0,0,0,0,0,0,0,0,0,0,0,0,0,0,0,0,0,0,0,0,0,0,0,0,0,0,0,0,0,0,0,0,0,0,0,0,0,0,0,0,0,0,0,0,0,0,0,0,0,0,0,0,0,0,0,0,0,0,0,0,0,0,0,0,0,0,0,0,0,0,0,0,0,0,0,0,0,0,0,0,0,0,0,0,0,0,0,0,0,0,0,0,0,0,0,0,0,0,0,0,0,0,0,0,0,0,0,0,0,0,0,0,0,0,0,0,0,0,0,0,0,0,0,0,0,0,0,0,0,0,0,0,0,0,0,0,0,0,0,0,0,0,0,0,0,0,0,0,0,0,0,0,0,0,0,0,0,0,0,0,0,0,0,0,0,0,0,0,0,0,0,0,0,0,0,0,0,0,0,0,0,0,0,0,0,0,0,0,0,0,0,0,0,0,0,0,0,0,0,0,0,0,0,0,0,0,0,0,0,0,0,0,0,0,0,0,0,0,0,0,0,0,0,0,0,0,0,0,0,0,0,0,0,0,0,0,0,0,0,0,0,0,0,0,0,0,0,0,0,0,0,0,0,0,0,0,0,0,0,0,0,0,0,0,0,0,0,0,0,0,0,0,0,0,0,0,0,0,0,0,0,0,0,0,0,0,0,0,0,0,0,0,0,0,0,0,0,0,0,0,0,0,0,0,0,0,0,0,0,0,0,0,0,0,0,0,0,0,0,0,0,0,0,0,0,0,0,0,0,0,0,0,0,0,0,0,0,0,0,0,0,0,0,0,0,0,0,0,0,0,0,0,0,0,0,0,0,0,0,0,0,0,0,0,0,0,0,0,0,0,0,0,0,0,0,0,0,0,0,0,0,0,0,0,0,0,0,0,0,0,0,0,0,0,0,0,0,0,0,0,0,0,0,0,0,0,0,0,0,0,0,0,0,0,0,0,0,0,0,0,0,0,0,0,0,0,0,0,0,0,0,0,0,0,0,0,0,0,0,0,0,0,0,0,0,0,0,0,0,0,0,0,0,0,0,0,0,0,0,0,0,0,0,0,0,0,0,0,0,0,0,0,0,0,0,0,0,0,0,0,0,0,0,0,0,0,0,0,0,0,0,0,0,0,0,0,0,0,0,0,0,0,0,0,0,0,0,0,0,0,0,0,0,0,0,0,0,0,0,0,0,0,0,0,0,0,0,0,0,0,0,0,0,0,0,0,0,0,0,0,0,0,0,0,0,0,0,0,0,0,0,0,0,0,0,0,0,0,0,0,0,0,0,0,0,0,0,0,0,0,0,0,0,0,0,0,0,0,0,0,0,0,0,0,0,0,0,0,0,0,0,0,0,0,0,0,0,0,0,0,0,0,0,0,0,0,0,0,0,0,0,0,0,0,0,0,0,0,0,0,0,0,0,0,0,0,0,0,0,0,0,0,0,0,0,0,0,0,0,0,0,0,0,0,0,0,0,0,0,0,0,0,0,0,0,0,0,0,0,0,0,0,0,0,0,0,0,0,0,0,0,0,0,0,0,0,0,0,0,0,0,0,0,0,0,0,0,0,0,0,0,0,0,0,0,0,0,0,0,0,0,0,0,0,0,0,0,0,0,0,0,0,0,0,0,0,0,0,0,0,0,0,0,0,0,0,0,0,0,0,0,0,0,0,0,0,0,0,0,0,0,0,0,0,0,0,0,0,0,0,0,0,0,0,0,0,0,0,0,0,0,0,0,0,0,0,0,0,0,0,0,0,0,0,0,0,0,0,0,0,0,0,0,0,0,0,0,0,0,0,0,0,0,0,0,0,0,0,0,0,0,0,0,0,0,0,0,0,0,0,0,0,0,0,0,0,0,0,0,0,0,0,0,0,0,0,0,0,0,0,0,0,0,0,0,0,0,0,0,0,0,0,0,0,0,0,0,0,0,0,0,0,0,0,0,0,0,0,0,0,0,0,0,0,0,0,0,0,0,0,0,0,0,0,0,0,0,0,0,0,0,0,0,0,0,0,0,0,0,0,0,0,0,0,0,0,0,0,0,0,0,0,0,0,0,0,0,0,0,0,0,0,0,0,0,0,0,0,0,0,0,0,0,0,0,0,0,0,0,0,0,0,0,0,0,0,0,0,0,0,0,0,0,0,0,0,0,0,0,0,0,0,0,0,0,0,0,0,0,0,0,0,0,0,0,0,0,0,0,0,0,0,0,0,0,0,0,0,0,0,0,0,0,0,0,0,0,0,0,0,0,0,0,0,0,0,0,0,0,0,0,0,0,0,0,0,0,0,0,0,0,0,0,0,0,0,0,0,0,0,0,0,0,0,0,0,0,0,0,0,0,0,0,0,0,0,0,0,0,0,0,0,0,0,0,0,0,0,0,0,0,0,0,0,0,0,0,0,0,0,0,0,0,0,0,0,0,0,0,0,0,0,0,0,0,0,0,0,0,0,0,0,0,0,0,0,0,0,0,0,0,0,0,0,0,0,0,0,0,0,0,0,0,0,0,0,0,0,0,0,0,0,0,0,0,0,0,0,0,0,0,0,0,0,0,0,0,0,0,0,0,0,0,0,0,0,0,0,0,0,0,0,0,0,0,0,0,0,0,0,0,0,0,0,0,0,0,0,0,0,0,0,0,0,0,0,0,0,0,0,0,0,0,0,0,0,0,0,0,0,0,0,0,0,0,0,0,0,0,0,0,0,0,0,0,0,0,0,0,0,0,0,0,0,0,0,0,0,0,0,0,0,0,0,0,0,0,0,0,0,0,0,0,0,0,0,0,0,0,0,0,0,0,0,0,0,0,0,0,0,0,0,0,0,0,0,0,0,0,0,0,0,0,0,0,0,0,0,0,0,0,0,0,0,0,0,0,0,0,0,0,0,0,0,0,0,0,0,0,0,0,0,0,0,0,0,0,0,0,0,0,0,0,0,0,0,0,0,0,0,0,0,0,0,0,0,0,0,0,0,0,0,0,0,0,0,0,0,0,0,0,0,0,0,0,0,0,0,0,0,0,0,0,0,0,0,0,0,0,0,0,0,0,0,0,0,0,0,0,0,0,0,0,0,0,0,0,0,0,0,0,0,0,0,0,0,0,0,0,0,0,0,0,0,0,0,0,0,0,0,0,0,0,0,0,0,0,0,0,0,0,0,0,0,0,0,0,0,0,0,0,0,0,0,0,0,0,0,0,0,0,0,0,0,0,0,0,0,0,0,0,0,0,0,0,0,0,0,0,0,0,0,0,0,0,0,0,0,0,0,0,0,0,0,0,0,0,0,0,0,0,0,0,0,0,0,0,0,0,0,0,0,0,0,0,0,0,0,0,0,0,0,0,0,0,0,0,0,0,0,0,0,0,0,0,0,0,0,0,0,0,0,0,0,0,0,0,0,0,0,0,0,0,0,0,0,0,0,0,0,0,0,0,0,0,0,0,0,0,0,0,0,0,0,0,0,0,0,0,0,0,0,0,0,0,0,0,0,0,0,0,0,0,0,0,0,0,0,0,0,0,0,0,0,0,0,0,0,0,0,0,0,0,0,0,0,0,0,0,0,0,0,0,0,0,0,0,0,0,0,0,0,0,0,0,0,0,0,0,0,0,0,0,0,0,0,0,0,0,0,0,0,0,0,0,0,0,0,0,0,0,0,0,0,0,0,0,0,0,0,0,0,0,0,0,0,0,0,0,0,0,0,0,0,0,0,0,0,0,0,0,0,0,0,0,0,0,0,0,0,0,0,0,0,0,0,0,0,0,0,0,0,0,0,0,0,0,0,0,0,0,0,0,0,0,0,0,0,0,0,0,0,0,0,0,0,0,0,0,0,0,0,0,0,0,0,0,0,0,0,0,0,0,0,0,0,0,0,0,0,0,0,0,0,0,0,0,0,0,0,0,0,0,0,0,0,0,0,0,0,0,0,0,0,0,0,0,0,0,0,0,0,0,0,0,0,0,0,0,0,0,0,0,0,0,0,0,0,0,0,0,0,0,0,0,0,0,0,0,0,0,0,0,0,0,0,0,0,0,0,0,0,0,0,0,0,0,0,0,0,0,0,0,0,0,0,0,0,0,0,0,0,0,0,0,0,0,0,0,0,0,0,0,0,0,0,0,0,0,0,0,0,0,0,0,0,0,0,0,0,0,0,0,0,0,0,0,0,0,0,0,0,0,0,0,0,0,0,0,0,0,0,0,0,0,0,0,0,0,0,0,0,0,0,0,0,0,0,0,0,0,0,0,0,0,0,0,0,0,0,0,0,0,0,0,0,0,0,0,0,0,0,0,0,0,0,0,0,0,0,0,0,0,0,0,0,0,0,0,0,0,0,0,0,0,0,0,0,0,0,0,0,0,0,0,0,0,0,0,0,0,0,0,0,0,0,0,0,0,0,0,0,0,0,0,0,0,0,0,0,0,0,0,0,0,0,0,0,0,0,0,0,0,0,0,0,0,0,0,0,0,0,0,0,0,0,0,0,0,0,0,0,0,0,0,0,0,0,0,0,0,0,0,0,0,0,0,0,0,0,0,0,0,0,0,0,0,0,0,0,0,0,0,0,0,0,0,0,0,0,0,0,0,0,0,0,0,0,0,0,0,0,0,0,0,0,0,0,0,0,0,0,0,0,0,0,0,0,0,0,0,0,0,0,0,0,0,0,0,0,0,0,0,0,0,0,0,0,0,0,0,0,0,0,0,0,0,0,0,0,0,0,0,0,0,0,0,0,0,0,0,0,0,0,0,0,0,0,0,0,0,0,0,0,0,0,0,0,0,0,0,0,0,0,0,0,0,0,0,0,0,0,0,0,0,0,0,0,0,0,0,0,0,0,0,0,0,0,0,0,0,0,0,0,0,0,0,0,0,0,0,0,0,0,0,0,0,0,0,0,0,0,0,0,0,0,0,0,0,0,0,0,0,0,0,0,0,0,0,0,0,0,0,0,0,0,0,0,0,0,0,0,0,0,0,0,0,0,0,0,0,0,0,0,0,0,0,0,0,0,0,0,0,0,0,0,0,0,0,0,0,0,0,0,0,0,0,0,0,0,0,0,0,0,0,0,0,0,0,0,0,0,0,0,0,0,0,0,0,0,0,0,0,0,0,0,0,0,0,0,0,0,0,0,0,0,0,0,0,0,0,0,0,0,0,0,0,0,0,0,0,0,0,0,0,0,0,0,0,0,0,0,0,0,0,0,0,0,0,0,0,0,0,0,0,0,0,0,0,0,0,0,0,0,0,0,0,0,0,0,0,0,0,0,0,0,0,0,0,0,0,0,0,0,0,0,0,0,0,0,0,0,0,0,0,0,0,0,0,0,0,0,0,0,0,0,0,0,0,0,0,0,0,0,0,0,0,0,0,0,0,0,0,0,0,0,0,0,0,0,0,0,0,0,0,0,0,0,0,0,0,0,0,0,0,0,0,0,0,0,0,0,0,0,0,0,0,0,0,0,0,0,0,0,0,0,0,0,0,0,0,0,0,0,0,0,0,0,0,0,0,0,0,0,0,0,0,0,0,0,0,0,0,0,0,0,0,0,0,0,0,0,0,0,0,0,0,0,0,0,0,0,0,0,0,0,0,0,0,0,0,0,0,0,0,0,0,0,0,0,0,0,0,0,0,0,0,0,0,0,0,0,0,0,0,0,0,0,0,0,0,0,0,0,0,0,0,0,0,0,0,0,0,0,0,0,0,0,0,0,0,0,0,0,0,0,0,0,0,0,0,0,0,0,0,0,0,0,0,0,0,0,0,0,0,0,0,0,0,0,0,0,0,0,0,0,0,0,0,0,0,0,0,0,0,0,0,0,0,0,0,0,0,0,0,0,0,0,0,0,0,0,0,0,0,0,0,0,0,0,0,0,0,0,0,0,0,0,0,0,0,0,0,0,0,0,0,0,0,0,0,0,0,0,0,0,0,0,0,0,0,0,0,0,0,0,0,0,0,0,0,0,0,0,0,0,0,0,0,0,0,0,0,0,0,0,0,0,0,0,0,0,0,0,0,0,0,0,0,0,0,0,0,0,0,0,0,0,0,0,0,0,0,0,0,0,0,0,0,0,0,0,0,0,0,0,0,0,0,0,0,0,0,0,0,0,0,0,0,0,0,0,0,0,0,0,0,0,0,0,0,0,0,0,0,0,0,0,0,0,0,0,0,0,0,0,0,0,0,0,0,0,0,0,0,0,0,0,0,0,0,0,0,0,0,0,0,0,0,0,0,0,0,0,0,0,0,0,0,0,0,0,0,0,0,0,0,0,0,0,0,0,0,0,0,0,0,0,0,0,0,0,0,0,0,0,0,0,0,0,0,0,0,0,0,0,0,0,0,0,0,0,0,0,0,0,0,0,0,0,0,0,0,0,0,0,0,0,0,0,0,0,0,0,0,0,0,0,0,0,0,0,0,0,0,0,0,0,0,0,0,0,0,0,0,0,0,0,0,0,0,0,0,0,0,0,0,0,0,0,0,0,0,0,0,0,0,0,0,0,0,0,0,0,0,0,0,0,0,0,0,0,0,0,0,0,0,0,0,0,0,0,0,0,0,0,0,0,0,0,0,0,0,0,0,0,0,0,0,0,0,0,0,0,0,0,0,0,0,0,0,0,0,0,0,0,0,0,0,0,0,0,0,0,0,0,0,0,0,0,0,0,0,0,0,0,0,0,0,0,0,0,0,0,0,0,0,0,0,0,0,0,0,0,0,0,0,0,0,0,0,0,0,0,0,0,0,0,0,0,0,0,0,0,0,0,0,0,0,0,0,0,0,0,0,0,0,0,0,0,0,0,0,0,0,0,0,0,0,0,0,0,0,0,0,0,0,0,0,0,0,0,0,0,0,0,0,0,0,0,0,0,0,0,0,0,0,0,0,0,0,0,0,0,0,0,0,0,0,0,0,0,0,0,0,0,0,0,0,0,0,0,0,0,0,0,0,0,0,0,0,0,0,0,0,0,0,0,0,0,0,0,0,0,0,0,0,0,0,0,0,0,0,0,0,0,0,0,0,0,0,0,0,0,0,0,0,0,0,0,0,0,0,0,0,0,0,0,0,0,0,0,0,0,0,0,0,0,0,0,0,0,0,0,0,0,0,0,0,0,0,0,0,0,0,0,0,0,0,0,0,0,0,0,0,0,0,0,0,0,0,0,0,0,0,0,0,0,0,0,0,0,0,0,0,0,0,0,0,0,0,0,0,0,0,0,0,0,0,0,0,0,0,0,0,0,0,0,0,0,0,0,0,0,0,0,0,0,0,0,0,0,0,0,0,0,0,0,0,0,0,0,0,0,0,0,0,0,0,0,0,0,0,0,0,0,0,0,0,0,0,0,0,0,0,0,0,0,0,0,0,0,0,0,0,0,0,0,0,0,0,0,0,0,0,0,0,0,0,0,0,0,0,0,0,0,0,0,0,0,0,0,0,0,0,0,0,0,0,0,0,0,0,0,0,0,0,0,0,0,0,0,0,0,0,0,0,0,0,0,0,0,0,0,0,0,0,0,0,0,0,0,0,0,0,0,0,0,0,0,0,0,0,0,0,0,0,0,0,0,0,0,0,0,0,0,0,0,0,0,0,0,0,0,0,0,0,0,0,0,0,0,0,0,0,0,0,0,0,0,0,0,0,0,0,0,0,0,0,0,0,0,0,0,0,0,0,0,0,0,0,0,0,0,0,0,0,0,0,0,0,0,0,0,0,0,0,0,0,0,0,0,0,0,0,0,0,0,0,0,0,0,0,0,0,0,0,0,0,0,0,0,0,0,0,0,0,0,0,0,0,0,0,0,0,0,0,0,0,0,0,0,0,0,0,0,0,0,0,0,0,0,0,0,0,0,0,0,0,0,0,0,0,0,0,0,0,0,0,0,0,0,0,0,0,0,0,0,0,0,0,0,0,0,0,0,0,0,0,0,0,0,0,0,0,0,0,0,0,0,0,0,0,0,0,0,0,0,0,0,0,0,0,0,0,0,0,0,0,0,0,0,0,0,0,0,0,0,0,0,0,0,0,0,0,0,0,0,0,0,0,0,0,0,0,0,0,0,0,0,0,0,0,0,0,0,0,0,0,0,0,0,0,0,0,0,0,0,0,0,0,0,0,0,0,0,0,0,0,0,0,0,0,0,0,0,0,0,0,0,0,0,0,0,0,0,0,0,0,0,0,0,0,0,0,0,0,0,0,0,0,0,0,0,0,0,0,0,0,0,0,0,0,0,0,0,0,0,0,0,0,0,0,0,0,0,0,0,0,0,0,0,0,0,0,0,0,0,0,0,0,0,0,0,0,0,0,0,0,0,0,0,0,0,0,0,0,0,0,0,0,0,0,0,0,0,0,0,0,0,0,0,0,0,0,0,0,0,0,0,0,0,0,0,0,0,0,0,0,0,0,0,0,0,0,0,0,0,0,0,0,0,0,0,0,0,0,0,0,0,0,0,0,0,0,0,0,0,0,0,0,0,0,0,0,0,0,0,0,0,0,0,0,0,0,0,0,0,0,0,0,0,0,0,0,0,0,0,0,0,0,0,0,0,0,0,0,0,0,0,0,0,0,0,0,0,0,0,0,0,0,0,0,0,0,0,0,0,0,0,0,0,0,0,0,0,0,0,0,0,0,0,0,0,0,0,0,0,0,0,0,0,0,0,0,0,0,0,0,0,0,0,0,0,0,0,0,0,0,0,0,0,0,0,0,0,0,0,0,0,0,0,0,0,0,0,0,0,0,0,0,0,0,0,0,0,0,0,0,0,0,0,0,0,0,0,0,0,0,0,0,0,0,0,0,0,0,0,0,0,0,0,0,0,0,0,0,0,0,0,0,0,0,0,0,0,0,0,0,0,0,0,0,0,0,0,0,0,0,0,0,0,0,0,0,0,0,0,0,0,0,0,0,0,0,0,0,0,0,0,0,0,0,0,0,0,0,0,0,0,0,0,0,0,0,0,0,0,0,0,0,0,0,0,0,0,0,0,0,0,0,0,0,0,0,0,0,0,0,0,0,0,0,0,0,0,0,0,0,0,0,0,0,0,0,0,0,0,0,0,0,0,0,0,0,0,0,0,0,0,0,0,0,0,0,0,0,0,0,0,0,0,0,0,0,0,0,0,0,0,0,0,0,0,0,0,0,0,0,0,0,0,0,0,0,0,0,0,0,0,0,0,0,0,0,0,0,0,0,0,0,0,0,0,0,0,0,0,0,0,0,0,0,0,0,0,0,0,0,0,0,0,0,0,0,0,0,0,0,0,0,0,0,0,0,0,0,0,0,0,0,0,0,0,0,0,0,0,0,0,0,0,0,0,0,0,0,0,0,0,0,0,0,0,0,0,0,0,0,0,0,0,0,0,0,0,0,0,0,0,0,0,0,0,0,0,0,0,0,0,0,0,0,0,0,0,0,0,0,0,0,0,0,0,0,0,0,0,0,0,0,0,0,0,0,0,0,0,0,0,0,0,0,0,0,0,0,0,0,0,0,0,0,0,0,0,0,0,0,0,0,0,0,0,0,0,0,0,0,0,0,0,0,0,0,0,0,0,0,0,0,0,0,0,0,0,0,0,0,0,0,0,0,0,0,0,0,0,0,0,0,0,0,0,0,0,0,0,0,0,0,0,0,0,0,0,0,0,0,0,0,0,0,0,0,0,0,0,0,0,0,0,0,0,0,0,0,0,0,0,0,0,0,0,0,0,0,0,0,0,0,0,0,0,0,0,0,0,0,0,0,0,0,0,0,0,0,0,0,0,0,0,0,0,0,0,0,0,0,0,0,0,0,0,0,0,0,0,0,0,0,0,0,0,0,0,0,0,0,0,0,0,0,0,0,0,0,0,0,0,0,0,0,0,0,0,0,0,0,0,0,0,0,0,0,0,0,0,0,0,0,0,0,0,0,0,0,0,0,0,0,0,0,0,0,0,0,0,0,0,0,0,0,0,0,0,0,0,0,0,0,0,0,0,0,0,0,0,0,0,0,0,0,0,0,0,0,0,0,0,0,0,0,0,0,0,0,0,0,0,0,0,0,0,0,0,0,0,0,0,0,0,0,0,0,0,0,0,0,0,0,0,0,0,0,0,0,0,0,0,0,0,0,0,0,0,0,0,0,0,0,0,0,0,0,0,0,0,0,0,0,0,0,0,0,0,0,0,0,0,0,0,0,0,0,0,0,0,0,0,0,0,0,0,0,0,0,0,0,0,0,0,0,0,0,0,0,0,0,0,0,0,0,0,0,0,0,0,0,0,0,0,0,0,0,0,0,0,0,0,0,0,0,0,0,0,0,0,0,0,0,0,0,0,0,0,0,0,0,0,0,0,0,0,0,0,0,0,0,0,0,0,0,0,0,0,0,0,0,0,0,0,0,0,0,0,0,0,0,0,0,0,0,0,0,0,0,0,0,0,0,0,0,0,0,0,0,0,0,0,0,0,0,0,0,0,0,0,0,0,0,0,0,0,0,0,0,0,0,0,0,0,0,0,0,0,0,0,0,0,0,0,0,0,0,0,0,0,0,0,0,0,0,0,0,0,0,0,0,0,0,0,0,0,0,0,0,0,0,0,0,0,0,0,0,0,0,0,0,0,0,0,0,0,0,0,0,0,0,0,0,0,0,0,0,0,0,0,0,0,0,0,0,0,0,0,0,0,0,0,0,0,0,0,0,0,0,0,0,0,0,0,0,0,0,0,0,0,0,0,0,0,0,0,0,0,0,0,0,0,0,0,0,0,0,0,0,0,0,0,0,0,0,0,0,0,0,0,0,0,0,0,0,0,0,0,0,0,0,0,0,0,0,0,0,0,0,0,0,0,0,0,0,0,0,0,0,0,0,0,0,0,0,0,0,0,0,0,0,0,0,0,0,0,0,0,0,0,0,0,0,0,0,0,0,0,0,0,0,0,0,0,0,0,0,0,0,0,0,0,0,0,0,0,0,0,0,0,0,0,0,0,0,0,0,0,0,0,0,0,0,0,0,0,0,0,0,0,0,0,0,0,0,0,0,0,0,0,0,0,0,0,0,0,0,0,0,0,0,0,0,0,0,0,0,0,0,0,0,0,0,0,0,0,0,0,0,0,0,0,0,0,0,0,0,0,0,0,0,0,0,0,0,0,0,0,0,0,0,0,0,0,0,0,0,0,0,0,0,0,0,0,0,0,0,0,0,0,0,0,0,0,0,0,0,0,0,0,0,0,0,0,0,0,0,0,0,0,0,0,0,0,0,0,0,0,0,0,0,0,0,0,0,0,0,0,0,0,0,0,0,0,0,0,0,0,0,0,0,0,0,0,0,0,0,0,0,0,0,0,0,0,0,0,0,0,0,0,0,0,0,0,0,0,0,0,0,0,0,0,0,0,0,0,0,0,0,0,0,0,0,0,0,0,0,0,0,0,0,0,0,0,0,0,0,0,0,0,0,0,0,0,0,0,0,0,0,0,0,0,0,0,0,0,0,0,0,0,0,0,0,0,0,0,0,0,0,0,0,0,0,0,0,0,0,0,0,0,0,0,0,0,0,0,0,0,0,0,0,0,0,0,0,0,0,0,0,0,0,0,0,0,0,0,0,0,0,0,0,0,0,0,0,0,0,0,0,0,0,0,0,0,0,0,0,0,0,0,0,0,0,0,0,0,0,0,0,0,0,0,0,0,0,0,0,0,0,0,0,0,0,0,0,0,0,0,0,0,0,0,0,0,0,0,0,0,0,0,0,0,0,0,0,0,0,0,0,0,0,0,0,0,0,0,0,0,0,0,0,0,0,0,0,0,0,0,0,0,0,0,0,0,0,0,0,0,0,0,0,0,0,0,0,0,0,0,0,0,0,0,0,0,0,0,0,0,0,0,0,0,0,0,0,0,0,0,0,0,0,0,0,0,0,0,0,0,0,0,0,0,0,0,0,0,0,0,0,0,0,0,0,0,0,0,0,0,0,0,0,0,0,0,0,0,0,0,0,0,0,0,0,0,0,0,0,0,0,0,0,0,0,0,0,0,0,0,0,0,0,0,0,0,0,0,0,0,0,0,0,0,0,0,0,0,0,0,0,0,0,0,0,0,0,0,0,0,0,0,0,0,0,0,0,0,0,0,0,0,0,0,0,0,0,0,0,0,0,0,0,0,0,0,0,0,0,0,0,0,0,0,0,0,0,0,0,0,0,0,0,0,0,0,0,0,0,0,0,0,0,0,0,0,0,0,0,0,0,0,0,0,0,0,0,0,0,0,0,0,0,0,0,0,0,0,0,0,0,0,0,0,0,0,0,0,0,0,0,0,0,0,0,0,0,0,0,0,0,0,0,0,0,0,0,0,0,0,0,0,0,0,0,0,0,0,0,0,0,0,0,0,0,0,0,0,0,0,0,0,0,0,0,0,0,0,0,0,0,0,0,0,0,0,0,0,0,0,0,0,0,0,0,0,0,0,0,0,0,0,0,0,0,0,0,0,0,0,0,0,0,0,0,0,0,0,0,0,0,0,0,0,0,0,0,0,0,0,0,0,0,0,0,0,0,0,0,0,0,0,0,0,0,0,0,0,0,0,0,0,0,0,0,0,0,0,0,0,0,0,0,0,0,0,0,0,0,0,0,0,0,0,0,0,0,0,0,0,0,0,0,0,0,0,0,0,0,0,0,0,0,0,0,0,0,0,0,0,0,0,0,0,0,0,0,0,0,0,0,0,0,0,0,0,0,0,0,0,0,0,0,0,0,0,0,0,0,0,0,0,0,0,0,0,0,0,0,0,0,0,0,0,0,0,0,0,0,0,0,0,0,0,0,0,0,0,0,0,0,0,0,0,0,0,0,0,0,0,0,0,0,0,0,0,0,0,0,0,0,0,0,0,0,0,0,0,0,0,0,0,0,0,0,0,0,0,0,0,0,0,0,0,0,0,0,0,0,0,0,0,0,0,0,0,0,0,0,0,0,0,0,0,0,0,0,0,0,0,0,0,0,0,0,0,0,0,0,0,0,0,0,0,0,0,0,0,0,0,0,0,0,0,0,0,0,0,0,0,0,0,0,0,0,0,0,0,0,0,0,0,0,0,0,0,0,0,0,0,0,0,0,0,0,0,0,0,0,0,0,0,0,0,0,0,0,0,0,0,0,0,0,0,0,0,0,0,0,0,0,0,0,0,0,0,0,0,0,0,0,0,0,0,0,0,0,0,0,0,0,0,0,0,0,0,0,0,0,0,0,0,0,0,0,0,0,0,0,0,0,0,0,0,0,0,0,0,0,0,0,0,0,0,0,0,0,0,0,0,0,0,0,0,0,0,0,0,0,0,0,0,0,0,0,0,0,0,0,0,0,0,0,0,0,0,0,0,0,0,0,0,0,0,0,0,0,0,0,0,0,0,0,0,0,0,0,0,0,0,0,0,0,0,0,0,0,0,0,0,0,0,0,0,0,0,0,0,0,0,0,0,0,0,0,0,0,0,0,0,0,0,0,0,0,0,0,0,0,0,0,0,0,0,0,0,0,0,0,0,0,0,0,0,0,0,0,0,0,0,0,0,0,0,0,0,0,0,0,0,0,0,0,0,0,0,0,0,0,0,0,0,0,0,0,0,0,0,0,0,0,0,0,0,0,0,0,0,0,0,0,0,0,0,0,0,0,0,0,0,0,0,0,0,0,0,0,0,0,0,0,0,0,0,0,0,0,0,0,0,0,0,0,0,0,0,0,0,0,0,0,0,0,0,0,0,0,0,0,0,0,0,0,0,0,0,0,0,0,0,0,0,0,0,0,0,0,0,0,0,0,0,0,0,0,0,0,0,0,0,0,0,0,0,0,0,0,0,0,0,0,0,0,0,0,0,0,0,0,0,0,0,0,0,0,0,0,0,0,0,0,0,0,0,0,0,0,0,0,0,0,0,0,0,0,0,0,0,0,0,0,0,0,0,0,0,0,0,0,0,0,0,0,0,0,0,0,0,0,0,0,0,0,0,0,0,0,0,0,0,0,0,0,0,0,0,0,0,0,0,0,0,0,0,0,0,0,0,0,0,0,0,0,0,0,0,0,0,0,0,0,0,0,0,0,0,0,0,0,0,0,0,0,0,0,0,0,0,0,0,0,0,0,0,0,0,0,0,0,0,0,0,0,0,0,0,0,0,0,0,0,0,0,0,0,0,0,0,0,0,0,0,0,0,0,0,0,0,0,0,0,0,0,0,0,0,0,0,0,0,0,0,0,0,0,0,0,0,0,0,0,0,0,0,0,0,0,0,0,0,0,0,0,0,0,0,0,0,0,0,0,0,0,0,0,0,0,0,0,0,0,0,0,0,0,0,0,0,0,0,0,0,0,0,0,0,0,0,0,0,0,0,0,0,0,0,0,0,0,0,0,0,0,0,0,0,0,0,0,0,0,0,0,0,0,0,0,0,0,0,0,0,0,0,0,0,0,0,0,0,0,0,0,0,0,0,0,0,0,0,0,0,0,0,0,0,0,0,0,0,0,0,0,0,0,0,0,0,0,0,0,0,0,0,0,0,0,0,0,0,0,0,0,0,0,0,0,0,0,0,0,0,0,0,0,0,0,0,0,0,0,0,0,0,0,0,0,0,0,0,0,0,0,0,0,0,0,0,0,0,0,0,0,0,0,0,0,0,0,0,0,0,0,0,0,0,0,0,0,0,0,0,0,0,0,0,0,0,0,0,0,0,0,0,0,0,0,0,0,0,0,0,0,0,0,0,0,0,0,0,0,0,0,0,0,0,0,0,0,0,0,0,0,0,0,0,0,0,0,0,0,0,0,0,0,0,0,0,0,0,0,0,0,0,0,0,0,0,0,0,0,0,0,0,0,0,0,0,0,0,0,0,0,0,0,0,0,0,0,0,0,0,0,0,0,0,0,0,0,0,0,0,0,0,0,0,0,0,0,0,0,0,0,0,0,0,0,0,0,0,0,0,0,0,0,0,0,0,0,0,0,0,0,0,0,0,0,0,0,0,0,0,0,0,0,0,0,0,0,0,0,0,0,0,0,0,0,0,0,0,0,0,0,0,0,0,0,0,0,0,0,0,0,0,0,0,0,0,0,0,0,0,0,0,0,0,0,0,0,0,0,0,0,0,0,0,0,0,0,0,0,0,0,0,0,0,0,0,0,0,0,0,0,0,0,0,0,0,0,0,0,0,0,0,0,0,0,0,0,0,0,0,0,0,0,0,0,0,0,0,0,0,0,0,0,0,0,0,0,0,0,0,0,0,0,0,0,0,0,0,0,0,0,0,0,0,0,0,0,0,0,0,0,0,0,0,0,0,0,0,0,0,0,0,0,0,0,0,0,0,0,0,0,0,0,0,0,0,0,0,0,0,0,0,0,0,0,0,0,0,0,0,0,0,0,0,0,0,0,0,0,0,0,0,0,0,0,0,0,0,0,0,0,0,0,0,0,0,0,0,0,0,0,0,0,0,0,0,0,0,0,0,0,0,0,0,0,0,0,0,0,0,0,0,0,0,0,0,0,0,0,0,0,0,0,0,0,0,0,0,0,0,0,0,0,0,0,0,0,0,0,0,0,0,0,0,0,0,0,0,0,0,0,0,0,0,0,0,0,0,0,0,0,0,0,0,0,0,0,0,0,0,0,0,0,0,0,0,0,0,0,0,0,0,0,0,0,0,0,0,0,0,0,0,0,0,0,0,0,0,0,0,0,0,0,0,0,0,0,0,0,0,0,0,0,0,0,0,0,0,0,0,0,0,0,0,0,0,0,0,0,0,0,0,0,0,0,0,0,0,0,0,0,0,0,0,0,0,0,0,0,0,0,0,0,0,0,0,0,0,0,0,0,0,0,0,0,0,0,0,0,0,0,0,0,0,0,0,0,0,0,0,0,0,0,0,0,0,0,0,0,0,0,0,0,0,0,0,0,0,0,0,0,0,0,0,0,0,0,0,0,0,0,0,0,0,0,0,0,0,0,0,0,0,0,0,0,0,0,0,0,0,0,0,0,0,0,0,0,0,0,0,0,0,0,0,0,0,0,0,0,0,0,0,0,0,0,0,0,0,0,0,0,0,0,0,0,0,0,0,0,0,0,0,0,0,0,0,0,0,0,0,0,0,0,0,0,0,0,0,0,0,0,0,0,0,0,0,0,0,0,0,0,0,0,0,0,0,0,0,0,0,0,0,0,0,0,0,0,0,0,0,0,0,0,0,0,0,0,0,0,0,0,0,0,0,0,0,0,0,0,0,0,0,0,0,0,0,0,0,0,0,0,0,0,0,0,0,0,0,0,0,0,0,0,0,0,0,0,0,0,0,0,0,0,0,0,0,0,0,0,0,0,0,0,0,0,0,0,0,0,0,0,0,0,0,0,0,0,0,0,0,0,0,0,0,0,0,0,0,0,0,0,0,0,0,0,0,0,0,0,0,0,0,0,0,0,0,0,0,0,0,0,0,0,0,0,0,0,0,0,0,0,0,0,0,0,0,0,0,0,0,0,0,0,0,0,0,0,0,0,0,0,0,0,0,0,0,0,0,0,0,0,0,0,0,0,0,0,0,0,0,0,0,0,0,0,0,0,0,0,0,0,0,0,0,0,0,0,0,0,0,0,0,0,0,0,0,0,0,0,0,0,0,0,0,0,0,0,0,0,0,0,0,0,0,0,0,0,0,0,0,0,0,0,0,0,0,0,0,0,0,0,0,0,0,0,0,0,0,0,0,0,0,0,0,0,0,0,0,0,0,0,0,0,0,0,0,0,0,0,0,0,0,0,0,0,0,0,0,0,0,0,0,0,0,0,0,0,0,0,0,0,0,0,0,0,0,0,0,0,0,0,0,0,0,0,0,0,0,0,0,0,0,0,0,0,0,0,0,0,0,0,0,0,0,0,0,0,0,0,0,0,0,0,0,0,0,0,0,0,0,0,0,0,0,0,0,0,0,0,0,0,0,0,0,0,0,0,0,0,0,0,0,0,0,0,0,0,0,0,0,0,0,0,0,0,0,0,0,0,0,0,0,0,0,0,0,0,0,0,0,0,0,0,0,0,0,0,0,0,0,0,0,0,0,0,0,0,0,0,0,0,0,0,0,0,0,0,0,0,0,0,0,0,0,0,0,0,0,0,0,0,0,0,0,0,0,0,0,0,0,0,0,0,0,0,0,0,0,0,0,0,0,0,0,0,0,0,0,0,0,0,0,0,0,0,0,0,0,0,0,0,0,0,0,0,0,0,0,0,0,0,0,0,0,0,0,0,0,0,0,0,0,0,0,0,0,0,0,0,0,0,0,0,0,0,0,0,0,0,0,0,0,0,0,0,0,0,0,0,0,0,0,0,0,0,0,0,0,0,0,0,0,0,0,0,0,0,0,0,0,0,0,0,0,0,0,0,0,0,0,0,0,0,0,0,0,0,0,0,0,0,0,0,0,0,0,0,0,0,0,0,0,0,0,0,0,0,0,0,0,0,0,0,0,0,0,0,0,0,0,0,0,0,0,0,0,0,0,0,0,0,0,0,0,0,0,0,0,0,0,0,0,0,0,0,0,0,0,0,0,0,0,0,0,0,0,0,0,0,0,0,0,0,0,0,0,0,0,0,0,0,0,0,0,0,0,0,0,0,0,0,0,0,0,0,0,0,0,0,0,0,0,0,0,0,0,0,0,0,0,0,0,0,0,0,0,0,0,0,0,0,0,0,0,0,0,0,0,0,0,0,0,0,0,0,0,0,0,0,0,0,0,0,0,0,0,0,0,0,0,0,0,0,0,0,0,0,0,0,0,0,0,0,0,0,0,0,0,0,0,0,0,0,0,0,0,0,0,0,0,0,0,0,0,0,0,0,0,0,0,0,0,0,0,0,0,0,0,0,0,0,0,0,0,0,0,0,0,0,0,0,0,0,0,0,0,0,0,0,0,0,0,0,0,0,0,0,0,0,0,0,0,0,0,0,0,0,0,0,0,0,0,0,0,0,0,0,0,0,0,0,0,0,0,0,0,0,0,0,0,0,0,0,0,0,0,0,0,0,0,0,0,0,0,0,0,0,0,0,0,0,0,0,0,0,0,0,0,0,0,0,0,0,0,0,0,0,0,0,0,0,0,0,0,0,0,0,0,0,0,0,0,0,0,0,0,0,0,0,0,0,0,0,0,0,0,0,0,0,0,0,0,0,0,0,0,0,0,0,0,0,0,0,0,0,0,0,0,0,0,0,0,0,0,0,0,0,0,0,0,0,0,0,0,0,0,0,0,0,0,0,0,0,0,0,0,0,0,0,0,0,0,0,0,0,0,0,0,0,0,0,0,0,0,0,0,0,0,0,0,0,0,0,0,0,0,0,0,0,0,0,0,0,0,0,0,0,0,0,0,0,0,0,0,0,0,0,0,0,0,0,0,0,0,0,0,0,0,0,0,0,0,0,0,0,0,0,0,0,0,0,0,0,0,0,0,0,0,0,0,0,0,0,0,0,0,0,0,0,0,0,0,0,0,0,0,0,0,0,0,0,0,0,0,0,0,0,0,0,0,0,0,0,0,0,0,0,0,0,0,0,0,0,0,0,0,0,0,0,0,0,0,0,0,0,0,0,0,0,0,0,0,0,0,0,0,0,0,0,0,0,0,0,0,0,0,0,0,0,0,0,0,0,0,0,0,0,0,0,0,0,0,0,0,0,0,0,0,0,0,0,0,0,0,0,0,0,0,0,0,0,0,0,0,0,0,0,0,0,0,0,0,0,0,0,0,0,0,0,0,0,0,0,0,0,0,0,0,0,0,0,0,0,0,0,0,0,0,0,0,0,0,0,0,0,0,0,0,0,0,0,0,0,0,0,0,0,0,0,0,0,0,0,0,0,0,0,0,0,0,0,0,0,0,0,0,0,0,0,0,0,0,0,0,0,0,0,0,0,0,0,0,0,0,0,0,0,0,0,0,0,0,0,0,0,0,0,0,0,0,0,0,0,0,0,0,0,0,0,0,0,0,0,0,0,0,0,0,0,0,0,0,0,0,0,0,0,0,0,0,0,0,0,0,0,0,0,0,0,0,0,0,0,0,0,0,0,0,0,0,0,0,0,0,0,0,0,0,0,0,0,0,0,0,0,0,0,0,0,0,0,0,0,0,0,0,0,0,0,0,0,0,0,0,0,0,0,0,0,0,0,0,0,0,0,0,0,0,0,0,0,0,0,0,0,0,0,0,0,0,0,0,0,0,0,0,0,0,0,0,0,0,0,0,0,0,0,0,0,0,0,0,0,0,0,0,0,0,0,0,0,0,0,0,0,0,0,0,0,0,0,0,0,0,0,0,0,0,0,0,0,0,0,0,0,0,0,0,0,0,0,0,0,0,0,0,0,0,0,0,0,0,0,0,0,0,0,0,0,0,0,0,0,0,0,0,0,0,0,0,0,0,0,0,0,0,0,0,0,0,0,0,0,0,0,0,0,0,0,0,0,0,0,0,0,0,0,0,0,0,0,0,0,0,0,0,0,0,0,0,0,0,0,0,0,0,0,0,0,0,0,0,0,0,0,0,0,0,0,0,0,0,0,0,0,0,0,0,0,0,0,0,0,0,0,0,0,0,0,0,0,0,0,0,0,0,0,0,0,0,0,0,0,0,0,0,0,0,0,0,0,0,0,0,0,0,0,0,0,0,0,0,0,0,0,0,0,0,0,0,0,0,0,0,0,0,0,0,0,0,0,0,0,0,0,0,0,0,0,0,0,0,0,0,0,0,0,0,0,0,0,0,0,0,0,0,0,0,0,0,0,0,0,0,0,0,0,0,0,0,0,0,0,0,0,0,0,0,0,0,0,0,0,0,0,0,0,0,0,0,0,0,0,0,0,0,0,0,0,0,0,0,0,0,0,0,0,0,0,0,0,0,0,0,0,0,0,0,0,0,0,0,0,0,0,0,0,0,0,0,0,0,0,0,0,0,0,0,0,0,0,0,0,0,0,0,0,0,0,0,0,0,0,0,0,0,0,0,0,0,0,0,0,0,0,0,0,0,0,0,0,0,0,0,0,0,0,0,0,0,0,0,0,0,0,0,0,0,0,0,0,0,0,0,0,0,0,0,0,0,0,0,0,0,0,0,0,0,0,0,0,0,0,0,0,0,0,0,0,0,0,0,0,0,0,0,0,0,0,0,0,0,0,0,0,0,0,0,0,0,0,0,0,0,0,0,0,0,0,0,0,0,0,0,0,0,0,0,0,0,0,0,0,0,0,0,0,0,0,0,0,0,0,0,0,0,0,0,0,0,0,0,0,0,0,0,0,0,0,0,0,0,0,0,0,0,0,0,0,0,0,0,0,0,0,0,0,0,0,0,0,0,0,0,0,0,0,0,0,0,0,0,0,0,0,0,0,0,0,0,0,0,0,0,0,0,0,0,0,0,0,0,0,0,0,0,0,0,0,0,0,0,0,0,0,0,0,0,0,0,0,0,0,0,0,0,0,0,0,0,0,0,0,0,0,0,0,0,0,0,0,0,0,0,0,0,0,0,0,0,0,0,0,0,0,0,0,0,0,0,0,0,0,0,0,0,0,0,0,0,0,0,0,0,0,0,0,0,0,0,0,0,0,0,0,0,0,0,0,0,0,0,0,0,0,0,0,0,0,0,0,0,0,0,0,0,0,0,0,0,0,0,0,0,0,0,0,0,0,0,0,0,0,0,0,0,0,0,0,0,0,0,0,0,0,0,0,0,0,0,0,0,0,0,0,0,0,0,0,0,0,0,0,0,0,0,0,0,0,0,0,0,0,0,0,0,0,0,0,0,0,0,0,0,0,0,0,0,0,0,0,0,0,0,0,0,0,0,0,0,0,0,0,0,0,0,0,0,0,0,0,0,0,0,0,0,0,0,0,0,0,0,0,0,0,0,0,0,0,0,0,0,0,0,0,0,0,0,0,0,0,0,0,0,0,0,0,0,0,0,0,0,0,0,0,0,0,0,0,0,0,0,0,0,0,0,0,0,0,0,0,0,0,0,0,0,0,0,0,0,0,0,0,0,0,0,0,0,0,0,0,0,0,0,0,0,0,0,0,0,0,0,0,0,0,0,0,0,0,0,0,0,0,0,0,0,0,0,0,0,0,0,0,0,0,0,0,0,0,0,0,0,0,0,0,0,0,0,0,0,0,0,0,0,0,0,0,0,0,0,0,0,0,0,0,0,0,0,0,0,0,0,0,0,0,0,0,0,0,0,0,0,0,0,0,0,0,0,0,0,0,0,0,0,0,0,0,0,0,0,0,0,0,0,0,0,0,0,0,0,0,0,0,0,0,0,0,0,0,0,0,0,0,0,0,0,0,0,0,0,0,0,0,0,0,0,0,0,0,0,0,0,0,0,0,0,0,0,0,0,0,0,0,0,0,0,0,0,0,0,0,0,0,0,0,0,0,0,0,0,0,0,0,0,0,0,0,0,0,0,0,0,0,0,0,0,0,0,0,0,0,0,0,0,0,0,0,0,0,0,0,0,0,0,0,0,0,0,0,0,0,0,0,0,0,0,0,0,0,0,0,0,0,0,0,0,0,0,0,0,0,0,0,0,0,0,0,0,0,0,0,0,0,0,0,0,0,0,0,0,0,0,0,0,0,0,0,0,0,0,0,0,0,0,0,0,0,0,0,0,0,0,0,0,0,0,0,0,0,0,0,0,0,0,0,0,0,0,0,0,0,0,0,0,0,0,0,0,0,0,0,0,0,0,0,0,0,0,0,0,0,0,0,0,0,0,0,0,0,0,0,0,0,0,0,0,0,0,0,0,0,0,0,0,0,0,0,0,0,0,0,0,0,0,0,0,0,0,0,0,0,0,0,0,0,0,0,0,0,0,0,0,0,0,0,0,0,0,0,0,0,0,0,0,0,0,0,0,0,0,0,0,0,0,0,0,0,0,0,0,0,0,0,0,0,0,0,0,0,0,0,0,0,0,0,0,0,0,0,0,0,0,0,0,0,0,0,0,0,0,0,0,0,0,0,0,0,0,0,0,0,0,0,0,0,0,0,0,0,0,0,0,0,0,0,0,0,0,0,0,0,0,0,0,0,0,0,0,0,0,0,0,0,0,0,0,0,0,0,0,0,0,0,0,0,0,0,0,0,0,0,0,0,0,0,0,0,0,0,0,0,0,0,0,0,0,0,0,0,0,0,0,0,0,0,0,0,0,0,0,0,0,0,0,0,0,0,0,0,0,0,0,0,0,0,0,0,0,0,0,0,0,0,0,0,0,0,0,0,0,0,0,0,0,0,0,0,0,0,0,0,0,0,0,0,0,0,0,0,0,0,0,0,0,0,0,0,0,0,0,0,0,0,0,0,0,0,0,0,0,0,0,0,0,0,0,0,0,0,0,0,0,0,0,0,0,0,0,0,0,0,0,0,0,0,0,0,0,0,0,0,0,0,0,0,0,0,0,0,0,0,0,0,0,0,0,0,0,0,0,0,0,0,0,0,0,0,0,0,0,0,0,0,0,0,0,0,0,0,0,0,0,0,0,0,0,0,0,0,0,0,0,0,0,0,0,0,0,0,0,0,0,0,0,0,0,0,0,0,0,0,0,0,0,0,0,0,0,0,0,0,0,0,0,0,0,0,0,0,0,0,0,0,0,0,0,0,0,0,0,0,0,0,0,0,0,0,0,0,0,0,0,0,0,0,0,0,0,0,0,0,0,0,0,0,0,0,0,0,0,0,0,0,0,0,0,0,0,0,0,0,0,0,0,0,0,0,0,0,0,0,0,0,0,0,0,0,0,0,0,0,0,0,0,0,0,0,0,0,0,0,0,0,0,0,0,0,0,0,0,0,0,0,0,0,0,0,0,0,0,0,0,0,0,0,0,0,0,0,0,0,0,0,0,0,0,0,0,0,0,0,0,0,0,0,0,0,0,0,0,0,0,0,0,0,0,0,0,0,0,0,0,0,0,0,0,0,0,0,0,0,0,0,0,0,0,0,0,0,0,0,0,0,0,0,0,0,0,0,0,0,0,0,0,0,0,0,0,0,0,0,0,0,0,0,0,0,0,0,0,0,0,0,0,0,0,0,0,0,0,0,0,0,0,0,0,0,0,0,0,0,0,0,0,0,0,0,0,0,0,0,0,0,0,0,0,0,0,0,0,0,0,0,0,0,0,0,0,0,0,0,0,0,0,0,0,0,0,0,0,0,0,0,0,0,0,0,0,0,0,0,0,0,0,0,0,0,0,0,0,0,0,0,0,0,0,0,0,0,0,0,0,0,0,0,0,0,0,0,0,0,0,0,0,0,0,0,0,0,0,0,0,0,0,0,0,0,0,0,0,0,0,0,0,0,0,0,0,0,0,0,0,0,0,0,0,0,0,0,0,0,0,0,0,0,0,0,0,0,0,0,0,0,0,0,0,0,0,0,0,0,0,0,0,0,0,0,0,0,0,0,0,0,0,0,0,0,0,0,0,0,0,0,0,0,0,0,0,0,0,0,0,0,0,0,0,0,0,0,0,0,0,0,0,0,0,0,0,0,0,0,0,0,0,0,0,0,0,0,0,0,0,0,0,0,0,0,0,0,0,0,0,0,0,0,0,0,0,0,0,0,0,0,0,0,0,0,0,0,0,0,0,0,0,0,0,0,0,0,0,0,0,0,0,0,0,0,0,0,0,0,0,0,0,0,0,0,0,0,0,0,0,0,0,0,0,0,0,0,0,0,0,0,0,0,0,0,0,0,0,0,0,0,0,0,0,0,0,0,0,0,0,0,0,0,0,0,0,0,0,0,0,0,0,0,0,0,0,0,0,0,0,0,0,0,0,0,0,0,0,0,0,0,0,0,0,0,0,0,0,0,0,0,0,0,0,0,0,0,0,0,0,0,0,0,0,0,0,0,0,0,0,0,0,0,0,0,0,0,0,0,0,0,0,0,0,0,0,0,0,0,0,0,0,0,0,0,0,0,0,0,0,0,0,0,0,0,0,0,0,0,0,0,0,0,0,0,0,0,0,0,0,0,0,0,0,0,0,0,0,0,0,0,0,0,0,0,0,0,0,0,0,0,0,0,0,0,0,0,0,0,0,0,0,0,0,0,0,0,0,0,0,0,0,0,0,0,0,0,0,0,0,0,0,0,0,0,0,0,0,0,0,0,0,0,0,0,0,0,0,0,0,0,0,0,0,0,0,0,0,0,0,0,0,0,0,0,0,0,0,0,0,0,0,0,0,0,0,0,0,0,0,0,0,0,0,0,0,0,0,0,0,0,0,0,0,0,0,0,0,0,0,0,0,0,0,0,0,0,0,0,0,0,0,0,0,0,0,0,0,0,0,0,0,0,0,0,0,0,0,0,0,0,0,0,0,0,0,0,0,0,0,0,0,0,0,0,0,0,0,0,0,0,0,0,0,0,0,0,0,0,0,0,0,0,0,0,0,0,0,0,0,0,0,0,0,0,0,0,0,0,0,0,0,0,0,0,0,0,0,0,0,0,0,0,0,0,0,0,0,0,0,0,0,0,0,0,0,0,0,0,0,0,0,0,0,0,0,0,0,0,0,0,0,0,0,0,0,0,0,0,0,0,0,0,0,0,0,0,0,0,0,0,0,0,0,0,0,0,0,0,0,0,0,0,0,0,0,0,0,0,0,0,0,0,0,0,0,0,0,0,0,0,0,0,0,0,0,0,0,0,0,0,0,0,0,0,0,0,0,0,0,0,0,0,0,0,0,0,0,0,0,0,0,0,0,0,0,0,0,0,0,0,0,0,0,0,0,0,0,0,0,0,0,0,0,0,0,0,0,0,0,0,0,0,0,0,0,0,0,0,0,0,0,0,0,0,0,0,0,0,0,0,0,0,0,0,0,0,0,0,0,0,0,0,0,0,0,0,0,0,0,0,0,0,0,0,0,0,0,0,0,0,0,0,0,0,0,0,0,0,0,0,0,0,0,0,0,0,0,0,0,0,0,0,0,0,0,0,0,0,0,0,0,0,0,0,0,0,0,0,0,0,0,0,0,0,0,0,0,0,0,0,0,0,0,0,0,0,0,0,0,0,0,0,0,0,0,0,0,0,0,0,0,0,0,0,0,0,0,0,0,0,0,0,0,0,0,0,0,0,0,0,0,0,0,0,0,0,0,0,0,0,0,0,0,0,0,0,0,0,0,0,0,0,0,0,0,0,0,0,0,0,0,0,0,0,0,0,0,0,0,0,0,0,0,0,0,0,0,0,0,0,0,0,0,0,0,0,0,0,0,0,0,0,0,0,0,0,0,0,0,0,0,0,0,0,0,0,0,0,0,0,0,0,0,0,0,0,0,0,0,0,0,0,0,0,0,0,0,0,0,0,0,0,0,0,0,0,0,0,0,0,0,0,0,0,0,0,0,0,0,0,0,0,0,0,0,0,0,0,0,0,0,0,0,0,0,0,0,0,0,0,0,0,0,0,0,0,0,0,0,0,0,0,0,0,0,0,0,0,0,0,0,0,0,0,0,0,0,0,0,0,0,0,0,0,0,0,0,0,0,0,0,0,0,0,0,0,0,0,0,0,0,0,0,0,0,0,0,0,0,0,0,0,0,0,0,0,0,0,0,0,0,0,0,0,0,0,0,0,0,0,0,0,0,0,0,0,0,0,0,0,0,0,0,0,0,0,0,0,0,0,0,0,0,0,0,0,0,0,0,0,0,0,0,0,0,0,0,0,0,0,0,0,0,0,0,0,0,0,0,0,0,0,0,0,0,0,0,0,0,0,0,0,0,0,0,0,0,0,0,0,0,0,0,0,0,0,0,0,0,0,0,0,0,0,0,0,0,0,0,0,0,0,0,0,0,0,0,0,0,0,0,0,0,0,0,0,0,0,0,0,0,0,0,0,0,0,0,0,0,0,0,0,0,0,0,0,0,0,0,0,0,0,0,0,0,0,0,0,0,0,0,0,0,0,0,0,0,0,0,0,0,0,0,0,0,0,0,0,0,0,0,0,0,0,0,0,0,0,0,0,0,0,0,0,0,0,0,0,0,0,0,0,0,0,0,0,0,0,0,0,0,0,0,0,0,0,0,0,0,0,0,0,0,0,0,0,0,0,0,0,0,0,0,0,0,0,0,0,0,0,0,0,0,0,0,0,0,0,0,0,0,0,0,0,0,0,0,0,0,0,0,0,0,0,0,0,0,0,0,0,0,0,0,0,0,0,0,0,0,0,0,0,0,0,0,0,0,0,0,0,0,0,0,0,0,0,0,0,0,0,0,0,0,0,0,0,0,0,0,0,0,0,0,0,0,0,0,0,0,0,0,0,0,0,0,0,0,0,0,0,0,0,0,0,0,0,0,0,0,0,0,0,0,0,0,0,0,0,0,0,0,0,0,0,0,0,0,0,0,0,0,0,0,0,0,0,0,0,0,0,0,0,0,0,0,0,0,0,0,0,0,0,0,0,0,0,0,0,0,0,0,0,0,0,0,0,0,0,0,0,0,0,0,0,0,0,0,0,0,0,0,0,0,0,0,0,0,0,0,0,0,0,0,0,0,0,0,0,0,0,0,0,0,0,0,0,0,0,0,0,0,0,0,0,0,0,0,0,0,0,0,0,0,0,0,0,0,0,0,0,0,0,0,0,0,0,0,0,0,0,0,0,0,0,0,0,0,0,0,0,0,0,0,0,0,0,0,0,0,0,0,0,0,0,0,0,0,0,0,0,0,0,0,0,0,0,0,0,0,0,0,0,0,0,0,0,0,0,0,0,0,0,0,0,0,0,0,0,0,0,0,0,0,0,0,0,0,0,0,0,0,0,0,0,0,0,0,0]},"lowValue":[0.0],"highValue":[32768.0],"numBins":[32768],"numBands":1},"sensorMetadata":{"version":"v1.0","sensorName":"WV03_P","numBands":1,"bandAliases":["P"],"weightedBandCenters":[649.36],"eSun":[1574.41],"absoluteCalibrationGains":[0.923],"absoluteCalibrationOffsets":[-1.7]},"imageAssociations":null,"rrdMetadata":{"reducedResolutionDataset":[{"sourceImage":"0f6aaf6a-7e8a-49f8-8b09-d209dd95f310","targetImage":"565c413e-e0e2-4aab-be36-a7945c345d8e","inverseScaleFactor":2.0},{"sourceImage":"565c413e-e0e2-4aab-be36-a7945c345d8e","targetImage":"5582ddf2-97ce-457d-b317-0a87cf92621a","inverseScaleFactor":2.0},{"sourceImage":"5582ddf2-97ce-457d-b317-0a87cf92621a","targetImage":"8fac20b3-ae93-4b2b-919f-598130b037fd","inverseScaleFactor":2.0},{"sourceImage":"8fac20b3-ae93-4b2b-919f-598130b037fd","targetImage":"d651f510-c278-4771-a3d5-e33a83366f7f","inverseScaleFactor":2.0},{"sourceImage":"d651f510-c278-4771-a3d5-e33a83366f7f","targetImage":"0ab5eae1-5424-41c2-ab91-38c4b9393dc6","inverseScaleFactor":2.0}]}}'}
    headers:
      access-control-allow-headers: ['x-requested-with, X-Auth-Token, Content-Type,
          Authorization']
      access-control-allow-methods: ['GET, OPTIONS, HEAD, PUT, POST, DELETE']
      access-control-allow-origin: ['*']
      access-control-max-age: ['3600']
      connection: [keep-alive]
      content-type: [application/json]
      date: ['Tue, 11 Jul 2017 17:23:47 GMT']
    status: {code: 200, message: OK}
version: 1
