interactions:
- request:
    body: null
    headers:
      Accept: ['*/*']
      Accept-Encoding: ['gzip, deflate']
      Connection: [keep-alive]
      Cookie: [AWSELB=07A771471E264EA5ADF82F0AA634B8F4B8E2289A690B1B58394B650C5C6EB316C01BFBD90E896BF1080B3DC5E1F8CA82726318A2B2C62A00528399710D25D49174062B908890493FBE7D0CB2B3AF36C53C02ECEE97;
          JSESSIONID=92A0EB6667F433BF0A984DD6984320EA.173.50.252.92]
      User-Agent: [python-requests/2.14.2]
    method: GET
    uri: https://vector.geobigdata.io/insight-vector/api/index/query/vector-gbdx-alpha-catalog-v2-*/paging?count=1&upper=90.0&lower=-90.0&right=180.0&q=item_type%3AGBDXCatalogRecord+AND+attributes.catalogID%3A1050410002D77600+AND+NOT+item_type%3AIDAHOImage+AND+NOT+item_type%3ADigitalGlobeAcquisition&ttl=5m&left=-180.0
  response:
    body: {string: !!python/unicode '{ "data" : [{"type":"Feature","geometry":{"type":"MultiPolygon","coordinates":[[[[-94.97539484958556,29.12722299904154],[-94.9823681323632,28.97907280929035],[-95.13218142834862,28.97795930863359],[-95.12499602440046,29.12864520684073],[-94.97539484958556,29.12722299904154]]]]},"properties":{"ingest_source":"GBDX_INGEST_ALPHA","access":{"groups":["_ALL_"],"users":["_ALL_"]},"item_date":"2012-11-02T17:07:06.000Z","original_crs":"EPSG:4326","item_type":["GBDXCatalogRecord","GE01","DigitalGlobeProduct","1BProduct"],"format":null,"ingest_date":"2017-04-15T06:57:04.129Z","source":null,"name":null,"attributes":{"bucketName":"receiving-dgcs-tdgplatform-com","sunAzimuth_dbl":160.8,"bands":"Multi","xmlFile":"12NOV02170706-M1BS-056067713010_01_P001.XML","browseJpgFile":"12NOV02170706-M1BS-056067713010_01_P001-BROWSE.JPG","cloudCover_int":0,"imdFile":"12NOV02170706-M1BS-056067713010_01_P001.IMD","attFile":"12NOV02170706-M1BS-056067713010_01_P001.ATT","resolution_dbl":2.047,"bandsList":"BAND_B,BAND_G,BAND_R,BAND_N","geoFile":"12NOV02170706-M1BS-056067713010_01_P001.GEO","imageFile":"12NOV02170706-M1BS-056067713010_01_P001.TIF","vendor":"DigitalGlobe","sunElevation_dbl":44.0,"platformName":"GEOEYE01","tilFile":"12NOV02170706-M1BS-056067713010_01_P001.TIL","sensorPlatformName":"GEOEYE01","readmeTxtFile":"12NOV02170706-M1BS-056067713010_01_P001_README.TXT","rpbFile":"12NOV02170706-M1BS-056067713010_01_P001.RPB","offNadirAngle_dbl":16.4,"soli":"056067713","catalogID":"1050410002D77600","productLevel":"LV1B","part_int":1,"ephFile":"12NOV02170706-M1BS-056067713010_01_P001.EPH","bucketPrefix":"056067713010_01_003/056067713010_01/056067713010_01_P001_MUL"},"ingest_attributes":{"_rest_user":"acquisitionsvc","_rest_url":"https://vector.geobigdata.io/insight-vector/api/vectors/gbdx-alpha-catalog-v2-%257Bitem_date%253Ayyyy%257D"},"id":"1050410002D77600_P001_MUL_056067713010","text":""}}],"next_paging_id":"DnF1ZXJ5VGhlbkZldGNoHwAAAAAA334TFlNxNUYwQk9YUUN1TDdZQXpzWjVBQncAAAAAAMUslBZsV3k2eEx2V1RqQ0xWZi1HYVRhYkFnAAAAAAF-gnkWZjlXdWEyNUVUZ0NZUUJ4ZFd3NzdSQQAAAAACBqmrFmtadHYtVDRSUVdDQzVGVmtkS2Y1NmcAAAAAAhvubBZuLU84SFBJSVRKYXhtTWV3bHNTSV93AAAAAADFLJUWbFd5NnhMdldUakNMVmYtR2FUYWJBZwAAAAAAxSyWFmxXeTZ4THZXVGpDTFZmLUdhVGFiQWcAAAAAAkrXHhZPck9HY2laMVR6eVJrWk5IS3RrbTRRAAAAAAF-gnoWZjlXdWEyNUVUZ0NZUUJ4ZFd3NzdSQQAAAAAA334UFlNxNUYwQk9YUUN1TDdZQXpzWjVBQncAAAAAAYZPghZzNmRUV0o0elNPaXhhUUZ1Z3BPTkd3AAAAAAJK1x8WT3JPR2NpWjFUenlSa1pOSEt0a200UQAAAAABmyghFkVZWVJNMUxIUk8ta09tNEhIanRmc2cAAAAAAgzafxZRLW9vTHZaM1FveXJjRXB0bWd1b1hnAAAAAAGljw0WVXFXZ1ByalpUdWlFU3ZKRU1qb1cwdwAAAAABpY8OFlVxV2dQcmpaVHVpRVN2SkVNam9XMHcAAAAAAZsoIhZFWVlSTTFMSFJPLWtPbTRISGp0ZnNnAAAAAAF7YGoWQUx5eDhWSzJUbDJNZ1hGdmNoNnl3UQAAAAAA334VFlNxNUYwQk9YUUN1TDdZQXpzWjVBQncAAAAAAaXu3BY1bGx2QVZTQ1Q2aWI4RWlPVHVGd0t3AAAAAAIM2oAWUS1vb0x2WjNRb3lyY0VwdG1ndW9YZwAAAAACStchFk9yT0djaVoxVHp5UmtaTkhLdGttNFEAAAAAAkrXIBZPck9HY2laMVR6eVJrWk5IS3RrbTRRAAAAAAF7YGsWQUx5eDhWSzJUbDJNZ1hGdmNoNnl3UQAAAAAA5EVBFndaZEdJSGI5Um5tM20zc2loLWd1WGcAAAAAAVCsMhZadERqY0hNdlRTMjFxYzc2c3NIMmRBAAAAAAF-gnsWZjlXdWEyNUVUZ0NZUUJ4ZFd3NzdSQQAAAAACG-5tFm4tTzhIUElJVEpheG1NZXdsc1NJX3cAAAAAAN9-FhZTcTVGMEJPWFFDdUw3WUF6c1o1QUJ3AAAAAAIb7m4Wbi1POEhQSUlUSmF4bU1ld2xzU0lfdwAAAAABhk-DFnM2ZFRXSjR6U09peGFRRnVncE9OR3c=","item_count":"1","total_count":"18"}'}
    headers:
      access-control-allow-credentials: ['true']
      access-control-allow-headers: ['origin, content-type, accept, authorization']
      access-control-allow-methods: ['GET, POST, PUT, DELETE, OPTIONS, HEAD']
      access-control-allow-origin: ['*']
      connection: [keep-alive]
      content-encoding: [UTF-8]
      content-length: ['3257']
      content-type: [application/json;charset=UTF-8]
      date: ['Tue, 17 Oct 2017 02:46:14 GMT']
      server: [Apache-Coyote/1.1, Weblogic 12.2.1.1]
      strict-transport-security: [max-age=604800 ; includeSubDomains]
      x-content-type-options: [nosniff]
      x-frame-options: [SAMEORIGIN]
      x-permitted-cross-domain-policies: [none]
      x-xss-protection: [1; mode=block]
    status: {code: 200, message: OK}
- request:
    body: null
    headers:
      Accept: ['*/*']
      Accept-Encoding: ['gzip, deflate']
      Connection: [keep-alive]
      Cookie: [AWSELB=07A771471E264EA5ADF82F0AA634B8F4B8E2289A690B1B58394B650C5C6EB316C01BFBD90E896BF1080B3DC5E1F8CA82726318A2B2C62A00528399710D25D49174062B908890493FBE7D0CB2B3AF36C53C02ECEE97;
          JSESSIONID=92A0EB6667F433BF0A984DD6984320EA.173.50.252.92]
      User-Agent: [python-requests/2.14.2]
    method: GET
    uri: https://vector.geobigdata.io/insight-vector/api/index/query/vector-gbdx-alpha-catalog-v2-*/paging?count=100&upper=90.0&lower=-90.0&right=180.0&q=item_type%3AIDAHOImage+AND+attributes.catalogID%3A1050410002D77600+AND+attributes.colorInterpretation%3ABGRN&ttl=5m&left=-180.0
  response:
    body: {string: !!python/unicode '{ "data" : [{"type":"Feature","geometry":{"type":"MultiPolygon","coordinates":[[[[-95.71322769,29.13533528],[-95.71935629,28.97105013],[-95.88480573,28.96860077],[-95.87953425,29.13770108],[-95.71322769,29.13533528]]]]},"properties":{"ingest_source":"GBDX_INGEST_ALPHA","access":{"groups":["_ALL_"],"users":["_ALL_"]},"item_date":"2012-11-02T17:07:22.628Z","original_crs":"EPSG:4326","item_type":["GBDXCatalogRecord","IDAHOImage","DigitalGlobeProduct","GE01"],"format":null,"ingest_date":"2017-06-17T10:18:22.758Z","source":null,"name":null,"attributes":{"profileName":"dg_1b","tilePartition":"0000","acquisitionDate":"2012-11-02T17:07:22.628Z","bucketName":"idaho-images","numBands_int":4,"sunAzimuth_dbl":159.9,"nativeTileFileFormat":"TIF","colorInterpretation":"BGRN","cloudCover_int":18,"idahoImageId":"cef044dd-099c-4530-9f2a-650e6dd01a67","satAzimuth_dbl":189.4,"satElevation_dbl":64.0,"pniirs_dbl":2.8,"numYTiles_int":32,"tileXOffset_int":0,"epsgCode":"4326","vendor":"DigitalGlobe","sunElevation_dbl":43.8,"platformName":"GEOEYE01","imageHeight_int":8021,"numXTiles_int":33,"sensorPlatformName":"GEOEYE01","sensorName":"4-band
        (Blue, Green, Red, NIR) Multispectral","dataType":"UNSIGNED_SHORT","imageWidth_int":8296,"tileXSize_int":256,"tileYSize_int":256,"offNadirAngle_dbl":23.2,"tileBucketName":"idaho-images","vendorName":"DigitalGlobe","version":"1.0","tileYOffset_int":0,"catalogID":"1050410002D77600","vendorDatasetIdentifier":"LV1B:056067713010_01_P007:1050410002D77600:A010010247576600","groundSampleDistanceMeters_dbl":2.124},"ingest_attributes":{"_rest_user":"acquisitionsvc","_rest_url":"https://vector.geobigdata.io/insight-vector/api/vectors/gbdx-alpha-catalog-v2-%257Bitem_date%253Ayyyy%257D"},"id":"cef044dd-099c-4530-9f2a-650e6dd01a67","text":""}},{"type":"Feature","geometry":{"type":"MultiPolygon","coordinates":[[[[-95.08831207,29.12829088],[-95.09546057,28.97827219],[-95.25579269,28.97677836],[-95.24858233,29.12983328],[-95.08831207,29.12829088]]]]},"properties":{"ingest_source":"GBDX_INGEST_ALPHA","access":{"groups":["_ALL_"],"users":["_ALL_"]},"item_date":"2012-11-02T17:07:08.659Z","original_crs":"EPSG:4326","item_type":["GBDXCatalogRecord","IDAHOImage","DigitalGlobeProduct","GE01"],"format":null,"ingest_date":"2017-06-17T10:00:34.058Z","source":null,"name":null,"attributes":{"profileName":"dg_1b","tilePartition":"0000","acquisitionDate":"2012-11-02T17:07:08.659Z","bucketName":"idaho-images","numBands_int":4,"sunAzimuth_dbl":160.7,"nativeTileFileFormat":"TIF","colorInterpretation":"BGRN","cloudCover_int":0,"idahoImageId":"0cc170a1-c2a4-4e16-86a0-ebb9e9a93c63","satAzimuth_dbl":204.6,"satElevation_dbl":70.6,"pniirs_dbl":2.9,"numYTiles_int":31,"tileXOffset_int":0,"epsgCode":"4326","vendor":"DigitalGlobe","sunElevation_dbl":44.0,"platformName":"GEOEYE01","imageHeight_int":7779,"numXTiles_int":32,"sensorPlatformName":"GEOEYE01","sensorName":"4-band
        (Blue, Green, Red, NIR) Multispectral","dataType":"UNSIGNED_SHORT","imageWidth_int":8047,"tileXSize_int":256,"tileYSize_int":256,"offNadirAngle_dbl":17.3,"tileBucketName":"idaho-images","vendorName":"DigitalGlobe","version":"1.0","tileYOffset_int":0,"catalogID":"1050410002D77600","vendorDatasetIdentifier":"LV1B:056067713010_01_P002:1050410002D77600:A010010247576300","groundSampleDistanceMeters_dbl":2.048},"ingest_attributes":{"_rest_user":"acquisitionsvc","_rest_url":"https://vector.geobigdata.io/insight-vector/api/vectors/gbdx-alpha-catalog-v2-%257Bitem_date%253Ayyyy%257D"},"id":"0cc170a1-c2a4-4e16-86a0-ebb9e9a93c63","text":""}},{"type":"Feature","geometry":{"type":"MultiPolygon","coordinates":[[[[-95.97043856,29.13908507],[-95.97513907,28.96718121],[-96.01954854,28.96645631],[-96.01515529,29.13979594],[-95.97043856,29.13908507]]]]},"properties":{"ingest_source":"GBDX_INGEST_ALPHA","access":{"groups":["_ALL_"],"users":["_ALL_"]},"item_date":"2012-11-02T17:07:28.215Z","original_crs":"EPSG:4326","item_type":["GBDXCatalogRecord","IDAHOImage","DigitalGlobeProduct","GE01"],"format":null,"ingest_date":"2017-06-17T22:02:54.020Z","source":null,"name":null,"attributes":{"profileName":"dg_1b","tilePartition":"0000","acquisitionDate":"2012-11-02T17:07:28.215Z","bucketName":"idaho-images","numBands_int":4,"sunAzimuth_dbl":159.7,"nativeTileFileFormat":"TIF","colorInterpretation":"BGRN","cloudCover_int":10,"idahoImageId":"b71b1870-9723-4224-8cfc-6863bdb39f66","satAzimuth_dbl":186.2,"satElevation_dbl":62.1,"pniirs_dbl":2.8,"numYTiles_int":9,"tileXOffset_int":0,"epsgCode":"4326","vendor":"DigitalGlobe","sunElevation_dbl":43.7,"platformName":"GEOEYE01","imageHeight_int":2162,"numXTiles_int":33,"sensorPlatformName":"GEOEYE01","sensorName":"4-band
        (Blue, Green, Red, NIR) Multispectral","dataType":"UNSIGNED_SHORT","imageWidth_int":8443,"tileXSize_int":256,"tileYSize_int":256,"offNadirAngle_dbl":24.8,"tileBucketName":"idaho-images","vendorName":"DigitalGlobe","version":"1.0","tileYOffset_int":0,"catalogID":"1050410002D77600","vendorDatasetIdentifier":"LV1B:056067713010_01_P009:1050410002D77600:A010010247572900","groundSampleDistanceMeters_dbl":2.134},"ingest_attributes":{"_rest_user":"acquisitionsvc","_rest_url":"https://vector.geobigdata.io/insight-vector/api/vectors/gbdx-alpha-catalog-v2-%257Bitem_date%253Ayyyy%257D"},"id":"b71b1870-9723-4224-8cfc-6863bdb39f66","text":""}},{"type":"Feature","geometry":{"type":"MultiPolygon","coordinates":[[[[-95.84120696,29.13712993],[-95.84669572,28.96919201],[-96.01360282,28.96655417],[-96.00916866,29.13969615],[-95.84120696,29.13712993]]]]},"properties":{"ingest_source":"GBDX_INGEST_ALPHA","access":{"groups":["_ALL_"],"users":["_ALL_"]},"item_date":"2012-11-02T17:07:25.422Z","original_crs":"EPSG:4326","item_type":["GBDXCatalogRecord","IDAHOImage","DigitalGlobeProduct","GE01"],"format":null,"ingest_date":"2017-06-17T21:29:20.808Z","source":null,"name":null,"attributes":{"profileName":"dg_1b","tilePartition":"0000","acquisitionDate":"2012-11-02T17:07:25.422Z","bucketName":"idaho-images","numBands_int":4,"sunAzimuth_dbl":159.8,"nativeTileFileFormat":"TIF","colorInterpretation":"BGRN","cloudCover_int":19,"idahoImageId":"9b28bfc5-d61e-404f-81c6-38df1f1070d9","satAzimuth_dbl":187.3,"satElevation_dbl":62.6,"pniirs_dbl":2.8,"numYTiles_int":32,"tileXOffset_int":0,"epsgCode":"4326","vendor":"DigitalGlobe","sunElevation_dbl":43.8,"platformName":"GEOEYE01","imageHeight_int":8088,"numXTiles_int":33,"sensorPlatformName":"GEOEYE01","sensorName":"4-band
        (Blue, Green, Red, NIR) Multispectral","dataType":"UNSIGNED_SHORT","imageWidth_int":8366,"tileXSize_int":256,"tileYSize_int":256,"offNadirAngle_dbl":24.4,"tileBucketName":"idaho-images","vendorName":"DigitalGlobe","version":"1.0","tileYOffset_int":0,"catalogID":"1050410002D77600","vendorDatasetIdentifier":"LV1B:056067713010_01_P008:1050410002D77600:A01001024757F600","groundSampleDistanceMeters_dbl":2.141},"ingest_attributes":{"_rest_user":"acquisitionsvc","_rest_url":"https://vector.geobigdata.io/insight-vector/api/vectors/gbdx-alpha-catalog-v2-%257Bitem_date%253Ayyyy%257D"},"id":"9b28bfc5-d61e-404f-81c6-38df1f1070d9","text":""}},{"type":"Feature","geometry":{"type":"MultiPolygon","coordinates":[[[[-95.58643273,29.13365877],[-95.59304809,28.97277501],[-95.75716246,28.97048261],[-95.75120518,29.13584101],[-95.58643273,29.13365877]]]]},"properties":{"ingest_source":"GBDX_INGEST_ALPHA","access":{"groups":["_ALL_"],"users":["_ALL_"]},"item_date":"2012-11-02T17:07:19.834Z","original_crs":"EPSG:4326","item_type":["GBDXCatalogRecord","IDAHOImage","DigitalGlobeProduct","GE01"],"format":null,"ingest_date":"2017-06-18T20:42:14.300Z","source":null,"name":null,"attributes":{"profileName":"dg_1b","tilePartition":"0000","acquisitionDate":"2012-11-02T17:07:19.834Z","bucketName":"idaho-images","numBands_int":4,"sunAzimuth_dbl":160.1,"nativeTileFileFormat":"TIF","colorInterpretation":"BGRN","cloudCover_int":11,"idahoImageId":"2f2c0ff5-f35e-4af3-af32-ee5d9ece0338","satAzimuth_dbl":191.8,"satElevation_dbl":65.5,"pniirs_dbl":2.8,"numYTiles_int":32,"tileXOffset_int":0,"epsgCode":"4326","vendor":"DigitalGlobe","sunElevation_dbl":43.8,"platformName":"GEOEYE01","imageHeight_int":7960,"numXTiles_int":33,"sensorPlatformName":"GEOEYE01","sensorName":"4-band
        (Blue, Green, Red, NIR) Multispectral","dataType":"UNSIGNED_SHORT","imageWidth_int":8233,"tileXSize_int":256,"tileYSize_int":256,"offNadirAngle_dbl":21.8,"tileBucketName":"idaho-images","vendorName":"DigitalGlobe","version":"1.0","tileYOffset_int":0,"catalogID":"1050410002D77600","vendorDatasetIdentifier":"LV1B:056067713010_01_P006:1050410002D77600:A010010247575100","groundSampleDistanceMeters_dbl":2.103},"ingest_attributes":{"_rest_user":"acquisitionsvc","_rest_url":"https://vector.geobigdata.io/insight-vector/api/vectors/gbdx-alpha-catalog-v2-%257Bitem_date%253Ayyyy%257D"},"id":"2f2c0ff5-f35e-4af3-af32-ee5d9ece0338","text":""}},{"type":"Feature","geometry":{"type":"MultiPolygon","coordinates":[[[[-95.46065696,29.13212418],[-95.46760799,28.97438888],[-95.63055491,28.97229067],[-95.62407333,29.13413438],[-95.46065696,29.13212418]]]]},"properties":{"ingest_source":"GBDX_INGEST_ALPHA","access":{"groups":["_ALL_"],"users":["_ALL_"]},"item_date":"2012-11-02T17:07:17.040Z","original_crs":"EPSG:4326","item_type":["GBDXCatalogRecord","IDAHOImage","DigitalGlobeProduct","GE01"],"format":null,"ingest_date":"2017-06-17T12:56:18.088Z","source":null,"name":null,"attributes":{"profileName":"dg_1b","tilePartition":"0000","acquisitionDate":"2012-11-02T17:07:17.040Z","bucketName":"idaho-images","numBands_int":4,"sunAzimuth_dbl":160.3,"nativeTileFileFormat":"TIF","colorInterpretation":"BGRN","cloudCover_int":7,"idahoImageId":"c6aeeee6-d670-4be4-aabb-a3f6c8ef4d34","satAzimuth_dbl":194.4,"satElevation_dbl":66.9,"pniirs_dbl":2.8,"numYTiles_int":31,"tileXOffset_int":0,"epsgCode":"4326","vendor":"DigitalGlobe","sunElevation_dbl":43.9,"platformName":"GEOEYE01","imageHeight_int":7908,"numXTiles_int":32,"sensorPlatformName":"GEOEYE01","sensorName":"4-band
        (Blue, Green, Red, NIR) Multispectral","dataType":"UNSIGNED_SHORT","imageWidth_int":8178,"tileXSize_int":256,"tileYSize_int":256,"offNadirAngle_dbl":20.7,"tileBucketName":"idaho-images","vendorName":"DigitalGlobe","version":"1.0","tileYOffset_int":0,"catalogID":"1050410002D77600","vendorDatasetIdentifier":"LV1B:056067713010_01_P005:1050410002D77600:A010010247575700","groundSampleDistanceMeters_dbl":2.087},"ingest_attributes":{"_rest_user":"acquisitionsvc","_rest_url":"https://vector.geobigdata.io/insight-vector/api/vectors/gbdx-alpha-catalog-v2-%257Bitem_date%253Ayyyy%257D"},"id":"c6aeeee6-d670-4be4-aabb-a3f6c8ef4d34","text":""}},{"type":"Feature","geometry":{"type":"MultiPolygon","coordinates":[[[[-95.21174234,29.12947362],[-95.21895832,28.97715403],[-95.37998638,28.97542023],[-95.37287639,29.13114142],[-95.21174234,29.12947362]]]]},"properties":{"ingest_source":"GBDX_INGEST_ALPHA","access":{"groups":["_ALL_"],"users":["_ALL_"]},"item_date":"2012-11-02T17:07:11.453Z","original_crs":"EPSG:4326","item_type":["GBDXCatalogRecord","IDAHOImage","DigitalGlobeProduct","GE01"],"format":null,"ingest_date":"2017-06-15T21:24:00.225Z","source":null,"name":null,"attributes":{"profileName":"dg_1b","tilePartition":"0000","acquisitionDate":"2012-11-02T17:07:11.453Z","bucketName":"idaho-images","numBands_int":4,"sunAzimuth_dbl":160.5,"nativeTileFileFormat":"TIF","colorInterpretation":"BGRN","cloudCover_int":1,"idahoImageId":"c1baabc6-6268-4425-b9df-d25705aa9d11","satAzimuth_dbl":200.8,"satElevation_dbl":69.4,"pniirs_dbl":2.9,"numYTiles_int":31,"tileXOffset_int":0,"epsgCode":"4326","vendor":"DigitalGlobe","sunElevation_dbl":43.9,"platformName":"GEOEYE01","imageHeight_int":7813,"numXTiles_int":32,"sensorPlatformName":"GEOEYE01","sensorName":"4-band
        (Blue, Green, Red, NIR) Multispectral","dataType":"UNSIGNED_SHORT","imageWidth_int":8081,"tileXSize_int":256,"tileYSize_int":256,"offNadirAngle_dbl":18.4,"tileBucketName":"idaho-images","vendorName":"DigitalGlobe","version":"1.0","tileYOffset_int":0,"catalogID":"1050410002D77600","vendorDatasetIdentifier":"LV1B:056067713010_01_P003:1050410002D77600:A010010247577D00","groundSampleDistanceMeters_dbl":2.061},"ingest_attributes":{"_rest_user":"acquisitionsvc","_rest_url":"https://vector.geobigdata.io/insight-vector/api/vectors/gbdx-alpha-catalog-v2-%257Bitem_date%253Ayyyy%257D"},"id":"c1baabc6-6268-4425-b9df-d25705aa9d11","text":""}},{"type":"Feature","geometry":{"type":"MultiPolygon","coordinates":[[[[-95.33581065,29.1307424],[-95.34296602,28.97583414],[-95.50484624,28.97390333],[-95.49797898,29.13255732],[-95.33581065,29.1307424]]]]},"properties":{"ingest_source":"GBDX_INGEST_ALPHA","access":{"groups":["_ALL_"],"users":["_ALL_"]},"item_date":"2012-11-02T17:07:14.247Z","original_crs":"EPSG:4326","item_type":["GBDXCatalogRecord","IDAHOImage","DigitalGlobeProduct","GE01"],"format":null,"ingest_date":"2017-06-15T19:04:34.403Z","source":null,"name":null,"attributes":{"profileName":"dg_1b","tilePartition":"0000","acquisitionDate":"2012-11-02T17:07:14.247Z","bucketName":"idaho-images","numBands_int":4,"sunAzimuth_dbl":160.4,"nativeTileFileFormat":"TIF","colorInterpretation":"BGRN","cloudCover_int":2,"idahoImageId":"eb986a86-b6a3-4187-b7eb-28b4a69ec47b","satAzimuth_dbl":197.4,"satElevation_dbl":68.2,"pniirs_dbl":2.8,"numYTiles_int":31,"tileXOffset_int":0,"epsgCode":"4326","vendor":"DigitalGlobe","sunElevation_dbl":43.9,"platformName":"GEOEYE01","imageHeight_int":7857,"numXTiles_int":32,"sensorPlatformName":"GEOEYE01","sensorName":"4-band
        (Blue, Green, Red, NIR) Multispectral","dataType":"UNSIGNED_SHORT","imageWidth_int":8128,"tileXSize_int":256,"tileYSize_int":256,"offNadirAngle_dbl":19.5,"tileBucketName":"idaho-images","vendorName":"DigitalGlobe","version":"1.0","tileYOffset_int":0,"catalogID":"1050410002D77600","vendorDatasetIdentifier":"LV1B:056067713010_01_P004:1050410002D77600:A010010247575900","groundSampleDistanceMeters_dbl":2.073},"ingest_attributes":{"_rest_user":"acquisitionsvc","_rest_url":"https://vector.geobigdata.io/insight-vector/api/vectors/gbdx-alpha-catalog-v2-%257Bitem_date%253Ayyyy%257D"},"id":"eb986a86-b6a3-4187-b7eb-28b4a69ec47b","text":""}},{"type":"Feature","geometry":{"type":"MultiPolygon","coordinates":[[[[-94.97539485,29.127223],[-94.98236813,28.97907281],[-95.13218143,28.97795931],[-95.12499602,29.12864521],[-94.97539485,29.127223]]]]},"properties":{"ingest_source":"GBDX_INGEST_ALPHA","access":{"groups":["_ALL_"],"users":["_ALL_"]},"item_date":"2012-11-02T17:07:06.094Z","original_crs":"EPSG:4326","item_type":["GBDXCatalogRecord","IDAHOImage","DigitalGlobeProduct","GE01"],"format":null,"ingest_date":"2017-06-15T15:05:52.478Z","source":null,"name":null,"attributes":{"profileName":"dg_1b","tilePartition":"0000","acquisitionDate":"2012-11-02T17:07:06.094Z","bucketName":"idaho-images","numBands_int":4,"sunAzimuth_dbl":160.8,"nativeTileFileFormat":"TIF","colorInterpretation":"BGRN","cloudCover_int":0,"idahoImageId":"a2a01396-3442-4ae3-8d3c-1321737cce9e","satAzimuth_dbl":208.7,"satElevation_dbl":71.7,"pniirs_dbl":2.9,"numYTiles_int":29,"tileXOffset_int":0,"epsgCode":"4326","vendor":"DigitalGlobe","sunElevation_dbl":44.0,"platformName":"GEOEYE01","imageHeight_int":7225,"numXTiles_int":32,"sensorPlatformName":"GEOEYE01","sensorName":"4-band
        (Blue, Green, Red, NIR) Multispectral","dataType":"UNSIGNED_SHORT","imageWidth_int":7977,"tileXSize_int":256,"tileYSize_int":256,"offNadirAngle_dbl":16.4,"tileBucketName":"idaho-images","vendorName":"DigitalGlobe","version":"1.0","tileYOffset_int":0,"catalogID":"1050410002D77600","vendorDatasetIdentifier":"LV1B:056067713010_01_P001:1050410002D77600:A010010247575B00","groundSampleDistanceMeters_dbl":2.047},"ingest_attributes":{"_rest_user":"acquisitionsvc","_rest_url":"https://vector.geobigdata.io/insight-vector/api/vectors/gbdx-alpha-catalog-v2-%257Bitem_date%253Ayyyy%257D"},"id":"a2a01396-3442-4ae3-8d3c-1321737cce9e","text":""}}],"next_paging_id":"DnF1ZXJ5VGhlbkZldGNoHwAAAAAA334XFlNxNUYwQk9YUUN1TDdZQXpzWjVBQncAAAAAAgzagRZRLW9vTHZaM1FveXJjRXB0bWd1b1hnAAAAAAHDx1EWYVdyZkhoYjVSeGFLU1kyT0dIODlKZwAAAAACG-5vFm4tTzhIUElJVEpheG1NZXdsc1NJX3cAAAAAAN9-GBZTcTVGMEJPWFFDdUw3WUF6c1o1QUJ3AAAAAADFLJgWbFd5NnhMdldUakNMVmYtR2FUYWJBZwAAAAAAxSyXFmxXeTZ4THZXVGpDTFZmLUdhVGFiQWcAAAAAAgaprBZrWnR2LVQ0UlFXQ0M1RlZrZEtmNTZnAAAAAAF-gnwWZjlXdWEyNUVUZ0NZUUJ4ZFd3NzdSQQAAAAAA334ZFlNxNUYwQk9YUUN1TDdZQXpzWjVBQncAAAAAAcPHUhZhV3JmSGhiNVJ4YUtTWTJPR0g4OUpnAAAAAAIGqa0Wa1p0di1UNFJRV0NDNUZWa2RLZjU2ZwAAAAABrQifFlA4MWNtZk9pVGp1STZsV0UyRGdhd3cAAAAAAhvucBZuLU84SFBJSVRKYXhtTWV3bHNTSV93AAAAAAGljw8WVXFXZ1ByalpUdWlFU3ZKRU1qb1cwdwAAAAABpY8QFlVxV2dQcmpaVHVpRVN2SkVNam9XMHcAAAAAAZsoIxZFWVlSTTFMSFJPLWtPbTRISGp0ZnNnAAAAAAF7YGwWQUx5eDhWSzJUbDJNZ1hGdmNoNnl3UQAAAAABrQigFlA4MWNtZk9pVGp1STZsV0UyRGdhd3cAAAAAAaXu3RY1bGx2QVZTQ1Q2aWI4RWlPVHVGd0t3AAAAAAGl7t4WNWxsdkFWU0NUNmliOEVpT1R1RndLdwAAAAABJsIlFmE1Vy13M1ZVUlBpUFhOaHRXMEFnVXcAAAAAAkrXIhZPck9HY2laMVR6eVJrWk5IS3RrbTRRAAAAAAFmoX4WN0lsOGtMc0RTUWl1ZlpEQVZjMDYtZwAAAAACDNqCFlEtb29MdlozUW95cmNFcHRtZ3VvWGcAAAAAAa0IoRZQODFjbWZPaVRqdUk2bFdFMkRnYXd3AAAAAAF-gn0WZjlXdWEyNUVUZ0NZUUJ4ZFd3NzdSQQAAAAABXuLMFm1CaW5jWjYxVDJ1WFQ3akZKTDF0VUEAAAAAAN9-GhZTcTVGMEJPWFFDdUw3WUF6c1o1QUJ3AAAAAAJK1yMWT3JPR2NpWjFUenlSa1pOSEt0a200UQAAAAABw8dTFmFXcmZIaGI1UnhhS1NZMk9HSDg5Smc=","item_count":"9","total_count":"9"}'}
    headers:
      access-control-allow-credentials: ['true']
      access-control-allow-headers: ['origin, content-type, accept, authorization']
      access-control-allow-methods: ['GET, POST, PUT, DELETE, OPTIONS, HEAD']
      access-control-allow-origin: ['*']
      connection: [keep-alive]
      content-encoding: [UTF-8]
      content-length: ['17209']
      content-type: [application/json;charset=UTF-8]
      date: ['Tue, 17 Oct 2017 02:46:14 GMT']
      server: [Apache-Coyote/1.1, Weblogic 12.2.1.1]
      strict-transport-security: [max-age=604800 ; includeSubDomains]
      x-content-type-options: [nosniff]
      x-frame-options: [SAMEORIGIN]
      x-permitted-cross-domain-policies: [none]
      x-xss-protection: [1; mode=block]
    status: {code: 200, message: OK}
- request:
    body: null
    headers:
      Accept: ['*/*']
      Accept-Encoding: ['gzip, deflate']
      Connection: [keep-alive]
      Cookie: [AWSELB=07A771471E264EA5ADF82F0AA634B8F4B8E2289A690B1B58394B650C5C6EB316C01BFBD90E896BF1080B3DC5E1F8CA82726318A2B2C62A00528399710D25D49174062B908890493FBE7D0CB2B3AF36C53C02ECEE97;
          JSESSIONID=92A0EB6667F433BF0A984DD6984320EA.173.50.252.92]
      User-Agent: [python-requests/2.14.2]
    method: GET
    uri: https://vector.geobigdata.io/insight-vector/api/index/query/vector-gbdx-alpha-catalog-v2-*/paging?count=100&upper=90.0&lower=-90.0&right=180.0&q=item_type%3AIDAHOImage+AND+attributes.catalogID%3A1050410002D77600+AND+attributes.colorInterpretation%3APAN&ttl=5m&left=-180.0
  response:
    body: {string: !!python/unicode '{ "data" : [{"type":"Feature","geometry":{"type":"MultiPolygon","coordinates":[[[[-95.21173194,29.12948261],[-95.21894882,28.97714437],[-95.37999231,28.97541021],[-95.37288145,29.13115078],[-95.21173194,29.12948261]]]]},"properties":{"ingest_source":"GBDX_INGEST_ALPHA","access":{"groups":["_ALL_"],"users":["_ALL_"]},"item_date":"2012-11-02T17:07:11.452Z","original_crs":"EPSG:4326","item_type":["GBDXCatalogRecord","IDAHOImage","DigitalGlobeProduct","GE01"],"format":null,"ingest_date":"2017-06-17T05:35:31.535Z","source":null,"name":null,"attributes":{"profileName":"dg_1b","tilePartition":"0000","acquisitionDate":"2012-11-02T17:07:11.452Z","bucketName":"idaho-images","numBands_int":1,"sunAzimuth_dbl":160.5,"nativeTileFileFormat":"PNG","colorInterpretation":"PAN","cloudCover_int":1,"idahoImageId":"ce23c197-363d-4ebc-b182-b66f2da12edb","satAzimuth_dbl":200.8,"satElevation_dbl":69.4,"pniirs_dbl":4.9,"numYTiles_int":31,"tileXOffset_int":0,"epsgCode":"4326","vendor":"DigitalGlobe","sunElevation_dbl":43.9,"platformName":"GEOEYE01","imageHeight_int":31252,"numXTiles_int":32,"sensorPlatformName":"GEOEYE01","sensorName":"Panchromatic","dataType":"UNSIGNED_SHORT","imageWidth_int":32325,"tileXSize_int":1024,"tileYSize_int":1024,"offNadirAngle_dbl":18.4,"tileBucketName":"idaho-images","vendorName":"DigitalGlobe","version":"1.0","tileYOffset_int":0,"catalogID":"1050410002D77600","vendorDatasetIdentifier":"LV1B:056067713010_01_P003:1050410002D77600:A010010247577D00","groundSampleDistanceMeters_dbl":0.515},"ingest_attributes":{"_rest_user":"acquisitionsvc","_rest_url":"https://vector.geobigdata.io/insight-vector/api/vectors/gbdx-alpha-catalog-v2-%257Bitem_date%253Ayyyy%257D"},"id":"ce23c197-363d-4ebc-b182-b66f2da12edb","text":""}},{"type":"Feature","geometry":{"type":"MultiPolygon","coordinates":[[[[-95.08830171,29.12829982],[-95.09545109,28.97826267],[-95.25579867,28.97676852],[-95.24858742,29.12984256],[-95.08830171,29.12829982]]]]},"properties":{"ingest_source":"GBDX_INGEST_ALPHA","access":{"groups":["_ALL_"],"users":["_ALL_"]},"item_date":"2012-11-02T17:07:08.659Z","original_crs":"EPSG:4326","item_type":["GBDXCatalogRecord","IDAHOImage","DigitalGlobeProduct","GE01"],"format":null,"ingest_date":"2017-06-18T07:04:02.728Z","source":null,"name":null,"attributes":{"profileName":"dg_1b","tilePartition":"0000","acquisitionDate":"2012-11-02T17:07:08.659Z","bucketName":"idaho-images","numBands_int":1,"sunAzimuth_dbl":160.7,"nativeTileFileFormat":"PNG","colorInterpretation":"PAN","cloudCover_int":0,"idahoImageId":"45cd0209-726a-445e-b246-e1687af15134","satAzimuth_dbl":204.6,"satElevation_dbl":70.6,"pniirs_dbl":4.9,"numYTiles_int":31,"tileXOffset_int":0,"epsgCode":"4326","vendor":"DigitalGlobe","sunElevation_dbl":44.0,"platformName":"GEOEYE01","imageHeight_int":31116,"numXTiles_int":32,"sensorPlatformName":"GEOEYE01","sensorName":"Panchromatic","dataType":"UNSIGNED_SHORT","imageWidth_int":32189,"tileXSize_int":1024,"tileYSize_int":1024,"offNadirAngle_dbl":17.3,"tileBucketName":"idaho-images","vendorName":"DigitalGlobe","version":"1.0","tileYOffset_int":0,"catalogID":"1050410002D77600","vendorDatasetIdentifier":"LV1B:056067713010_01_P002:1050410002D77600:A010010247576300","groundSampleDistanceMeters_dbl":0.512},"ingest_attributes":{"_rest_user":"acquisitionsvc","_rest_url":"https://vector.geobigdata.io/insight-vector/api/vectors/gbdx-alpha-catalog-v2-%257Bitem_date%253Ayyyy%257D"},"id":"45cd0209-726a-445e-b246-e1687af15134","text":""}},{"type":"Feature","geometry":{"type":"MultiPolygon","coordinates":[[[[-95.84119631,29.137139],[-95.84668578,28.96918137],[-96.01360826,28.96654294],[-96.00917361,29.13970579],[-95.84119631,29.137139]]]]},"properties":{"ingest_source":"GBDX_INGEST_ALPHA","access":{"groups":["_ALL_"],"users":["_ALL_"]},"item_date":"2012-11-02T17:07:25.422Z","original_crs":"EPSG:4326","item_type":["GBDXCatalogRecord","IDAHOImage","DigitalGlobeProduct","GE01"],"format":null,"ingest_date":"2017-06-17T06:52:42.957Z","source":null,"name":null,"attributes":{"profileName":"dg_1b","tilePartition":"0000","acquisitionDate":"2012-11-02T17:07:25.422Z","bucketName":"idaho-images","numBands_int":1,"sunAzimuth_dbl":159.8,"nativeTileFileFormat":"PNG","colorInterpretation":"PAN","cloudCover_int":19,"idahoImageId":"0da95718-fc89-47c7-bd8a-a7985102673d","satAzimuth_dbl":187.3,"satElevation_dbl":62.8,"pniirs_dbl":4.8,"numYTiles_int":32,"tileXOffset_int":0,"epsgCode":"4326","vendor":"DigitalGlobe","sunElevation_dbl":43.8,"platformName":"GEOEYE01","imageHeight_int":32352,"numXTiles_int":33,"sensorPlatformName":"GEOEYE01","sensorName":"Panchromatic","dataType":"UNSIGNED_SHORT","imageWidth_int":33465,"tileXSize_int":1024,"tileYSize_int":1024,"offNadirAngle_dbl":24.3,"tileBucketName":"idaho-images","vendorName":"DigitalGlobe","version":"1.0","tileYOffset_int":0,"catalogID":"1050410002D77600","vendorDatasetIdentifier":"LV1B:056067713010_01_P008:1050410002D77600:A01001024757F600","groundSampleDistanceMeters_dbl":0.534},"ingest_attributes":{"_rest_user":"acquisitionsvc","_rest_url":"https://vector.geobigdata.io/insight-vector/api/vectors/gbdx-alpha-catalog-v2-%257Bitem_date%253Ayyyy%257D"},"id":"0da95718-fc89-47c7-bd8a-a7985102673d","text":""}},{"type":"Feature","geometry":{"type":"MultiPolygon","coordinates":[[[[-94.97538469,29.12723203],[-94.98235859,28.97906804],[-95.1321873,28.97795433],[-95.12500121,29.12865453],[-94.97538469,29.12723203]]]]},"properties":{"ingest_source":"GBDX_INGEST_ALPHA","access":{"groups":["_ALL_"],"users":["_ALL_"]},"item_date":"2012-11-02T17:07:06.094Z","original_crs":"EPSG:4326","item_type":["GBDXCatalogRecord","IDAHOImage","DigitalGlobeProduct","GE01"],"format":null,"ingest_date":"2017-06-17T02:04:33.630Z","source":null,"name":null,"attributes":{"profileName":"dg_1b","tilePartition":"0000","acquisitionDate":"2012-11-02T17:07:06.094Z","bucketName":"idaho-images","numBands_int":1,"sunAzimuth_dbl":160.8,"nativeTileFileFormat":"PNG","colorInterpretation":"PAN","cloudCover_int":0,"idahoImageId":"b3e0ee96-3282-4ebc-a3ee-3d02fd5a1014","satAzimuth_dbl":208.6,"satElevation_dbl":71.7,"pniirs_dbl":4.9,"numYTiles_int":29,"tileXOffset_int":0,"epsgCode":"4326","vendor":"DigitalGlobe","sunElevation_dbl":44.0,"platformName":"GEOEYE01","imageHeight_int":28900,"numXTiles_int":32,"sensorPlatformName":"GEOEYE01","sensorName":"Panchromatic","dataType":"UNSIGNED_SHORT","imageWidth_int":31908,"tileXSize_int":1024,"tileYSize_int":1024,"offNadirAngle_dbl":16.4,"tileBucketName":"idaho-images","vendorName":"DigitalGlobe","version":"1.0","tileYOffset_int":0,"catalogID":"1050410002D77600","vendorDatasetIdentifier":"LV1B:056067713010_01_P001:1050410002D77600:A010010247575B00","groundSampleDistanceMeters_dbl":0.512},"ingest_attributes":{"_rest_user":"acquisitionsvc","_rest_url":"https://vector.geobigdata.io/insight-vector/api/vectors/gbdx-alpha-catalog-v2-%257Bitem_date%253Ayyyy%257D"},"id":"b3e0ee96-3282-4ebc-a3ee-3d02fd5a1014","text":""}},{"type":"Feature","geometry":{"type":"MultiPolygon","coordinates":[[[[-95.3358002,29.13075142],[-95.34295625,28.97582905],[-95.5048519,28.97389794],[-95.49798401,29.13256675],[-95.3358002,29.13075142]]]]},"properties":{"ingest_source":"GBDX_INGEST_ALPHA","access":{"groups":["_ALL_"],"users":["_ALL_"]},"item_date":"2012-11-02T17:07:14.246Z","original_crs":"EPSG:4326","item_type":["GBDXCatalogRecord","IDAHOImage","DigitalGlobeProduct","GE01"],"format":null,"ingest_date":"2017-06-17T02:40:05.976Z","source":null,"name":null,"attributes":{"profileName":"dg_1b","tilePartition":"0000","acquisitionDate":"2012-11-02T17:07:14.246Z","bucketName":"idaho-images","numBands_int":1,"sunAzimuth_dbl":160.4,"nativeTileFileFormat":"PNG","colorInterpretation":"PAN","cloudCover_int":2,"idahoImageId":"0179cd84-83f8-4f3d-8252-6e70f0fea01a","satAzimuth_dbl":197.4,"satElevation_dbl":68.2,"pniirs_dbl":4.8,"numYTiles_int":31,"tileXOffset_int":0,"epsgCode":"4326","vendor":"DigitalGlobe","sunElevation_dbl":43.9,"platformName":"GEOEYE01","imageHeight_int":31428,"numXTiles_int":32,"sensorPlatformName":"GEOEYE01","sensorName":"Panchromatic","dataType":"UNSIGNED_SHORT","imageWidth_int":32512,"tileXSize_int":1024,"tileYSize_int":1024,"offNadirAngle_dbl":19.5,"tileBucketName":"idaho-images","vendorName":"DigitalGlobe","version":"1.0","tileYOffset_int":0,"catalogID":"1050410002D77600","vendorDatasetIdentifier":"LV1B:056067713010_01_P004:1050410002D77600:A010010247575900","groundSampleDistanceMeters_dbl":0.518},"ingest_attributes":{"_rest_user":"acquisitionsvc","_rest_url":"https://vector.geobigdata.io/insight-vector/api/vectors/gbdx-alpha-catalog-v2-%257Bitem_date%253Ayyyy%257D"},"id":"0179cd84-83f8-4f3d-8252-6e70f0fea01a","text":""}},{"type":"Feature","geometry":{"type":"MultiPolygon","coordinates":[[[[-95.58642219,29.13366783],[-95.59303837,28.97276482],[-95.75716815,28.97047194],[-95.75121017,29.13585057],[-95.58642219,29.13366783]]]]},"properties":{"ingest_source":"GBDX_INGEST_ALPHA","access":{"groups":["_ALL_"],"users":["_ALL_"]},"item_date":"2012-11-02T17:07:19.834Z","original_crs":"EPSG:4326","item_type":["GBDXCatalogRecord","IDAHOImage","DigitalGlobeProduct","GE01"],"format":null,"ingest_date":"2017-06-16T19:19:31.597Z","source":null,"name":null,"attributes":{"profileName":"dg_1b","tilePartition":"0000","acquisitionDate":"2012-11-02T17:07:19.834Z","bucketName":"idaho-images","numBands_int":1,"sunAzimuth_dbl":160.1,"nativeTileFileFormat":"PNG","colorInterpretation":"PAN","cloudCover_int":11,"idahoImageId":"b270a581-fe3f-4752-bf7a-877d195caeba","satAzimuth_dbl":191.8,"satElevation_dbl":65.5,"pniirs_dbl":4.8,"numYTiles_int":32,"tileXOffset_int":0,"epsgCode":"4326","vendor":"DigitalGlobe","sunElevation_dbl":43.8,"platformName":"GEOEYE01","imageHeight_int":31840,"numXTiles_int":33,"sensorPlatformName":"GEOEYE01","sensorName":"Panchromatic","dataType":"UNSIGNED_SHORT","imageWidth_int":32933,"tileXSize_int":1024,"tileYSize_int":1024,"offNadirAngle_dbl":21.8,"tileBucketName":"idaho-images","vendorName":"DigitalGlobe","version":"1.0","tileYOffset_int":0,"catalogID":"1050410002D77600","vendorDatasetIdentifier":"LV1B:056067713010_01_P006:1050410002D77600:A010010247575100","groundSampleDistanceMeters_dbl":0.526},"ingest_attributes":{"_rest_user":"acquisitionsvc","_rest_url":"https://vector.geobigdata.io/insight-vector/api/vectors/gbdx-alpha-catalog-v2-%257Bitem_date%253Ayyyy%257D"},"id":"b270a581-fe3f-4752-bf7a-877d195caeba","text":""}},{"type":"Feature","geometry":{"type":"MultiPolygon","coordinates":[[[[-95.71321708,29.1353444],[-95.71934628,28.97104463],[-95.88481115,28.96859487],[-95.87953921,29.13771069],[-95.71321708,29.1353444]]]]},"properties":{"ingest_source":"GBDX_INGEST_ALPHA","access":{"groups":["_ALL_"],"users":["_ALL_"]},"item_date":"2012-11-02T17:07:22.628Z","original_crs":"EPSG:4326","item_type":["GBDXCatalogRecord","IDAHOImage","DigitalGlobeProduct","GE01"],"format":null,"ingest_date":"2017-06-17T11:16:41.602Z","source":null,"name":null,"attributes":{"profileName":"dg_1b","tilePartition":"0000","acquisitionDate":"2012-11-02T17:07:22.628Z","bucketName":"idaho-images","numBands_int":1,"sunAzimuth_dbl":160.0,"nativeTileFileFormat":"PNG","colorInterpretation":"PAN","cloudCover_int":18,"idahoImageId":"6d9ec479-a630-4921-b9c7-4c6233da7472","satAzimuth_dbl":189.4,"satElevation_dbl":64.1,"pniirs_dbl":4.8,"numYTiles_int":32,"tileXOffset_int":0,"epsgCode":"4326","vendor":"DigitalGlobe","sunElevation_dbl":43.8,"platformName":"GEOEYE01","imageHeight_int":32084,"numXTiles_int":33,"sensorPlatformName":"GEOEYE01","sensorName":"Panchromatic","dataType":"UNSIGNED_SHORT","imageWidth_int":33184,"tileXSize_int":1024,"tileYSize_int":1024,"offNadirAngle_dbl":23.1,"tileBucketName":"idaho-images","vendorName":"DigitalGlobe","version":"1.0","tileYOffset_int":0,"catalogID":"1050410002D77600","vendorDatasetIdentifier":"LV1B:056067713010_01_P007:1050410002D77600:A010010247576600","groundSampleDistanceMeters_dbl":0.53},"ingest_attributes":{"_rest_user":"acquisitionsvc","_rest_url":"https://vector.geobigdata.io/insight-vector/api/vectors/gbdx-alpha-catalog-v2-%257Bitem_date%253Ayyyy%257D"},"id":"6d9ec479-a630-4921-b9c7-4c6233da7472","text":""}},{"type":"Feature","geometry":{"type":"MultiPolygon","coordinates":[[[[-95.46064646,29.13213323],[-95.46759858,28.9743741],[-95.63056089,28.97227534],[-95.62407834,29.13414386],[-95.46064646,29.13213323]]]]},"properties":{"ingest_source":"GBDX_INGEST_ALPHA","access":{"groups":["_ALL_"],"users":["_ALL_"]},"item_date":"2012-11-02T17:07:17.040Z","original_crs":"EPSG:4326","item_type":["GBDXCatalogRecord","IDAHOImage","DigitalGlobeProduct","GE01"],"format":null,"ingest_date":"2017-06-16T01:05:49.973Z","source":null,"name":null,"attributes":{"profileName":"dg_1b","tilePartition":"0000","acquisitionDate":"2012-11-02T17:07:17.040Z","bucketName":"idaho-images","numBands_int":1,"sunAzimuth_dbl":160.3,"nativeTileFileFormat":"PNG","colorInterpretation":"PAN","cloudCover_int":7,"idahoImageId":"3d42e76e-1108-4b00-b85a-a3f018351280","satAzimuth_dbl":194.4,"satElevation_dbl":66.9,"pniirs_dbl":4.8,"numYTiles_int":31,"tileXOffset_int":0,"epsgCode":"4326","vendor":"DigitalGlobe","sunElevation_dbl":43.9,"platformName":"GEOEYE01","imageHeight_int":31632,"numXTiles_int":32,"sensorPlatformName":"GEOEYE01","sensorName":"Panchromatic","dataType":"UNSIGNED_SHORT","imageWidth_int":32714,"tileXSize_int":1024,"tileYSize_int":1024,"offNadirAngle_dbl":20.7,"tileBucketName":"idaho-images","vendorName":"DigitalGlobe","version":"1.0","tileYOffset_int":0,"catalogID":"1050410002D77600","vendorDatasetIdentifier":"LV1B:056067713010_01_P005:1050410002D77600:A010010247575700","groundSampleDistanceMeters_dbl":0.522},"ingest_attributes":{"_rest_user":"acquisitionsvc","_rest_url":"https://vector.geobigdata.io/insight-vector/api/vectors/gbdx-alpha-catalog-v2-%257Bitem_date%253Ayyyy%257D"},"id":"3d42e76e-1108-4b00-b85a-a3f018351280","text":""}},{"type":"Feature","geometry":{"type":"MultiPolygon","coordinates":[[[[-95.97042784,29.13909417],[-95.97512925,28.96716027],[-96.01955409,28.96643492],[-96.0151601,29.13980538],[-95.97042784,29.13909417]]]]},"properties":{"ingest_source":"GBDX_INGEST_ALPHA","access":{"groups":["_ALL_"],"users":["_ALL_"]},"item_date":"2012-11-02T17:07:28.215Z","original_crs":"EPSG:4326","item_type":["GBDXCatalogRecord","IDAHOImage","DigitalGlobeProduct","GE01"],"format":null,"ingest_date":"2017-06-14T23:53:23.277Z","source":null,"name":null,"attributes":{"profileName":"dg_1b","tilePartition":"0000","acquisitionDate":"2012-11-02T17:07:28.215Z","bucketName":"idaho-images","numBands_int":1,"sunAzimuth_dbl":159.7,"nativeTileFileFormat":"PNG","colorInterpretation":"PAN","cloudCover_int":10,"idahoImageId":"65b257bb-7d47-4557-9541-9b77b12e8a5b","satAzimuth_dbl":186.2,"satElevation_dbl":62.1,"pniirs_dbl":4.8,"numYTiles_int":9,"tileXOffset_int":0,"epsgCode":"4326","vendor":"DigitalGlobe","sunElevation_dbl":43.7,"platformName":"GEOEYE01","imageHeight_int":8648,"numXTiles_int":33,"sensorPlatformName":"GEOEYE01","sensorName":"Panchromatic","dataType":"UNSIGNED_SHORT","imageWidth_int":33775,"tileXSize_int":1024,"tileYSize_int":1024,"offNadirAngle_dbl":24.9,"tileBucketName":"idaho-images","vendorName":"DigitalGlobe","version":"1.0","tileYOffset_int":0,"catalogID":"1050410002D77600","vendorDatasetIdentifier":"LV1B:056067713010_01_P009:1050410002D77600:A010010247572900","groundSampleDistanceMeters_dbl":0.534},"ingest_attributes":{"_rest_user":"acquisitionsvc","_rest_url":"https://vector.geobigdata.io/insight-vector/api/vectors/gbdx-alpha-catalog-v2-%257Bitem_date%253Ayyyy%257D"},"id":"65b257bb-7d47-4557-9541-9b77b12e8a5b","text":""}}],"next_paging_id":"DnF1ZXJ5VGhlbkZldGNoHwAAAAABZqF_FjdJbDhrTHNEU1FpdWZaREFWYzA2LWcAAAAAAMUsmRZsV3k2eEx2V1RqQ0xWZi1HYVRhYkFnAAAAAAF-gn4WZjlXdWEyNUVUZ0NZUUJ4ZFd3NzdSQQAAAAACG-5xFm4tTzhIUElJVEpheG1NZXdsc1NJX3cAAAAAAhvuchZuLU84SFBJSVRKYXhtTWV3bHNTSV93AAAAAADFLJoWbFd5NnhMdldUakNMVmYtR2FUYWJBZwAAAAABA5t1FkVNZ1JCVUtWUnRpY2VHUzl0RW04dncAAAAAAkrXJBZPck9HY2laMVR6eVJrWk5IS3RrbTRRAAAAAAF-gn8WZjlXdWEyNUVUZ0NZUUJ4ZFd3NzdSQQAAAAAA334bFlNxNUYwQk9YUUN1TDdZQXpzWjVBQncAAAAAAYZPhBZzNmRUV0o0elNPaXhhUUZ1Z3BPTkd3AAAAAAJK1yUWT3JPR2NpWjFUenlSa1pOSEt0a200UQAAAAABrQiiFlA4MWNtZk9pVGp1STZsV0UyRGdhd3cAAAAAAhvucxZuLU84SFBJSVRKYXhtTWV3bHNTSV93AAAAAAFQrDMWWnREamNITXZUUzIxcWM3NnNzSDJkQQAAAAABpY8RFlVxV2dQcmpaVHVpRVN2SkVNam9XMHcAAAAAAYZPhRZzNmRUV0o0elNPaXhhUUZ1Z3BPTkd3AAAAAAF7YG0WQUx5eDhWSzJUbDJNZ1hGdmNoNnl3UQAAAAAA334dFlNxNUYwQk9YUUN1TDdZQXpzWjVBQncAAAAAAaXu3xY1bGx2QVZTQ1Q2aWI4RWlPVHVGd0t3AAAAAAIM2oMWUS1vb0x2WjNRb3lyY0VwdG1ndW9YZwAAAAACStcmFk9yT0djaVoxVHp5UmtaTkhLdGttNFEAAAAAAkrXJxZPck9HY2laMVR6eVJrWk5IS3RrbTRRAAAAAAFmoYAWN0lsOGtMc0RTUWl1ZlpEQVZjMDYtZwAAAAAA5EVCFndaZEdJSGI5Um5tM20zc2loLWd1WGcAAAAAAa0IoxZQODFjbWZPaVRqdUk2bFdFMkRnYXd3AAAAAAEmwiYWYTVXLXczVlVSUGlQWE5odFcwQWdVdwAAAAABXuLNFm1CaW5jWjYxVDJ1WFQ3akZKTDF0VUEAAAAAAN9-HBZTcTVGMEJPWFFDdUw3WUF6c1o1QUJ3AAAAAAIb7nQWbi1POEhQSUlUSmF4bU1ld2xzU0lfdwAAAAABhk-GFnM2ZFRXSjR6U09peGFRRnVncE9OR3c=","item_count":"9","total_count":"9"}'}
    headers:
      access-control-allow-credentials: ['true']
      access-control-allow-headers: ['origin, content-type, accept, authorization']
      access-control-allow-methods: ['GET, POST, PUT, DELETE, OPTIONS, HEAD']
      access-control-allow-origin: ['*']
      connection: [keep-alive]
      content-encoding: [UTF-8]
      content-length: ['16940']
      content-type: [application/json;charset=UTF-8]
      date: ['Tue, 17 Oct 2017 02:46:14 GMT']
      server: [Apache-Coyote/1.1, Weblogic 12.2.1.1]
      strict-transport-security: [max-age=604800 ; includeSubDomains]
      x-content-type-options: [nosniff]
      x-frame-options: [SAMEORIGIN]
      x-permitted-cross-domain-policies: [none]
      x-xss-protection: [1; mode=block]
    status: {code: 200, message: OK}
- request:
    body: !!python/unicode '{"edges": [{"destination": "22a175eb-0f36-5d76-b8fe-64f8cb510907",
      "id": "45129045-27ea-5acb-a0ab-1a70a7b5dd86", "index": 1, "source": "568a6a39-6a49-5325-9661-2c8110ca6fe0"},
      {"destination": "22a175eb-0f36-5d76-b8fe-64f8cb510907", "id": "ef1c1b6c-52e3-5b9c-ae44-cba269ae00e3",
      "index": 2, "source": "22f4ab42-6d61-59a1-bfd7-affb986158cb"}, {"destination":
      "568a6a39-6a49-5325-9661-2c8110ca6fe0", "id": "abba793f-952f-557d-94da-5cb45ea782e5",
      "index": 1, "source": "736d728a-c4be-5ae3-a773-2c0906283407"}, {"destination":
      "568a6a39-6a49-5325-9661-2c8110ca6fe0", "id": "e51f156f-2716-5b64-ae83-4619975db2ee",
      "index": 2, "source": "0972a1ec-6b3e-53a0-97f5-aaa0164c54c6"}, {"destination":
      "568a6a39-6a49-5325-9661-2c8110ca6fe0", "id": "f23ff007-1b1f-5352-a7a3-36e9de84e0dd",
      "index": 3, "source": "5070eb27-1c78-5e46-b6ab-068f51edfed5"}, {"destination":
      "568a6a39-6a49-5325-9661-2c8110ca6fe0", "id": "b328e972-3db5-5d7b-8e57-b1b9bd84503d",
      "index": 4, "source": "3ef24487-7c85-5746-953e-1ec033de22ca"}, {"destination":
      "568a6a39-6a49-5325-9661-2c8110ca6fe0", "id": "1f3b0aa2-7635-5b4d-b8bb-8a3e3da3b8bf",
      "index": 5, "source": "9cf34f0e-87c7-56a2-8ee6-7954c3d16709"}, {"destination":
      "568a6a39-6a49-5325-9661-2c8110ca6fe0", "id": "9d33e872-5f14-518c-bcfa-25c717ad6eb9",
      "index": 6, "source": "1c3b41d1-d3db-5553-aef5-22046ee9936e"}, {"destination":
      "568a6a39-6a49-5325-9661-2c8110ca6fe0", "id": "ad4a5d60-b37b-51c7-9895-8e78607f1e75",
      "index": 7, "source": "b1907d85-648c-57cd-a4c6-8417a82332a0"}, {"destination":
      "568a6a39-6a49-5325-9661-2c8110ca6fe0", "id": "ee8ea5a9-61cc-5b4e-9862-13655862b629",
      "index": 8, "source": "97a039f0-ea39-5ab1-a887-c40d5252e755"}, {"destination":
      "568a6a39-6a49-5325-9661-2c8110ca6fe0", "id": "dd119eab-a8d3-5a3b-bdb9-b7a398c26658",
      "index": 9, "source": "8ce64fef-8afa-5dcc-ada6-4bae7b6856de"}, {"destination":
      "22f4ab42-6d61-59a1-bfd7-affb986158cb", "id": "7e46296f-1741-59f8-8369-393bba17d0dd",
      "index": 1, "source": "a55ef05c-4750-593e-8207-89ba5e12bdb3"}, {"destination":
      "22f4ab42-6d61-59a1-bfd7-affb986158cb", "id": "feb2e947-13bf-5112-9c94-c957e47de0aa",
      "index": 2, "source": "8c0ee032-41b8-558b-9c5f-dfe2df6e8c7c"}, {"destination":
      "22f4ab42-6d61-59a1-bfd7-affb986158cb", "id": "36cb76a5-686d-5528-b28d-4599abcbfefe",
      "index": 3, "source": "85274c8f-4882-58f3-8e5f-01adb730adda"}, {"destination":
      "22f4ab42-6d61-59a1-bfd7-affb986158cb", "id": "a1fec0ae-171b-578e-9a3d-77cc23edecc2",
      "index": 4, "source": "f85d5601-2a09-58c8-b078-d6f19e9e9790"}, {"destination":
      "22f4ab42-6d61-59a1-bfd7-affb986158cb", "id": "340881c3-b71b-51e5-a7e8-ec590dadead5",
      "index": 5, "source": "a4130342-358c-5a6d-8cb7-631c79269d55"}, {"destination":
      "22f4ab42-6d61-59a1-bfd7-affb986158cb", "id": "528105e2-e63e-58f3-8834-814fd446cd83",
      "index": 6, "source": "b0018bc0-fbdb-538b-98af-7c3d447875d5"}, {"destination":
      "22f4ab42-6d61-59a1-bfd7-affb986158cb", "id": "a5064429-6773-5f48-bfaa-4bc58b489869",
      "index": 7, "source": "90b1ae02-2d3b-5e11-a0ec-ed3ec3051db6"}, {"destination":
      "22f4ab42-6d61-59a1-bfd7-affb986158cb", "id": "8aa7b4fc-8fe5-5079-89f7-094cea505330",
      "index": 8, "source": "c42ba415-63ce-5b4f-89b6-a0e3b26c6ba4"}, {"destination":
      "22f4ab42-6d61-59a1-bfd7-affb986158cb", "id": "3b436866-a1ad-5f98-b1ea-c81b8dc96a2d",
      "index": 9, "source": "ba107929-3797-5354-a7ac-4ca02d8fa8a1"}], "nodes": [{"id":
      "22a175eb-0f36-5d76-b8fe-64f8cb510907", "operator": "LocallyProjectivePanSharpen",
      "parameters": {}}, {"id": "568a6a39-6a49-5325-9661-2c8110ca6fe0", "operator":
      "GeospatialMosaic", "parameters": {"Dest SRS Code": "EPSG:4326"}}, {"id": "736d728a-c4be-5ae3-a773-2c0906283407",
      "operator": "IdahoRead", "parameters": {"bucketName": "idaho-images", "imageId":
      "0cc170a1-c2a4-4e16-86a0-ebb9e9a93c63", "objectStore": "S3"}}, {"id": "0972a1ec-6b3e-53a0-97f5-aaa0164c54c6",
      "operator": "IdahoRead", "parameters": {"bucketName": "idaho-images", "imageId":
      "2f2c0ff5-f35e-4af3-af32-ee5d9ece0338", "objectStore": "S3"}}, {"id": "5070eb27-1c78-5e46-b6ab-068f51edfed5",
      "operator": "IdahoRead", "parameters": {"bucketName": "idaho-images", "imageId":
      "9b28bfc5-d61e-404f-81c6-38df1f1070d9", "objectStore": "S3"}}, {"id": "3ef24487-7c85-5746-953e-1ec033de22ca",
      "operator": "IdahoRead", "parameters": {"bucketName": "idaho-images", "imageId":
      "a2a01396-3442-4ae3-8d3c-1321737cce9e", "objectStore": "S3"}}, {"id": "9cf34f0e-87c7-56a2-8ee6-7954c3d16709",
      "operator": "IdahoRead", "parameters": {"bucketName": "idaho-images", "imageId":
      "b71b1870-9723-4224-8cfc-6863bdb39f66", "objectStore": "S3"}}, {"id": "1c3b41d1-d3db-5553-aef5-22046ee9936e",
      "operator": "IdahoRead", "parameters": {"bucketName": "idaho-images", "imageId":
      "c1baabc6-6268-4425-b9df-d25705aa9d11", "objectStore": "S3"}}, {"id": "b1907d85-648c-57cd-a4c6-8417a82332a0",
      "operator": "IdahoRead", "parameters": {"bucketName": "idaho-images", "imageId":
      "c6aeeee6-d670-4be4-aabb-a3f6c8ef4d34", "objectStore": "S3"}}, {"id": "97a039f0-ea39-5ab1-a887-c40d5252e755",
      "operator": "IdahoRead", "parameters": {"bucketName": "idaho-images", "imageId":
      "cef044dd-099c-4530-9f2a-650e6dd01a67", "objectStore": "S3"}}, {"id": "8ce64fef-8afa-5dcc-ada6-4bae7b6856de",
      "operator": "IdahoRead", "parameters": {"bucketName": "idaho-images", "imageId":
      "eb986a86-b6a3-4187-b7eb-28b4a69ec47b", "objectStore": "S3"}}, {"id": "22f4ab42-6d61-59a1-bfd7-affb986158cb",
      "operator": "GeospatialMosaic", "parameters": {"Dest SRS Code": "EPSG:4326"}},
      {"id": "a55ef05c-4750-593e-8207-89ba5e12bdb3", "operator": "IdahoRead", "parameters":
      {"bucketName": "idaho-images", "imageId": "0179cd84-83f8-4f3d-8252-6e70f0fea01a",
      "objectStore": "S3"}}, {"id": "8c0ee032-41b8-558b-9c5f-dfe2df6e8c7c", "operator":
      "IdahoRead", "parameters": {"bucketName": "idaho-images", "imageId": "0da95718-fc89-47c7-bd8a-a7985102673d",
      "objectStore": "S3"}}, {"id": "85274c8f-4882-58f3-8e5f-01adb730adda", "operator":
      "IdahoRead", "parameters": {"bucketName": "idaho-images", "imageId": "3d42e76e-1108-4b00-b85a-a3f018351280",
      "objectStore": "S3"}}, {"id": "f85d5601-2a09-58c8-b078-d6f19e9e9790", "operator":
      "IdahoRead", "parameters": {"bucketName": "idaho-images", "imageId": "45cd0209-726a-445e-b246-e1687af15134",
      "objectStore": "S3"}}, {"id": "a4130342-358c-5a6d-8cb7-631c79269d55", "operator":
      "IdahoRead", "parameters": {"bucketName": "idaho-images", "imageId": "65b257bb-7d47-4557-9541-9b77b12e8a5b",
      "objectStore": "S3"}}, {"id": "b0018bc0-fbdb-538b-98af-7c3d447875d5", "operator":
      "IdahoRead", "parameters": {"bucketName": "idaho-images", "imageId": "6d9ec479-a630-4921-b9c7-4c6233da7472",
      "objectStore": "S3"}}, {"id": "90b1ae02-2d3b-5e11-a0ec-ed3ec3051db6", "operator":
      "IdahoRead", "parameters": {"bucketName": "idaho-images", "imageId": "b270a581-fe3f-4752-bf7a-877d195caeba",
      "objectStore": "S3"}}, {"id": "c42ba415-63ce-5b4f-89b6-a0e3b26c6ba4", "operator":
      "IdahoRead", "parameters": {"bucketName": "idaho-images", "imageId": "b3e0ee96-3282-4ebc-a3ee-3d02fd5a1014",
      "objectStore": "S3"}}, {"id": "ba107929-3797-5354-a7ac-4ca02d8fa8a1", "operator":
      "IdahoRead", "parameters": {"bucketName": "idaho-images", "imageId": "ce23c197-363d-4ebc-b182-b66f2da12edb",
      "objectStore": "S3"}}]}'
    headers:
      Accept: ['*/*']
      Accept-Encoding: ['gzip, deflate']
      Connection: [keep-alive]
      Content-Length: ['7121']
      Content-Type: [application/json]
      User-Agent: [python-requests/2.14.2]
    method: POST
    uri: https://idahoapi.geobigdata.io/v1/graph
  response:
    body: {string: !!python/unicode 1b3018956ff92dc7e114f7fcf73a9a0fda18cacef401ba528ae6e339eedeebbc}
    headers:
      access-control-allow-headers: ['x-requested-with, X-Auth-Token, Content-Type,
          Authorization']
      access-control-allow-methods: ['GET, OPTIONS, HEAD, PUT, POST, DELETE']
      access-control-allow-origin: ['*']
      access-control-max-age: ['3600']
      connection: [keep-alive]
      content-length: ['64']
      content-type: [text/plain;charset=UTF-8]
      date: ['Tue, 17 Oct 2017 02:46:14 GMT']
    status: {code: 200, message: ''}
- request:
    body: null
    headers:
      Accept: ['*/*']
      Accept-Encoding: ['gzip, deflate']
      Connection: [keep-alive]
      User-Agent: [python-requests/2.14.2]
    method: GET
    uri: https://idahoapi.geobigdata.io/v1/metadata/1b3018956ff92dc7e114f7fcf73a9a0fda18cacef401ba528ae6e339eedeebbc/22a175eb-0f36-5d76-b8fe-64f8cb510907/metadata.json
  response:
    body: {string: !!python/unicode '{"imageMetadata":{"imageId":"0cc170a1-c2a4-4e16-86a0-ebb9e9a93c63","version":"1.0","profileName":"dg_1b","tilePartition":"0000","tileXOffset":0,"tileYOffset":0,"numXTiles":887,"numYTiles":148,"tileXSize":256,"tileYSize":256,"numBands":4,"dataType":"UNSIGNED_SHORT","imageHeight":37695,"imageWidth":227026,"sensorPlatformName":"GE01","sensorName":"4-band
        (Blue, Green, Red, NIR) Multispectral","vendorName":"DigitalGlobe, Inc.","vendorDatasetIdentifier":"LV1B:056067713010_01_P002:1050410002D77600:A010010247576300","acquisitionDate":"2012-11-02T17:07:14.246Z","colorInterpretation":"BGRN","imageBoundsWGS84":"POLYGON
        ((-96.01955409 29.13980538, -94.97538132679483 29.13980538, -94.97538132679483
        28.96643276052461, -96.01955409 28.96643276052461, -96.01955409 29.13980538))","groundSampleDistanceMeters":0.518,"minX":0,"minY":0,"maxX":227025,"maxY":37694,"minTileX":0,"minTileY":0,"maxTileX":886,"maxTileY":147,"sunAzimuth":160.4,"sunElevation":43.9,"satAzimuth":197.4,"satElevation":68.2,"cloudCover":0.026,"offNadirAngle":19.5,"pniirs":4.8},"imageGeoreferencing":{"spatialReferenceSystemCode":"EPSG:4326","scaleX":4.599353215954006E-6,"scaleY":-4.599353215954006E-6,"translateX":-96.01955409,"translateY":29.13980538,"shearX":0.0,"shearY":0.0},"rpcSensorModel":{"spatialReferenceSystem":"EPSG:4326","upperLeftCorner":{"x":-95.08831207,"y":29.12829088},"upperRightCorner":{"x":-95.09546057,"y":28.97827219},"lowerRightCorner":{"x":-95.25579269,"y":28.97677836},"lowerLeftCorner":{"x":-95.24858233,"y":29.12983328},"gsd":1.8397412863816025E-5,"postScaleFactorX":1.0,"postScaleFactorY":1.0,"lineOffset":3889.0,"sampleOffset":4023.0,"latOffset":29.0533,"lonOffset":-95.1721,"heightOffset":-26.0,"lineScale":3889.0,"sampleScale":4023.0,"latScale":0.0781,"lonScale":0.0845,"heightScale":500.0,"lineNumCoefs":[0.001922792,-1.05442,0.04638181,-0.008497364,2.407546E-4,-3.127807E-4,8.061665E-6,-0.001670826,1.283483E-4,-1.849222E-6,-2.100713E-6,9.528411E-5,3.303685E-5,2.983014E-5,-1.349072E-4,-1.076944E-6,-1.322445E-6,-9.024478E-7,2.960824E-7,2.415274E-7],"lineDenCoefs":[1.0,2.491571E-4,1.591559E-4,-3.139855E-4,-9.316491E-5,3.694726E-8,-8.626702E-7,6.809693E-5,-9.188002E-6,-2.844029E-5,-3.284145E-7,9.457461E-6,1.98833E-7,4.065522E-8,-3.396618E-6,3.91872E-8,-1.045522E-8,5.835814E-7,2.481565E-8,1.698281E-8],"sampleNumCoefs":[-0.003696723,1.60006E-4,-1.03111,-0.01902384,-0.005294015,0.001171477,-3.765599E-4,-2.310914E-4,0.004114832,4.52829E-6,-9.105543E-6,-9.183729E-5,-1.439107E-4,1.166661E-6,2.064012E-4,4.922626E-5,4.261234E-5,8.510392E-6,-1.051097E-7,8.222401E-7],"sampleDenCoefs":[1.0,-0.005433837,4.247292E-4,-4.58964E-4,-9.116451E-5,-6.661784E-6,3.73783E-6,1.629055E-4,-4.267484E-5,-4.172479E-5,-5.633202E-7,6.370642E-6,2.596157E-6,4.512678E-7,-8.19265E-6,-2.734691E-7,-1.923122E-7,1.118891E-6,7.526001E-8,3.455423E-8]},"histogram":{"histograms":{"0":[0,2,0,0,0,0,0,0,0,0,0,0,0,0,1,0,0,0,0,0,0,0,0,1,0,0,0,0,0,0,0,0,0,0,0,0,0,0,0,0,0,0,1,0,0,0,0,0,0,0,0,1,0,0,0,0,0,2,0,0,0,1,0,1,1,0,0,1,0,1,3,0,1,0,0,2,1,0,2,3,2,2,0,1,1,0,1,1,0,2,1,3,2,2,2,4,0,2,3,1,0,1,0,3,3,4,4,3,6,3,7,6,4,4,4,3,4,3,11,4,5,4,4,8,10,4,10,8,7,8,7,7,9,6,7,13,8,17,13,20,17,20,11,17,19,26,24,19,30,39,30,36,39,45,45,69,56,50,48,72,72,67,83,85,126,111,132,155,156,160,203,244,273,389,479,819,1196,1806,2729,4124,6539,10714,17658,32923,66899,145417,314335,616598,1060565,1606935,2162959,2607002,2839526,2780512,2450829,1986427,1497701,1067927,760253,572462,466454,415041,395909,398030,411015,430213,451920,471259,486713,498796,504525,504391,504938,502031,501711,502345,506151,509773,518325,528075,545080,566785,594568,628217,660257,691167,714462,730910,740358,746360,749993,753291,752784,750694,751725,754723,764470,779861,803038,824763,847571,870247,892516,909572,926985,946020,964674,973218,964342,928479,863369,773619,666482,545902,428759,321304,233803,166731,119122,89636,71464,60246,53862,49243,45860,43241,40595,38675,36629,35012,33326,32426,31388,29961,28954,28156,27059,25995,25520,24661,23900,23335,22853,21851,21501,21134,20318,19819,19594,19310,18735,18536,17985,18011,17576,17339,17189,16839,16631,16362,15897,15828,15466,15113,14774,14452,14344,14254,13955,13570,13597,13258,13093,12930,12562,12405,12318,11973,11919,11523,11335,11391,11025,10995,10886,10470,10376,10430,10121,10151,10023,9783,9709,9404,9284,9363,9138,9132,8915,8847,8755,9017,8700,8612,8539,8526,8359,8140,8243,8028,8040,7929,7756,7679,7862,7646,7673,7491,7399,7237,7200,7232,7236,7193,7092,7149,7025,7002,6753,6718,6709,6701,6489,6680,6539,6540,6585,6311,6297,6341,6317,6308,6252,6205,6178,6193,6074,6066,5983,6028,6232,6144,6008,6033,5904,5899,5847,5909,5957,6104,5922,5839,5867,5948,5723,5722,5882,5945,5954,6013,5940,5761,5970,5898,5776,5944,5827,5664,5770,5771,5779,5744,5854,5668,5692,5666,5748,5520,5584,5459,5510,5511,5535,5552,5430,5509,5415,5408,5315,5388,5425,5339,5328,5176,5314,5190,5304,5211,5150,5093,5191,5072,5009,4822,4779,4848,4923,4837,4901,4830,4756,4728,4758,4677,4571,4553,4504,4638,4567,4421,4365,4426,4503,4409,4261,4287,4338,4287,4313,4319,4311,4232,4345,4267,4217,4176,4203,4141,4113,4211,4177,4205,4057,4302,4165,4166,4193,4077,4083,4137,3983,4031,3950,3995,3849,3868,3792,3746,3767,3701,3733,3621,3543,3473,3444,3357,3388,3209,3271,3042,3004,2865,2847,2793,2780,2676,2631,2521,2565,2326,2388,2326,2256,2211,2131,2040,2046,1917,1876,1849,1809,1747,1596,1620,1558,1524,1490,1410,1371,1371,1254,1256,1095,1106,1098,1086,1128,995,943,957,918,854,866,901,803,828,761,753,695,722,724,647,668,605,618,570,545,538,522,531,526,512,457,433,464,412,420,413,386,348,392,378,374,337,353,372,309,307,307,268,294,286,296,271,276,250,236,232,220,231,230,238,223,231,187,237,203,225,201,213,192,196,195,231,172,182,183,178,172,155,176,190,161,166,162,152,141,145,130,144,152,142,145,134,140,132,119,144,135,116,112,136,134,107,119,99,130,155,111,115,139,132,106,109,97,132,102,102,128,89,113,116,92,108,84,106,91,91,87,94,105,101,91,95,85,84,82,83,76,92,73,74,71,58,92,67,86,66,80,68,66,69,56,76,69,61,71,58,51,44,47,60,65,53,49,51,53,35,52,53,38,42,38,40,47,50,42,45,38,35,37,26,21,28,33,39,31,35,31,27,34,28,22,24,29,23,30,31,29,24,20,29,25,28,26,18,22,20,23,24,26,28,23,20,21,19,12,26,23,18,21,18,10,14,26,14,13,18,15,19,15,13,8,14,13,15,7,12,9,7,12,5,4,5,4,3,7,7,5,8,5,3,2,6,6,5,2,2,5,9,8,2,9,13,4,6,8,6,4,9,4,5,3,6,5,5,3,6,5,5,6,3,2,9,4,4,2,5,5,3,3,6,4,3,6,3,0,2,4,5,5,4,3,1,3,3,2,4,3,2,3,4,1,9,4,4,4,8,4,5,3,2,8,3,3,4,3,1,4,6,4,3,1,8,2,7,4,5,6,4,2,2,8,1,2,5,3,2,5,4,7,3,3,1,2,4,3,4,4,5,3,4,3,1,3,1,1,3,0,2,4,2,1,5,4,4,3,2,1,4,2,3,1,5,5,3,4,4,3,4,6,6,1,6,0,4,4,1,1,2,4,1,1,3,7,3,4,4,2,4,6,2,2,3,0,3,3,2,3,4,1,3,3,6,1,3,2,2,2,0,2,3,2,3,4,5,1,5,1,1,3,2,3,3,4,2,2,0,1,3,3,4,0,6,0,3,1,3,6,3,3,1,2,4,3,1,2,1,4,2,2,1,1,6,0,1,2,2,1,3,1,3,3,1,1,4,0,0,0,2,4,3,1,2,0,1,0,3,5,1,2,1,0,1,2,3,4,3,0,1,1,1,1,2,2,3,1,1,5,1,3,1,3,3,1,3,2,2,2,1,2,1,4,0,0,2,3,1,3,1,0,1,1,0,2,2,3,2,3,1,0,2,2,1,5,0,1,1,3,1,3,2,4,3,1,2,1,2,1,2,0,0,2,1,0,0,0,2,3,0,0,0,0,0,2,1,2,0,2,3,1,3,1,1,1,1,0,2,0,2,0,2,1,0,4,1,0,2,0,0,1,0,0,1,0,0,0,2,0,0,1,2,2,2,1,3,2,1,2,1,0,4,1,1,2,0,1,1,1,1,1,2,0,2,2,2,2,1,0,0,0,1,2,0,1,1,0,1,1,2,0,0,1,0,1,1,1,0,1,0,3,1,1,3,0,0,3,0,1,1,0,1,0,0,1,0,3,2,0,2,0,0,0,1,0,3,0,4,0,0,1,0,2,0,1,0,2,0,0,1,1,2,0,1,0,0,2,0,0,2,1,2,0,2,0,1,2,1,2,3,1,0,1,0,0,0,1,0,0,1,1,2,0,1,0,2,1,0,0,1,0,0,0,0,0,2,0,1,0,0,0,1,2,0,0,1,1,1,0,1,0,0,0,0,0,1,0,0,1,0,0,0,0,0,1,1,0,0,2,0,0,1,0,0,2,0,1,1,0,2,1,0,0,3,1,0,1,0,0,0,1,1,0,0,0,0,0,1,0,1,0,1,1,0,0,0,0,0,0,2,0,2,0,0,0,0,0,0,0,0,1,0,1,0,0,0,0,0,0,0,2,2,0,0,1,0,1,0,0,2,0,0,0,0,1,0,0,0,2,0,0,1,0,0,1,0,0,0,0,0,2,0,0,0,0,0,0,0,0,0,0,0,2,0,2,1,1,0,1,0,2,0,0,0,0,1,0,1,1,0,0,0,0,0,0,0,1,1,0,0,0,0,0,0,0,0,1,0,0,0,0,0,0,0,0,0,0,0,0,0,0,0,0,0,1,0,0,0,1,0,0,0,0,0,0,0,0,0,0,0,0,0,0,0,0,0,0,0,0,0,0,0,0,0,0,0,0,0,0,1,0,0,0,0,0,0,1,0,0,0,1,0,0,0,0,0,1,0,0,1,1,0,0,0,0,0,0,0,0,0,0,0,0,0,0,0,0,0,0,1,0,0,0,0,0,0,0,0,0,0,0,0,0,1,0,0,0,0,0,1,0,0,0,0,0,0,0,0,0,0,0,0,0,0,0,0,0,0,0,0,0,0,0,0,0,0,0,0,0,1,1,0,0,0,0,0,0,0,0,0,0,0,0,0,0,0,0,0,0,0,0,0,0,0,0,0,0,0,0,0,0,0,0,0,0,0,0,0,0,0,0,0,0,0,0,0,0,1,0,0,0,0,0,0,0,0,0,0,0,0,0,1,0,0,0,0,0,1,0,0,0,0,1,0,0,0,0,0,0,0,0,0,0,0,0,0,0,0,0,1,0,0,0,0,0,0,0,0,1,1,0,0,0,1,0,0,0,0,0,0,0,0,0,0,0,0,0,0,0,0,1,0,0,0,0,0,0,0,0,0,0,0,0,0,0,0,0,0,0,0,0,0,0,0,0,0,0,0,0,0,0,0,0,0,0,0,0,0,0,0,0,0,0,0,0,0,0,0,0,0,0,0,0,0,0,0,0,0,0,0,0,0,0,0,0,0,0,1,0,0,0,0,1,0,0,0,0,0,0,0,0,0,0,0,0,0,0,0,1,0,0,0,0,0,0,0,0,0,0,0,0,0,0,0,0,0,0,0,0,0,0,0,0,0,0,0,0,0,0,0,0,0,0,0,0,0,0,0,0,0,0,0,0,0,0,0,1,0,0,0,0,0,0,0,0,0,0,0,0,0,0,0,0,0,0,0,0,0,0,0,0,0,0,0,0,0,0,0,0,0,0,0,0,1,0,0,0,0,0,0,0,0,0,0,0,0,0,0,0,0,0,0,0,0,0,0,0,0,0,0,0,0,0,0,0,0,0,0,0,0,0,0,0,0,0,0,0,0,0,0,0,0,0,0,0,0,0,0,0,0,0,0,0,0,0,0,0,0,0,0,0,0,0,0,0,0,0,0,0,0,0,0,0,0,0,0,0,0,0,0,0,0,0,0,0,0,0,0,0,0,0,0,0,0,0,0,0,0,0,0,0,0,0,0,0,0,0,0,0,0,0,0,0,1,0,0,0,0,0,0,0,0,0,0,0,0,0,0],"1":[0,10,0,1,0,1,0,0,1,1,1,0,0,0,0,0,0,1,2,1,0,0,0,1,0,1,0,1,0,2,0,1,2,1,1,0,0,1,0,1,1,0,0,1,1,0,0,1,1,1,1,1,0,2,3,1,3,1,2,2,1,2,1,3,1,2,1,1,1,1,3,0,2,5,2,1,1,4,2,1,5,4,4,5,5,6,2,4,8,3,5,3,4,6,2,5,5,8,1,8,4,10,5,8,10,10,8,7,11,12,8,12,7,16,13,15,6,10,10,17,20,17,14,19,16,23,24,30,28,17,34,27,24,30,30,30,36,32,43,42,51,58,48,47,53,55,78,66,85,83,95,121,125,134,170,187,195,273,315,485,603,797,1033,1238,1489,1897,2209,2641,3196,3719,4311,5162,6132,7415,9101,11968,17090,28837,55284,108835,208509,364040,573546,807293,1033043,1208930,1303285,1313160,1276933,1230176,1194374,1179209,1171848,1151247,1099121,1008565,892811,779109,674743,583772,501985,429218,360735,298114,250540,215417,193368,178419,169408,163663,159607,155985,152717,151892,153088,155334,158183,161337,164914,169801,172764,176919,180079,184129,188012,190962,193318,196744,200000,204147,207686,211559,215704,218523,221919,223528,224897,226040,225176,225127,225519,224587,226011,226228,227253,227857,228626,230430,232326,235786,238053,240419,243030,247481,250502,255155,261951,270918,283375,296674,311239,326306,343774,356030,366884,378422,388771,401791,415430,431942,446180,459591,469959,480359,488798,492581,492635,491586,489610,487938,489642,489934,492870,493617,495931,495692,495388,493991,493938,490878,487329,485020,479732,471456,466326,457412,451180,446627,444223,445456,450954,466339,486820,516539,551198,584302,611051,625090,621880,596064,554058,502153,443465,385790,328166,275267,223745,180633,142788,112743,91282,75989,64379,56368,51020,47063,44195,42103,39834,38123,35870,34578,33419,31922,30808,29550,28357,27247,26510,25318,24590,23812,22945,21894,21656,21037,20649,19961,19468,19120,18509,17960,17717,17415,17138,16638,16335,15884,15594,15203,14847,14729,14286,13866,13830,13384,13257,13017,13014,12634,12597,12329,12111,11931,12010,11771,11309,11195,11341,11109,11029,10955,10760,10524,10806,10385,10135,10110,10005,10066,9845,9654,9701,9397,9482,9461,9179,9217,8994,8890,8773,8848,8753,8595,8493,8392,8276,8073,8236,8044,7905,7990,7826,7905,7751,7584,7477,7448,7582,7094,7299,7269,7250,6920,6901,6806,6670,6622,6482,6752,6618,6577,6356,6296,6192,6013,6165,6134,6038,5738,5826,5745,5775,5842,5573,5678,5574,5545,5358,5467,5379,5420,5301,5187,5197,5299,5118,4960,5164,5191,5071,5098,4929,4890,4982,4979,4776,4812,4681,4720,4768,4787,4780,4652,4674,4635,4543,4543,4591,4586,4465,4457,4474,4408,4517,4522,4473,4417,4335,4247,4467,4424,4332,4269,4412,4257,4235,4187,4264,4267,4140,4283,4119,4208,4120,4102,4080,4060,4025,4053,3959,4059,4055,3884,3917,3927,3930,3966,3891,3932,3828,3759,3698,3838,3752,3713,3695,3641,3697,3734,3746,3715,3682,3647,3690,3598,3655,3556,3644,3680,3568,3516,3539,3556,3538,3566,3580,3447,3455,3548,3410,3402,3568,3376,3350,3454,3415,3280,3360,3449,3499,3359,3417,3351,3404,3403,3277,3373,3401,3295,3359,3182,3378,3299,3314,3213,3278,3143,3253,3209,3242,3208,3265,3213,3229,3139,3157,3179,3103,3154,3057,3114,3062,3042,3084,3005,3132,3060,3064,3004,3073,2998,2947,3063,3020,3011,3067,3008,2889,3011,2937,2860,3011,2973,3051,3040,2943,2956,2986,2910,2984,2951,2958,2974,2960,3000,2964,2952,2911,2973,2996,2884,2932,3032,2764,2883,2925,2856,2906,2838,2876,2907,2879,2959,2941,2829,3016,2797,2871,2894,2767,2841,2910,2862,2835,2809,2847,2809,2787,2823,2833,2926,2734,2838,2818,2811,2827,2861,2798,2706,2787,2815,2806,2774,2771,2863,2791,2780,2722,2690,2756,2807,2727,2841,2814,2729,2727,2791,2679,2706,2712,2805,2707,2668,2612,2647,2585,2668,2599,2738,2680,2685,2503,2510,2571,2581,2650,2529,2593,2520,2600,2590,2435,2552,2508,2517,2527,2362,2498,2539,2476,2455,2483,2413,2404,2467,2457,2452,2465,2363,2477,2516,2480,2442,2437,2355,2415,2482,2330,2453,2400,2499,2477,2476,2475,2554,2320,2406,2528,2500,2504,2529,2532,2473,2432,2525,2358,2480,2550,2388,2337,2438,2454,2407,2378,2343,2316,2223,2321,2363,2232,2297,2266,2182,2234,2265,2251,2195,2030,2109,2017,2051,1982,1979,1969,1885,1884,1896,1773,1807,1748,1717,1689,1666,1658,1665,1630,1603,1516,1469,1493,1451,1404,1399,1365,1369,1326,1350,1281,1202,1200,1182,1162,1173,1124,1033,1070,1117,1046,994,1024,989,948,944,884,866,868,834,822,794,804,824,732,777,770,708,727,671,702,642,621,609,574,582,560,550,545,542,495,522,502,523,476,431,422,432,451,421,413,407,445,395,403,377,411,350,360,352,319,309,342,306,332,331,311,316,306,296,294,268,267,296,250,249,247,263,254,278,266,236,236,225,186,221,220,206,217,209,207,222,186,183,185,168,180,191,185,173,178,165,164,161,147,134,146,153,144,151,134,132,113,147,122,134,125,112,142,115,121,100,125,112,97,91,99,89,100,86,92,86,81,87,91,83,81,78,84,104,78,79,84,70,70,75,66,70,75,61,69,54,67,64,72,74,57,60,64,68,60,54,61,56,57,61,45,57,47,56,47,44,44,51,41,52,59,58,42,44,41,52,42,44,49,37,32,39,33,45,47,42,36,27,43,50,34,43,24,33,31,29,37,33,48,39,33,24,26,30,36,26,33,26,36,27,25,26,29,25,25,24,27,21,16,28,20,19,23,15,23,18,15,20,19,15,19,15,9,21,20,19,13,21,15,18,16,11,17,13,10,14,9,8,12,6,13,14,8,9,9,16,12,9,7,10,7,7,10,9,10,9,4,8,10,7,6,8,8,7,6,5,5,9,9,9,10,8,4,7,7,7,7,9,7,8,9,2,5,7,5,4,4,7,3,6,4,3,5,3,8,5,3,7,5,5,4,4,3,4,7,7,8,7,6,3,4,2,7,9,5,5,2,6,3,3,4,1,3,6,3,1,2,4,4,5,4,2,3,4,3,5,3,4,6,3,1,5,3,5,3,2,1,4,4,6,3,1,3,2,1,3,1,3,5,1,3,5,4,1,5,5,3,3,6,2,3,5,4,5,0,3,2,4,2,2,2,0,1,2,2,3,3,3,2,4,5,1,6,2,2,3,3,2,4,7,4,2,5,4,1,3,3,3,5,0,2,1,1,4,2,2,0,0,2,2,5,2,1,3,2,2,1,3,3,1,4,5,2,3,2,2,1,4,5,4,5,3,3,1,2,3,3,5,2,6,1,3,3,3,0,1,3,3,1,3,0,1,0,6,2,2,2,0,0,0,2,0,3,4,1,2,1,1,2,6,2,0,2,2,4,1,5,3,2,3,2,1,2,2,4,6,2,0,1,2,1,0,0,1,1,5,2,2,0,3,1,0,7,2,7,1,0,2,2,5,2,4,1,2,3,0,1,3,1,2,0,2,5,1,1,1,4,1,0,5,2,2,0,3,2,1,1,3,2,3,1,0,1,0,1,5,4,1,0,1,1,1,4,1,0,3,0,0,1,1,1,1,5,2,0,1,2,2,2,1,1,1,3,1,3,1,1,0,2,1,0,0,3,3,2,3,1,3,0,0,2,7,1,2,0,1,1,1,0,3,0,1,3,1,0,4,4,1,2,0,0,2,6,2,5,0,3,0,1,2,2,2,0,1,0,1,4,1,1,4,0,2,1,1,2,1,1,1,0,1,1,1,1,3,1,0,2,0,0,0,1,3,3,1,2,1,0,0,2,1,0,1,1,3,4,3,2,2,2,1,4,0,0,2,4,4,2,0,2,0,1,0,2,2,1,2,4,0,1,0,0,1,0,2,1,2,2,1,1,2,1,1,0,0,1,1,0,0,1,4,2,2,2,1,1,0,3,1,1,0,0,0,0,0,2,2,3,0,1,1,0,3,5,2,2,2,0,1,0,1,2,1,0,1,0,0,1,2,1,2,0,0,1,0,1,1,0,0,1,0,1,1,0,0,0,0,0,1,1,1,1,0,1,1,1,0,1,0,0,1,1,0,2,1,0,0,1,1,0,2,0,0,1,0,1,3,0,1,1,1,0,0,0,0,0,2,0,1,0,2,0,1,1,1,2,0,3,0,1,1,1,2,0,2,2,1,3,0,0,0,1,0,2,1,1,0,1,1,1,0,0,0,1,3,1,0,0,1,0,3,0,1,0,0,0,3,2,1,2,1,0,0,0,1,0,1,0,0,0,0,1,1,2,1,0,3,1,0,2,1,1,2,1,0,1,2,0,1,0,1,1,1,1,0,1,0,1,0,0,1,1,3,0,1,1,1,2,0,0,3,1,2,0,0,1,0,1,1,0,1,1,0,0,0,2,1,2,0,0,2,2,1,1,1,0,0,1,0,0,0,0,0,1,0,1,0,0,0,2,1,1,0,0,1,0,0,0,0,1,2,0,0,0,0,1,0,1,0,2,0,0,1,0,1,0,1,0,0,0,0,0,2,0,0,0,1,1,2,0,0,1,2,1,1,1,0,0,0,0,0,1,2,1,0,1,1,1,0,0,0,0,0,1,0,0,0,0,2,0,0,1,0,1,0,1,0,0,1,0,1,0,0,0,0,1,1,0,0,0,0,0,1,1,1,0,0,0,0,0,1,1,0,0,0,0,0,1,0,0,0,0,2,0,0,1,1,0,2,0,0,0,0,0,0,0,0,1,1,1,1,0,0,0,0,1,0,0,0,0,2,1,1,0,0,0,0,0,0,1,0,0,0,0,0,0,0,0,0,0,0,0,0,0,0,1,0,0,1,0,0,3,0,2,0,0,1,1,0,0,0,0,1,1,0,2,0,0,0,1,2,1,0,0,0,2,1,0,0,0,0,0,0,0,1,0,0,0,0,1,0,0,1,1,0,0,1,0,2,1,1,0,1,0,1,0,0,0,0,0,0,1,0,0,0,0,0,0,0,1,0,0,0,0,0,0,0,1,0,0,0,0,0,0,1,0,1,0,0,0,0,0,0,1,0],"2":[0,202,14,19,15,14,28,13,14,21,20,20,23,24,30,35,34,41,36,41,50,39,69,64,55,58,80,66,84,96,104,130,174,589,3057,17373,79534,262806,681151,1404875,2272453,3056552,3462514,3351115,2819239,2043368,1304005,781670,469177,314756,247731,210146,182555,161880,141303,126492,116238,115414,121973,136868,152488,164201,171050,175874,181736,190767,203997,218008,230938,237183,238901,239855,241699,246863,250983,254154,255696,261327,266409,275368,286903,301845,317391,332895,349650,371986,393821,416231,435513,453170,471968,496703,527357,562625,609351,662318,715609,756204,792195,813630,830231,837872,838564,838165,829960,814057,793454,772720,749120,724621,694456,662224,629826,599665,574390,554006,539639,529103,518866,510513,496268,478497,452845,427076,398934,370121,343015,317973,296240,275924,257129,241017,227129,214538,204178,195215,185470,176678,167916,158958,149437,140886,131819,124742,116762,109207,102596,95662,89947,84033,78758,74062,70066,65887,62463,59275,56367,53248,51179,48388,46421,44259,42847,40489,38994,37076,35791,34212,32837,31690,30572,29850,28540,27557,26457,25975,25337,24575,24182,23153,22720,21994,21910,21070,20589,20388,19810,19598,19307,18599,18485,18033,17619,17476,17046,16895,16345,15866,15901,15808,15334,14889,14774,14560,14310,14100,13594,13641,13378,13207,12787,12638,12620,12197,12090,12169,11964,11603,11472,11260,11210,11025,10868,10703,10416,10553,10303,10075,9967,9970,9728,9610,9598,9275,9147,8896,8989,8892,8840,8536,8698,8569,8362,8266,8233,8095,8139,7803,7845,7915,7846,7702,7596,7547,7370,7355,7278,7153,7115,7151,7103,7012,7017,6942,6885,6757,6816,6639,6609,6579,6502,6610,6539,6397,6281,6315,6334,6135,6231,6166,6243,6176,6149,5922,6023,6033,5749,5898,5849,5791,5596,5592,5616,5634,5686,5536,5382,5306,5303,5338,5379,5195,5246,5389,5216,5236,5178,5252,4983,5032,4997,5038,5021,5030,5080,4966,5013,5047,4940,4924,4821,4894,4831,4799,4810,4825,4947,4834,4850,4797,4844,4866,4804,4827,4737,4937,4851,4861,4714,4770,4767,4730,4554,4551,4793,4784,4559,4689,4702,4766,4619,4595,4576,4539,4616,4427,4610,4596,4497,4569,4447,4458,4538,4333,4480,4460,4330,4462,4404,4323,4343,4295,4370,4354,4301,4413,4252,4352,4258,4374,4299,4249,4299,4201,4331,4151,4210,4257,4151,4138,4211,4322,4191,4176,4109,4292,4169,4079,4161,4217,4157,4206,4147,4175,4147,4077,4095,4158,4012,4053,4122,3912,3969,4042,3961,3977,3902,3815,3894,3871,3906,3875,3862,3863,3950,3924,3789,3816,3773,3858,3756,3917,3856,3836,3859,3862,3713,3928,3828,3914,3921,3793,3893,3801,3947,4002,3849,3867,3782,3957,3719,3739,3833,3686,3711,3627,3606,3595,3541,3423,3453,3243,3165,3132,3112,2995,2845,2801,2688,2744,2482,2511,2399,2346,2317,2098,2133,2049,2091,1951,1821,1778,1795,1691,1695,1614,1575,1516,1459,1356,1280,1335,1296,1227,1122,1129,1065,1047,981,980,957,897,837,813,793,745,749,698,725,646,681,629,560,600,573,534,583,507,494,489,443,412,426,449,351,335,400,368,361,367,348,321,317,285,270,287,276,256,248,257,243,243,192,218,191,185,187,171,165,197,194,162,152,152,137,152,123,119,105,109,104,109,120,90,88,110,88,93,93,84,83,84,76,74,71,94,66,98,81,73,75,61,58,74,58,65,70,68,64,61,56,59,61,44,58,58,50,58,69,49,41,50,41,39,46,50,37,52,49,54,47,36,35,47,34,35,34,29,37,49,42,33,29,41,44,28,48,38,24,32,41,24,34,30,39,29,31,32,24,27,30,19,32,25,34,29,27,29,19,23,25,19,20,22,17,13,28,30,23,12,22,23,23,23,25,15,20,17,12,15,19,12,16,13,9,15,11,18,14,17,14,17,14,11,14,17,13,10,12,13,11,13,5,12,12,14,12,12,12,8,8,9,13,11,5,12,10,9,8,5,6,7,4,8,9,11,7,5,9,4,6,5,4,3,11,6,6,3,3,5,6,3,7,1,2,3,4,5,4,11,3,7,6,6,4,5,3,3,7,5,5,4,2,7,4,4,3,6,6,5,4,5,5,7,4,7,8,4,4,5,5,4,2,1,4,5,2,7,1,0,4,1,4,1,5,4,1,3,4,3,1,1,2,2,5,5,2,0,2,4,1,1,2,4,2,4,5,1,4,2,8,3,4,2,2,2,4,0,3,4,2,2,2,2,2,1,4,1,2,5,5,8,1,1,2,1,1,2,3,3,4,2,1,3,1,1,0,1,2,0,2,0,4,4,2,0,3,0,0,1,3,2,1,3,3,2,1,1,2,1,1,3,1,0,1,1,1,1,3,0,2,2,1,3,1,5,2,1,1,2,2,1,3,0,1,0,1,2,0,3,1,1,0,0,1,2,1,0,2,1,2,2,3,0,1,5,1,1,1,1,2,1,0,3,1,2,0,1,1,1,0,2,2,1,0,2,0,0,0,0,1,0,0,1,1,3,4,0,1,0,0,1,2,2,0,0,0,0,0,1,0,1,2,0,1,0,2,1,2,1,2,0,1,2,3,0,1,0,1,0,4,3,3,2,1,1,1,0,1,1,2,2,1,2,0,0,2,2,1,0,1,0,0,1,0,0,1,0,1,1,1,1,2,1,4,0,2,0,2,1,1,0,0,1,1,0,0,3,0,0,0,0,2,0,0,1,1,0,0,1,0,0,1,0,0,0,0,0,1,1,2,1,1,0,0,0,0,0,1,1,1,0,0,0,0,2,2,0,3,2,0,0,0,0,1,2,0,0,0,1,0,1,1,0,1,1,1,0,0,0,1,0,1,1,0,0,1,0,0,0,0,0,0,1,1,0,0,1,1,1,0,0,2,0,0,0,0,0,0,0,1,1,0,1,0,2,0,1,0,0,1,0,0,0,2,1,0,0,0,0,0,0,0,1,0,0,0,0,0,0,0,0,0,0,0,1,0,0,1,0,0,0,1,0,1,1,0,0,0,0,0,0,0,2,0,0,0,1,1,0,0,0,0,1,0,0,0,0,0,0,0,1,1,0,0,0,0,0,0,1,0,0,0,0,0,1,0,1,1,0,0,0,0,1,1,0,0,0,0,0,0,0,0,0,0,0,0,0,0,1,0,0,0,1,0,0,0,0,0,0,0,0,0,0,0,0,0,0,0,0,0,1,0,0,0,0,0,0,0,0,0,0,0,1,0,1,0,0,0,0,0,0,0,1,0,0,0,0,0,0,0,2,0,1,0,0,0,0,1,0,0,0,0,0,0,0,0,1,0,0,0,1,0,0,0,0,0,0,0,0,0,0,0,1,0,0,0,0,0,0,0,0,0,0,0,0,0,0,0,0,0,0,0,0,0,0,1,0,0,0,0,0,0,0,0,0,1,0,0,0,0,0,0,0,0,0,0,0,0,0,0,0,0,0,0,0,0,0,0,0,0,0,0,0,0,1,0,0,0,0,0,0,0,0,0,0,0,0,0,0,0,0,0,0,0,0,0,0,0,0,0,0,0,0,0,0,0,0,0,0,0,0,0,0,0,0,0,0,0,0,0,0,0,0,0,0,0,0,1,0,0,0,0,0,0,0,0,0,0,0,0,0,0,0,0,0,1,0,0,0,0,0,0,0,0,0,0,1,0,0,0,0,0,0,0,0,0,0,1,0,0,0,0,0,0,0,0,0,0,0,0,0,0,0,0,1,0,0,0,0,0,0,0,0,0,0,0,0,0,0,0,0,0,0,0,0,0,0,0,0,0,0,0,0,0,0,0,0,0,0,0,0,0,0,0,0,0,0,0,0,0,0,0,0,0,0,0,0,0,0,0,0,0,0,0,0,0,0,0,0,0,0,0,0,0,0,0,0,0,0,0,0,0,0,0,0,0,0,0,0,0,0,0,0,0,0,0,0,0,0,0,0,0,0,0,0,0,0,0,0,0,0,0,0,0,0,0,0,0,0,0,0,0,0,0,0,0,0,0,0,0,1,0,0,0,0,0,0,0,0,0,0,0,0,0,0,0,0,0,0,0,0,0,0,0,0,0,1,0,0,0,0,0,0,0,0,0,0,0,0,1,0,0,0,0,0,0,1,0,0,0,0,0,0,0,0,0,0,0,0,0,0,0,0,0,0,0,0,0,0,0,0,0,0,0,0,0,0,0,0,0,0,0,1,0,0,0,0,0,0,0,0,0,0,0,0,0,0,0,0,0,0,0,0,0,0,1,0,0,0,0,0,0,0,0,0,0,0,0,0,0,0,0,0,0,0,0,1,0,0,0,0,0,0,0,0,0,0,0,0,0,0,0,0,0,0,0,0,0,0,0,0,0,0,0,0,0,0,0,0,0,0,0,0,0,0,0,0,0,0,0,0,0,0,0,0,0,0,0,0,0,0,1,0,0,0,0,0,0,0,0,0,0,0,0,0,0,0,0,0,0,0,0,0,0,0,0,0,0,0,0,0,0,0,0,0,0,0,0,0,0,0,0,0,0,0,0,0,0,0,0,0,0,0,0,0,0,1,0,0,0,0,0,0,0,0,0,0,0,0,0,0,0,0,0,0,0,0,0,0,0,0,0,0,0,0,0,0,0,0,0,0,0,0,0,0,0,0,0,0,0,0,0,0,0,0,0,0,0,0,0,0,0,0,0,0,0,0,0,0,0,0,0,0,0,0,0,0,0,0,0,0,0,0,0,0,0,0,0,0,0,0,0,0,0,0,0,0,1,0,0,0,0,0,0,0,0,0,0,0,0,0,0,0,0,0,0,0,0,0,0,0,0,0,0,0,1,0,0,0,0,0,0,0,0,0,0,0,0,0,0,0,0,0,0,0,0,0,0,1,0,0,0,0,0,0,0,0,0,0,0,0,0,0,0,0,0,1,0,0,0,0,0,0,0,0,0,0,0,0,0,0,0,0,0,0,0,1,0,0,0,0,0,0,0,0,0,0,0,0,0,0,0,0,0,0,0,0],"3":[0,2945,119,125,157,134,140,173,177,171,175,176,208,212,232,237,219,250,280,283,277,309,319,340,381,377,430,473,662,1630,7975,45139,225494,751317,1666281,2749918,3635922,3936687,3690050,3083181,2222781,1403650,918846,682224,588679,548951,526487,510248,499976,497567,515185,552085,601063,660110,706034,729463,727548,700941,664549,621151,577191,528741,480264,433202,393863,359008,331771,310794,292835,279834,271040,265574,258251,249637,238594,224327,210745,195834,183278,170905,159245,149037,137934,128252,118059,108456,99264,91247,84411,77727,73519,69555,66337,62557,60849,58866,57181,55478,53795,53128,51179,49402,48076,46250,45333,43793,42500,41449,40550,39977,39556,38864,38211,37661,37082,36763,36194,35769,34819,34612,33912,33263,32454,31493,30750,30043,29174,28132,27369,26738,26201,25720,25455,24564,24462,24172,24158,23379,23373,23118,22777,22611,22303,22170,21941,21578,21496,21282,21201,21251,20689,20160,20414,20010,19885,20050,19722,19869,19437,19175,19556,19262,18871,19067,18730,18811,18610,18777,18545,18124,18311,18112,17945,17881,17862,17269,17484,17352,17200,16861,17042,16914,16645,16566,16556,16365,15879,16129,15842,15764,15461,15351,15111,14996,14887,14862,14498,14723,14405,14432,14414,14193,14335,14209,14061,14178,14200,14432,14117,14231,14420,14124,14066,13818,14283,14314,14187,14537,14336,14340,14216,14396,14401,14491,14520,14735,14944,15021,15173,15025,15062,15218,15111,15346,15616,15759,15715,16082,16142,16271,16690,16651,17022,17123,17317,17411,17659,17775,18025,18199,18659,18867,19146,19277,19866,20277,20491,21048,21158,21752,22143,22293,22697,23052,23170,23270,23804,24241,23611,23698,24092,24361,24505,24543,24494,24844,24698,25070,25056,25025,25215,25496,25742,25980,25978,25920,25841,26503,26484,26495,27119,27217,27455,27858,27778,28268,28688,28772,29408,29778,29719,30565,30556,30955,31635,31607,32248,33150,33298,33989,34132,34755,35097,35606,36291,36803,37044,37867,37853,38468,39485,39569,39723,40745,41046,41375,41741,42497,42847,43422,43911,43988,44658,44980,45510,46033,46439,46641,47019,47329,47928,48011,48395,48516,49200,49194,49767,49510,50447,50561,50162,50746,51029,51260,50997,51082,50937,50806,51181,51169,51419,51125,51171,51363,51344,50973,51443,50966,51543,51091,50899,50757,50376,50602,50519,50476,50086,50244,49681,50101,49870,49947,49954,49350,49614,49636,49069,49138,48819,48694,48483,48559,48505,48295,48097,47651,47924,47106,47603,47320,47026,46867,46637,46669,45981,45653,45571,45502,45349,45362,44649,44702,44802,43881,43984,43606,43355,43610,43017,42919,42742,42473,42249,41837,41924,41762,41801,41189,41030,40818,40556,40421,40288,40003,39730,39865,39365,39554,39196,39141,38786,38636,38420,38297,38041,38001,37633,37737,37615,37489,37394,37368,36939,36748,37017,36736,36374,36514,36634,36321,35969,36025,36140,36024,35710,35805,35423,35650,35066,35267,35080,34874,34792,34614,34727,34705,34496,34302,34466,34168,34139,33966,33757,34030,33775,33721,33736,33602,33254,33653,33072,33087,33205,33182,32868,32794,32651,32671,32758,32486,32299,32438,32148,32290,32460,31946,31985,31820,32093,31545,31856,31868,31254,31356,31147,31009,31389,31165,31226,31048,31054,30976,31189,30774,30657,30843,30582,30742,30929,30563,30552,30665,30690,30205,30493,30583,30427,30365,30331,30042,30142,30302,30175,30195,29661,29785,29988,29778,30001,29553,29763,29868,29584,29221,29569,29505,29427,29420,29521,29293,28883,28875,28968,29318,28960,29163,29182,28991,28931,28707,28674,28951,28549,28492,28415,28187,28345,27978,28561,28070,28061,28067,27677,28234,27636,27876,27499,27500,27531,27658,27356,27363,27309,27399,27334,26910,26652,26662,26956,26638,26690,26230,26440,26449,26173,26142,26055,25791,25682,25890,25653,25334,25304,25610,25012,25153,25081,24645,24930,24582,24701,24564,24216,24315,24127,24048,23716,23687,23657,23635,23615,23454,23223,23310,23076,22823,22872,22739,22550,22668,22178,22311,22296,22284,21953,21982,21653,21565,21550,21444,21180,20973,21074,20981,20758,21027,20475,20172,20213,20220,20158,20161,20064,19999,19756,19565,19683,19267,19063,19205,19082,19026,18813,18567,18597,18441,18304,18195,17991,18083,17795,17781,17753,17490,17159,17060,17244,16975,16935,16761,16731,16572,16313,16327,16262,16207,16167,15692,15717,15691,15658,15444,15394,15136,15087,14861,14811,14790,14721,14660,14239,14212,14047,14306,13953,13727,13493,13711,13583,13570,13367,13276,12949,12976,13087,12804,12795,12853,12460,12658,12009,12234,12056,12054,11956,11893,11786,11647,11534,11416,11427,11385,11191,11165,10990,10909,11043,10781,10812,10619,10569,10414,10241,10432,10202,10151,9930,10006,9898,9776,9860,9738,9559,9576,9335,9176,9140,9147,9101,9109,8871,8674,8718,8667,8602,8735,8442,8692,8387,8422,8209,8139,8149,8099,8108,8097,7863,7792,7830,7703,7658,7454,7518,7461,7276,7201,7382,7302,7263,7150,7143,7068,6955,6874,6846,6772,6906,6835,6891,6777,6611,6497,6584,6602,6306,6478,6417,6227,6220,6181,6147,6148,6025,5864,5966,5951,6018,5782,5781,5663,5879,5776,5539,5793,5596,5426,5353,5579,5499,5409,5328,5354,5331,5211,5122,5075,5120,5186,5045,4931,5053,5072,5133,4871,4838,4877,4898,4908,4775,4631,4766,4721,4733,4795,4544,4599,4591,4610,4595,4419,4618,4490,4528,4416,4325,4427,4416,4345,4352,4377,4367,4312,4266,4366,4339,4274,4239,4036,4142,4270,4234,4127,4146,4131,4075,4038,4151,4040,3911,4107,4091,3954,3984,4063,3937,3850,3950,3994,3890,3831,3755,3838,3820,3845,3727,3874,3647,3692,3729,3588,3764,3618,3449,3605,3531,3629,3611,3418,3393,3399,3420,3321,3258,3220,3221,3211,3161,3140,3181,3109,3098,2941,2994,2991,2888,2870,2831,2714,2738,2780,2720,2621,2523,2591,2593,2552,2391,2491,2422,2424,2356,2357,2251,2278,2201,2176,2186,2115,2173,2139,1996,2086,1972,2020,1942,1839,1895,1960,1793,1871,1853,1864,1760,1815,1791,1673,1710,1685,1613,1583,1581,1606,1600,1470,1515,1438,1516,1455,1433,1394,1402,1427,1401,1343,1302,1295,1260,1298,1263,1261,1204,1257,1221,1187,1157,1142,1109,1047,1164,1117,1043,1034,1046,977,1048,1034,1012,963,964,944,934,869,903,868,842,837,862,841,786,815,832,785,832,769,766,755,733,750,729,696,706,686,666,676,654,636,672,641,665,670,643,604,562,555,603,581,587,566,558,520,537,510,530,542,479,508,517,493,479,442,413,430,433,437,418,434,452,435,430,377,396,397,420,372,380,377,345,373,366,392,353,324,333,322,313,312,315,331,336,328,289,326,270,304,310,266,280,298,287,268,287,277,262,239,274,294,231,244,230,250,228,222,252,211,249,217,237,204,212,222,220,218,201,204,188,176,190,195,186,168,204,154,169,191,176,149,164,170,167,147,145,156,161,161,150,151,160,132,142,120,150,143,146,127,139,131,117,117,136,138,138,140,110,108,117,118,121,98,114,98,99,102,105,93,108,108,98,108,117,108,111,99,94,101,85,88,93,97,80,87,105,81,86,93,106,87,98,70,94,92,88,75,88,87,88,86,77,66,64,69,76,81,67,72,87,67,64,69,61,65,69,78,59,75,62,72,66,70,73,54,55,57,62,80,63,46,56,71,62,50,55,72,54,60,60,58,58,53,52,60,53,52,50,49,48,53,68,50,56,50,42,56,51,50,51,51,45,47,42,40,37,49,40,43,40,37,44,41,37,38,39,30,36,28,26,35,32,31,36,32,35,32,38,37,36,30,29,43,31,34,36,33,30,30,30,23,26,26,26,29,30,24,22,21,22,18,25,22,28,35,30,24,21,26,27,33,21,27,19,18,18,23,20,22,25,23,24,18,16,21,14,13,22,18,20,17,16,19,20,13,20,20,17,13,19,16,16,20,21,15,23,20,14,20,9,15,8,19,12,19,7,10,20,17,17,13,14,10,18,14,14,14,13,10,13,12,17,11,12,8,10,8,13,11,11,19,10,13,9,9,11,5,8,13,12,10,6,10,7,11,9,9,9,9,10,5,5,11,6,10,3,9,12,5,4,4,11,4,5,12,6,13,4,8,7,5,8,4,11,6,8,9,10,4,7,7,11,6,5,8,9,8,6,6,7,3,3,8,8,6,6,8,3,4,2,8,5,5,4,7,7,4,4,5,3,6,4,6,6,3,7,6,2,5,6,3,3,6,6,3,4,8,3,2,3,3,4,5,3,6,3,4,5,4,2,3,4,8,5,4,4,8,5,3,3,2,3,4,6,3,3,4,2,4,3,4,5,2,3,2,5,2,5,2,2,1,1,7,4,2,7,2,2,1,0,4,4,3,2,4,5,7,4,3,6,3,4,2,3,7,4,6,1,2,2,2,3,3,3,4,2,3,4,4,1,2,4,1,2,1,4,1,2,5,2,3,0,5,2,4,3,2,0,5,1,2,1,0,0,0,1,0,0,3,1,0,1,2,0,1,0,1,3,3,1,1,3,1,2,1,0,0,1,4,3,1,1,3,0,1,3,1,4,0,0,0,2,0,0,2,1,1,2,0,0,2,2,2,1,0,2,3,1,1,1,4,1,4,1,2,0,2,0,3,1,0,3,2,3,3,3,2,2,3,0,2,1,2,2,0,0,1,4,4,1,0,1,3,2,0,1,0,1,1,0,0,2,0,0,1,0,1,1,0,0,0,1,1,0,0,1,1,2,1,2,1,1,0,1,2,0,2,0,1,2,0,1,2,0,3,0,4,2,1,1,1,0,0,1,0,0,1,1,1,1,3,0,2,3,1,0,0,0,1,0,1,1,1,1,0,1,1,2,1,1,0,1,0,1,2,1,2,0,0,0,0,1,1,2,1,0,0,0,0,1,1,1,1,0,1,0,0,1,0,1,0,0,0,0,1,0,0,0,0,0,3,1,2,0,1,0,1,0,0,3,1,2,0,0,0,1,2,1,1,0,1,1,2,0,0,2,0,0,0,0,0,0,0,0,0,0,0,4,0,0,1,1,0,0,1,1,0,1,0,1,0,0,0,2,1,1,2,2,0,0,0,0,0,0,2,0,0,0,1,0,0,1,0,0,1,0,0,2,1,1,0,0,0,1,0,0,0,1,0,0,1,0,0,3,4,0,0,0,1,0,1,1,0,0,2,0,1,0,0,0,0,1,0,0,1,0,0,1,0,0,0,3,0,0,1,0,1,0,0,0,0,1,0,0,0,0,0,0,1,0,0,0,0,1,0,0,0,2,0,0,0,1,1,1,0,0,1,0,0,0,0,0,1,0,1,0,0,1,1,0,0,0,1,0,0,1,0,1,0,0,0,0,0,1,0,0,1,0,0,0,0,0,0,0,1,0,1,0,1,1,1,0,0,0,0,0,0,0,0,1,1,1,0,0,0,0,1,0,0,0,0,1,0]},"lowValue":[0.0,0.0,0.0,0.0],"highValue":[2048.0,2048.0,2048.0,2048.0],"numBands":4,"numBins":[2048,2048,2048,2048]},"sensorMetadata":{"version":"v1.0","sensorName":"GE01_MULTI","numBands":4,"bandAliases":["B","G","R","N"],"weightedBandCenters":[484.52,547.87,675.2,836.52],"eSun":[1993.18,1828.83,1491.49,1022.58],"absoluteCalibrationGains":[1.059,1.001,1.009,1.011],"absoluteCalibrationOffsets":[-6.59,-4.352,-3.222,-4.085]},"imageAssociations":null,"rrdMetadata":{"reducedResolutionDataset":[{"sourceImage":"0cc170a1-c2a4-4e16-86a0-ebb9e9a93c63","targetImage":"3b2350bc-a908-4527-9a28-78de510a495c","inverseScaleFactor":2.0},{"sourceImage":"3b2350bc-a908-4527-9a28-78de510a495c","targetImage":"4485c5ad-fac3-41f7-9201-780485606a02","inverseScaleFactor":2.0},{"sourceImage":"4485c5ad-fac3-41f7-9201-780485606a02","targetImage":"06b7018e-5419-4ebd-96b0-9e9fe0feb1c2","inverseScaleFactor":2.0},{"sourceImage":"06b7018e-5419-4ebd-96b0-9e9fe0feb1c2","targetImage":"74e4696b-c033-4fd2-a4f5-31ce57b1a4d7","inverseScaleFactor":2.0},{"sourceImage":"74e4696b-c033-4fd2-a4f5-31ce57b1a4d7","targetImage":"c78b60ff-07bc-421c-adae-5f7c73132e58","inverseScaleFactor":2.0}]}}'}
    headers:
      access-control-allow-headers: ['x-requested-with, X-Auth-Token, Content-Type,
          Authorization']
      access-control-allow-methods: ['GET, OPTIONS, HEAD, PUT, POST, DELETE']
      access-control-allow-origin: ['*']
      access-control-max-age: ['3600']
      connection: [keep-alive]
      content-type: [application/json;charset=UTF-8]
      date: ['Tue, 17 Oct 2017 02:46:18 GMT']
    status: {code: 200, message: ''}
version: 1
